2025-05-03 16:13:48,915 - INFO - IA: Raquette IA initialisée à la position (565, 195)
2025-05-03 16:13:48,916 - INFO - Jeu initialisé avec succès
2025-05-03 16:13:48,919 - INFO - Taille de l'écran: 600x480
2025-05-03 16:13:48,920 - INFO - Position initiale raquette gauche: <rect(20, 195, 15, 90)>
2025-05-03 16:13:48,921 - INFO - Position initiale raquette droite: <rect(565, 195, 15, 90)>
2025-05-03 16:13:48,922 - INFO - Position initiale balle: <rect(293, 233, 15, 15)>
2025-05-03 16:13:48,924 - INFO - IA: Raquette droite déplacée de 195 à 188
2025-05-03 16:13:48,945 - INFO - IA: Raquette droite déplacée de 188 à 195
2025-05-03 16:13:48,965 - INFO - IA: Raquette droite déplacée de 195 à 202
2025-05-03 16:13:48,984 - INFO - IA: Raquette droite déplacée de 202 à 209
2025-05-03 16:13:49,005 - INFO - IA: Raquette droite déplacée de 209 à 202
2025-05-03 16:13:49,023 - INFO - IA: Raquette droite déplacée de 202 à 209
2025-05-03 16:13:49,043 - INFO - IA: Raquette droite déplacée de 209 à 202
2025-05-03 16:13:49,061 - INFO - IA: Raquette droite déplacée de 202 à 209
2025-05-03 16:13:49,080 - INFO - IA: Raquette droite déplacée de 209 à 216
2025-05-03 16:13:49,098 - INFO - IA: Raquette droite déplacée de 216 à 223
2025-05-03 16:13:49,116 - INFO - IA: Raquette droite déplacée de 223 à 230
2025-05-03 16:13:49,134 - INFO - IA: Raquette droite déplacée de 230 à 237
2025-05-03 16:13:49,151 - INFO - IA: Raquette droite déplacée de 237 à 244
2025-05-03 16:13:49,169 - INFO - IA: Raquette droite déplacée de 244 à 251
2025-05-03 16:13:49,186 - INFO - IA: Raquette droite déplacée de 251 à 244
2025-05-03 16:13:49,205 - INFO - IA: Raquette droite déplacée de 244 à 251
2025-05-03 16:13:49,226 - INFO - IA: Raquette droite déplacée de 251 à 258
2025-05-03 16:13:49,245 - INFO - IA: Raquette droite déplacée de 258 à 265
2025-05-03 16:13:49,265 - INFO - IA: Raquette droite déplacée de 265 à 272
2025-05-03 16:13:49,284 - INFO - IA: Raquette droite déplacée de 272 à 279
2025-05-03 16:13:49,304 - INFO - IA: Raquette droite déplacée de 279 à 286
2025-05-03 16:13:49,325 - INFO - IA: Raquette droite déplacée de 286 à 293
2025-05-03 16:13:49,343 - INFO - IA: Raquette droite déplacée de 293 à 300
2025-05-03 16:13:49,361 - INFO - IA: Raquette droite déplacée de 300 à 307
2025-05-03 16:13:49,379 - INFO - IA: Raquette droite déplacée de 307 à 314
2025-05-03 16:13:49,396 - INFO - IA: Raquette droite déplacée de 314 à 307
2025-05-03 16:13:49,414 - INFO - IA: Raquette droite déplacée de 307 à 314
2025-05-03 16:13:49,432 - INFO - IA: Raquette droite déplacée de 314 à 321
2025-05-03 16:13:49,449 - INFO - IA: Raquette droite déplacée de 321 à 314
2025-05-03 16:13:49,467 - INFO - IA: Raquette droite déplacée de 314 à 307
2025-05-03 16:13:49,485 - INFO - IA: Raquette droite déplacée de 307 à 314
2025-05-03 16:13:49,503 - INFO - IA: Raquette droite déplacée de 314 à 321
2025-05-03 16:13:49,524 - INFO - IA: Raquette droite déplacée de 321 à 328
2025-05-03 16:13:49,543 - INFO - IA: Raquette droite déplacée de 328 à 335
2025-05-03 16:13:49,561 - INFO - IA: Raquette droite déplacée de 335 à 342
2025-05-03 16:13:49,578 - INFO - IA: Raquette droite déplacée de 342 à 349
2025-05-03 16:13:49,596 - INFO - IA: Raquette droite déplacée de 349 à 342
2025-05-03 16:13:49,613 - INFO - IA: Raquette droite déplacée de 342 à 349
2025-05-03 16:13:49,630 - INFO - IA: Raquette droite déplacée de 349 à 356
2025-05-03 16:13:49,648 - INFO - IA: Raquette droite déplacée de 356 à 363
2025-05-03 16:13:49,665 - INFO - IA: Raquette droite déplacée de 363 à 370
2025-05-03 16:13:49,682 - INFO - IA: Raquette droite déplacée de 370 à 377
2025-05-03 16:13:49,701 - INFO - IA: Raquette droite déplacée de 377 à 384
2025-05-03 16:13:49,719 - INFO - IA: Raquette droite déplacée de 384 à 390
2025-05-03 16:13:49,774 - INFO - COLLISION: Balle a rebondi sur un mur à la position (528, 468)
2025-05-03 16:13:49,862 - INFO - COLLISION: Balle a rebondi sur une raquette à la position (553, 443)
2025-05-03 16:13:49,896 - INFO - IA: Raquette droite déplacée de 390 à 383
2025-05-03 16:13:49,913 - INFO - IA: Raquette droite déplacée de 383 à 390
2025-05-03 16:13:49,947 - INFO - IA: Raquette droite déplacée de 390 à 383
2025-05-03 16:13:49,965 - INFO - IA: Raquette droite déplacée de 383 à 376
2025-05-03 16:13:49,983 - INFO - IA: Raquette droite déplacée de 376 à 383
2025-05-03 16:13:50,001 - INFO - IA: Raquette droite déplacée de 383 à 390
2025-05-03 16:13:50,020 - INFO - IA: Raquette droite déplacée de 390 à 383
2025-05-03 16:13:50,038 - INFO - IA: Raquette droite déplacée de 383 à 376
2025-05-03 16:13:50,055 - INFO - IA: Raquette droite déplacée de 376 à 369
2025-05-03 16:13:50,073 - INFO - IA: Raquette droite déplacée de 369 à 362
2025-05-03 16:13:50,092 - INFO - INPUT: Joueur appuie sur la touche BAS
2025-05-03 16:13:50,093 - INFO - JOUEUR: Raquette gauche déplacée de 195 à 202
2025-05-03 16:13:50,093 - INFO - IA: Raquette droite déplacée de 362 à 355
2025-05-03 16:13:50,111 - INFO - JOUEUR: Raquette gauche déplacée de 202 à 209
2025-05-03 16:13:50,112 - INFO - IA: Raquette droite déplacée de 355 à 348
2025-05-03 16:13:50,129 - INFO - JOUEUR: Raquette gauche déplacée de 209 à 216
2025-05-03 16:13:50,130 - INFO - IA: Raquette droite déplacée de 348 à 341
2025-05-03 16:13:50,148 - INFO - INPUT: Joueur relâche les touches directionnelles
2025-05-03 16:13:50,149 - INFO - IA: Raquette droite déplacée de 341 à 334
2025-05-03 16:13:50,167 - INFO - IA: Raquette droite déplacée de 334 à 327
2025-05-03 16:13:50,185 - INFO - IA: Raquette droite déplacée de 327 à 320
2025-05-03 16:13:50,204 - INFO - IA: Raquette droite déplacée de 320 à 327
2025-05-03 16:13:50,222 - INFO - IA: Raquette droite déplacée de 327 à 320
2025-05-03 16:13:50,241 - INFO - IA: Raquette droite déplacée de 320 à 313
2025-05-03 16:13:50,259 - INFO - IA: Raquette droite déplacée de 313 à 306
2025-05-03 16:13:50,279 - INFO - IA: Raquette droite déplacée de 306 à 313
2025-05-03 16:13:50,297 - INFO - IA: Raquette droite déplacée de 313 à 306
2025-05-03 16:13:50,317 - INFO - IA: Raquette droite déplacée de 306 à 299
2025-05-03 16:13:50,335 - INFO - IA: Raquette droite déplacée de 299 à 292
2025-05-03 16:13:50,354 - INFO - IA: Raquette droite déplacée de 292 à 285
2025-05-03 16:13:50,375 - INFO - IA: Raquette droite déplacée de 285 à 278
2025-05-03 16:13:50,393 - INFO - INPUT: Joueur appuie sur la touche HAUT
2025-05-03 16:13:50,394 - INFO - JOUEUR: Raquette gauche déplacée de 216 à 209
2025-05-03 16:13:50,394 - INFO - IA: Raquette droite déplacée de 278 à 271
2025-05-03 16:13:50,412 - INFO - JOUEUR: Raquette gauche déplacée de 209 à 202
2025-05-03 16:13:50,412 - INFO - IA: Raquette droite déplacée de 271 à 264
2025-05-03 16:13:50,430 - INFO - JOUEUR: Raquette gauche déplacée de 202 à 195
2025-05-03 16:13:50,430 - INFO - IA: Raquette droite déplacée de 264 à 271
2025-05-03 16:13:50,448 - INFO - JOUEUR: Raquette gauche déplacée de 195 à 188
2025-05-03 16:13:50,448 - INFO - IA: Raquette droite déplacée de 271 à 264
2025-05-03 16:13:50,466 - INFO - JOUEUR: Raquette gauche déplacée de 188 à 181
2025-05-03 16:13:50,466 - INFO - IA: Raquette droite déplacée de 264 à 257
2025-05-03 16:13:50,485 - INFO - JOUEUR: Raquette gauche déplacée de 181 à 174
2025-05-03 16:13:50,485 - INFO - IA: Raquette droite déplacée de 257 à 250
2025-05-03 16:13:50,504 - INFO - JOUEUR: Raquette gauche déplacée de 174 à 167
2025-05-03 16:13:50,505 - INFO - IA: Raquette droite déplacée de 250 à 243
2025-05-03 16:13:50,524 - INFO - JOUEUR: Raquette gauche déplacée de 167 à 160
2025-05-03 16:13:50,525 - INFO - IA: Raquette droite déplacée de 243 à 236
2025-05-03 16:13:50,543 - INFO - JOUEUR: Raquette gauche déplacée de 160 à 153
2025-05-03 16:13:50,544 - INFO - IA: Raquette droite déplacée de 236 à 229
2025-05-03 16:13:50,561 - INFO - JOUEUR: Raquette gauche déplacée de 153 à 146
2025-05-03 16:13:50,562 - INFO - IA: Raquette droite déplacée de 229 à 222
2025-05-03 16:13:50,581 - INFO - JOUEUR: Raquette gauche déplacée de 146 à 139
2025-05-03 16:13:50,581 - INFO - IA: Raquette droite déplacée de 222 à 215
2025-05-03 16:13:50,599 - INFO - JOUEUR: Raquette gauche déplacée de 139 à 132
2025-05-03 16:13:50,599 - INFO - IA: Raquette droite déplacée de 215 à 208
2025-05-03 16:13:50,616 - INFO - JOUEUR: Raquette gauche déplacée de 132 à 125
2025-05-03 16:13:50,617 - INFO - IA: Raquette droite déplacée de 208 à 201
2025-05-03 16:13:50,634 - INFO - JOUEUR: Raquette gauche déplacée de 125 à 118
2025-05-03 16:13:50,635 - INFO - IA: Raquette droite déplacée de 201 à 208
2025-05-03 16:13:50,653 - INFO - JOUEUR: Raquette gauche déplacée de 118 à 111
2025-05-03 16:13:50,654 - INFO - IA: Raquette droite déplacée de 208 à 215
2025-05-03 16:13:50,673 - INFO - INPUT: Joueur relâche les touches directionnelles
2025-05-03 16:13:50,673 - INFO - IA: Raquette droite déplacée de 215 à 222
2025-05-03 16:13:50,691 - INFO - IA: Raquette droite déplacée de 222 à 215
2025-05-03 16:13:50,708 - INFO - IA: Raquette droite déplacée de 215 à 208
2025-05-03 16:13:50,726 - INFO - IA: Raquette droite déplacée de 208 à 201
2025-05-03 16:13:50,744 - INFO - IA: Raquette droite déplacée de 201 à 194
2025-05-03 16:13:50,762 - INFO - IA: Raquette droite déplacée de 194 à 187
2025-05-03 16:13:50,779 - INFO - IA: Raquette droite déplacée de 187 à 180
2025-05-03 16:13:50,798 - INFO - IA: Raquette droite déplacée de 180 à 173
2025-05-03 16:13:50,816 - INFO - IA: Raquette droite déplacée de 173 à 166
2025-05-03 16:13:50,833 - INFO - IA: Raquette droite déplacée de 166 à 159
2025-05-03 16:13:50,852 - INFO - IA: Raquette droite déplacée de 159 à 152
2025-05-03 16:13:50,870 - INFO - IA: Raquette droite déplacée de 152 à 159
2025-05-03 16:13:50,888 - INFO - IA: Raquette droite déplacée de 159 à 152
2025-05-03 16:13:50,906 - INFO - IA: Raquette droite déplacée de 152 à 145
2025-05-03 16:13:50,923 - INFO - IA: Raquette droite déplacée de 145 à 138
2025-05-03 16:13:50,940 - INFO - IA: Raquette droite déplacée de 138 à 131
2025-05-03 16:13:50,957 - INFO - IA: Raquette droite déplacée de 131 à 124
2025-05-03 16:13:50,975 - INFO - IA: Raquette droite déplacée de 124 à 131
2025-05-03 16:13:50,993 - INFO - IA: Raquette droite déplacée de 131 à 124
2025-05-03 16:13:51,011 - INFO - IA: Raquette droite déplacée de 124 à 117
2025-05-03 16:13:51,029 - INFO - IA: Raquette droite déplacée de 117 à 110
2025-05-03 16:13:51,047 - INFO - INPUT: Joueur appuie sur la touche HAUT
2025-05-03 16:13:51,047 - INFO - JOUEUR: Raquette gauche déplacée de 111 à 104
2025-05-03 16:13:51,048 - INFO - IA: Raquette droite déplacée de 110 à 103
2025-05-03 16:13:51,067 - INFO - JOUEUR: Raquette gauche déplacée de 104 à 97
2025-05-03 16:13:51,067 - INFO - IA: Raquette droite déplacée de 103 à 96
2025-05-03 16:13:51,085 - INFO - JOUEUR: Raquette gauche déplacée de 97 à 90
2025-05-03 16:13:51,086 - INFO - IA: Raquette droite déplacée de 96 à 103
2025-05-03 16:13:51,103 - INFO - JOUEUR: Raquette gauche déplacée de 90 à 83
2025-05-03 16:13:51,104 - INFO - IA: Raquette droite déplacée de 103 à 96
2025-05-03 16:13:51,123 - INFO - JOUEUR: Raquette gauche déplacée de 83 à 76
2025-05-03 16:13:51,123 - INFO - IA: Raquette droite déplacée de 96 à 89
2025-05-03 16:13:51,140 - INFO - JOUEUR: Raquette gauche déplacée de 76 à 69
2025-05-03 16:13:51,141 - INFO - IA: Raquette droite déplacée de 89 à 82
2025-05-03 16:13:51,158 - INFO - JOUEUR: Raquette gauche déplacée de 69 à 62
2025-05-03 16:13:51,159 - INFO - IA: Raquette droite déplacée de 82 à 75
2025-05-03 16:13:51,177 - INFO - JOUEUR: Raquette gauche déplacée de 62 à 55
2025-05-03 16:13:51,177 - INFO - IA: Raquette droite déplacée de 75 à 68
2025-05-03 16:13:51,194 - INFO - INPUT: Joueur relâche les touches directionnelles
2025-05-03 16:13:51,195 - INFO - IA: Raquette droite déplacée de 68 à 61
2025-05-03 16:13:51,213 - INFO - IA: Raquette droite déplacée de 61 à 54
2025-05-03 16:13:51,230 - INFO - IA: Raquette droite déplacée de 54 à 61
2025-05-03 16:13:51,248 - INFO - IA: Raquette droite déplacée de 61 à 54
2025-05-03 16:13:51,267 - INFO - IA: Raquette droite déplacée de 54 à 47
2025-05-03 16:13:51,284 - INFO - IA: Raquette droite déplacée de 47 à 40
2025-05-03 16:13:51,303 - INFO - IA: Raquette droite déplacée de 40 à 33
2025-05-03 16:13:51,324 - INFO - IA: Raquette droite déplacée de 33 à 26
2025-05-03 16:13:51,343 - INFO - IA: Raquette droite déplacée de 26 à 19
2025-05-03 16:13:51,361 - INFO - IA: Raquette droite déplacée de 19 à 12
2025-05-03 16:13:51,379 - INFO - IA: Raquette droite déplacée de 12 à 5
2025-05-03 16:13:51,397 - INFO - IA: Raquette droite déplacée de 5 à 0
2025-05-03 16:13:51,433 - INFO - INPUT: Joueur appuie sur la touche HAUT
2025-05-03 16:13:51,433 - INFO - JOUEUR: Raquette gauche déplacée de 55 à 48
2025-05-03 16:13:51,451 - INFO - JOUEUR: Raquette gauche déplacée de 48 à 41
2025-05-03 16:13:51,469 - INFO - JOUEUR: Raquette gauche déplacée de 41 à 34
2025-05-03 16:13:51,487 - INFO - JOUEUR: Raquette gauche déplacée de 34 à 27
2025-05-03 16:13:51,488 - INFO - COLLISION: Balle a rebondi sur un mur à la position (108, -2)
2025-05-03 16:13:51,506 - INFO - JOUEUR: Raquette gauche déplacée de 27 à 20
2025-05-03 16:13:51,523 - INFO - JOUEUR: Raquette gauche déplacée de 20 à 13
2025-05-03 16:13:51,541 - INFO - INPUT: Joueur relâche les touches directionnelles
2025-05-03 16:13:51,592 - INFO - IA: Raquette droite déplacée de 0 à 7
2025-05-03 16:13:51,611 - INFO - IA: Raquette droite déplacée de 7 à 0
2025-05-03 16:13:51,681 - INFO - IA: Raquette droite déplacée de 0 à 7
2025-05-03 16:13:51,698 - INFO - IA: Raquette droite déplacée de 7 à 14
2025-05-03 16:13:51,716 - INFO - IA: Raquette droite déplacée de 14 à 7
2025-05-03 16:13:51,734 - INFO - IA: Raquette droite déplacée de 7 à 14
2025-05-03 16:13:51,752 - INFO - IA: Raquette droite déplacée de 14 à 21
2025-05-03 16:13:51,753 - INFO - COLLISION: Balle a rebondi sur une raquette à la position (33, 73)
2025-05-03 16:13:51,770 - INFO - IA: Raquette droite déplacée de 21 à 28
2025-05-03 16:13:51,788 - INFO - IA: Raquette droite déplacée de 28 à 35
2025-05-03 16:13:51,806 - INFO - IA: Raquette droite déplacée de 35 à 42
2025-05-03 16:13:51,823 - INFO - IA: Raquette droite déplacée de 42 à 35
2025-05-03 16:13:51,843 - INFO - IA: Raquette droite déplacée de 35 à 42
2025-05-03 16:13:51,861 - INFO - IA: Raquette droite déplacée de 42 à 49
2025-05-03 16:13:51,879 - INFO - IA: Raquette droite déplacée de 49 à 56
2025-05-03 16:13:51,896 - INFO - IA: Raquette droite déplacée de 56 à 49
2025-05-03 16:13:51,914 - INFO - IA: Raquette droite déplacée de 49 à 42
2025-05-03 16:13:51,932 - INFO - IA: Raquette droite déplacée de 42 à 49
2025-05-03 16:13:51,949 - INFO - IA: Raquette droite déplacée de 49 à 56
2025-05-03 16:13:51,967 - INFO - IA: Raquette droite déplacée de 56 à 63
2025-05-03 16:13:51,984 - INFO - IA: Raquette droite déplacée de 63 à 70
2025-05-03 16:13:52,003 - INFO - IA: Raquette droite déplacée de 70 à 77
2025-05-03 16:13:52,021 - INFO - IA: Raquette droite déplacée de 77 à 84
2025-05-03 16:13:52,040 - INFO - IA: Raquette droite déplacée de 84 à 91
2025-05-03 16:13:52,057 - INFO - IA: Raquette droite déplacée de 91 à 98
2025-05-03 16:13:52,092 - INFO - IA: Raquette droite déplacée de 98 à 105
2025-05-03 16:13:52,110 - INFO - IA: Raquette droite déplacée de 105 à 112
2025-05-03 16:13:52,128 - INFO - IA: Raquette droite déplacée de 112 à 119
2025-05-03 16:13:52,145 - INFO - IA: Raquette droite déplacée de 119 à 112
2025-05-03 16:13:52,163 - INFO - IA: Raquette droite déplacée de 112 à 119
2025-05-03 16:13:52,180 - INFO - IA: Raquette droite déplacée de 119 à 126
2025-05-03 16:13:52,198 - INFO - IA: Raquette droite déplacée de 126 à 133
2025-05-03 16:13:52,215 - INFO - IA: Raquette droite déplacée de 133 à 140
2025-05-03 16:13:52,234 - INFO - IA: Raquette droite déplacée de 140 à 133
2025-05-03 16:13:52,252 - INFO - IA: Raquette droite déplacée de 133 à 140
2025-05-03 16:13:52,270 - INFO - IA: Raquette droite déplacée de 140 à 147
2025-05-03 16:13:52,288 - INFO - IA: Raquette droite déplacée de 147 à 154
2025-05-03 16:13:52,307 - INFO - IA: Raquette droite déplacée de 154 à 161
2025-05-03 16:13:52,324 - INFO - IA: Raquette droite déplacée de 161 à 168
2025-05-03 16:13:52,343 - INFO - INPUT: Joueur appuie sur la touche BAS
2025-05-03 16:13:52,344 - INFO - JOUEUR: Raquette gauche déplacée de 13 à 20
2025-05-03 16:13:52,344 - INFO - IA: Raquette droite déplacée de 168 à 175
2025-05-03 16:13:52,362 - INFO - JOUEUR: Raquette gauche déplacée de 20 à 27
2025-05-03 16:13:52,363 - INFO - IA: Raquette droite déplacée de 175 à 182
2025-05-03 16:13:52,381 - INFO - JOUEUR: Raquette gauche déplacée de 27 à 34
2025-05-03 16:13:52,381 - INFO - IA: Raquette droite déplacée de 182 à 175
2025-05-03 16:13:52,399 - INFO - JOUEUR: Raquette gauche déplacée de 34 à 41
2025-05-03 16:13:52,400 - INFO - IA: Raquette droite déplacée de 175 à 182
2025-05-03 16:13:52,418 - INFO - JOUEUR: Raquette gauche déplacée de 41 à 48
2025-05-03 16:13:52,419 - INFO - IA: Raquette droite déplacée de 182 à 189
2025-05-03 16:13:52,437 - INFO - JOUEUR: Raquette gauche déplacée de 48 à 55
2025-05-03 16:13:52,437 - INFO - IA: Raquette droite déplacée de 189 à 196
2025-05-03 16:13:52,455 - INFO - JOUEUR: Raquette gauche déplacée de 55 à 62
2025-05-03 16:13:52,456 - INFO - IA: Raquette droite déplacée de 196 à 203
2025-05-03 16:13:52,474 - INFO - JOUEUR: Raquette gauche déplacée de 62 à 69
2025-05-03 16:13:52,474 - INFO - IA: Raquette droite déplacée de 203 à 210
2025-05-03 16:13:52,492 - INFO - JOUEUR: Raquette gauche déplacée de 69 à 76
2025-05-03 16:13:52,492 - INFO - IA: Raquette droite déplacée de 210 à 203
2025-05-03 16:13:52,509 - INFO - JOUEUR: Raquette gauche déplacée de 76 à 83
2025-05-03 16:13:52,509 - INFO - IA: Raquette droite déplacée de 203 à 210
2025-05-03 16:13:52,527 - INFO - JOUEUR: Raquette gauche déplacée de 83 à 90
2025-05-03 16:13:52,528 - INFO - IA: Raquette droite déplacée de 210 à 217
2025-05-03 16:13:52,545 - INFO - JOUEUR: Raquette gauche déplacée de 90 à 97
2025-05-03 16:13:52,546 - INFO - IA: Raquette droite déplacée de 217 à 224
2025-05-03 16:13:52,563 - INFO - JOUEUR: Raquette gauche déplacée de 97 à 104
2025-05-03 16:13:52,563 - INFO - IA: Raquette droite déplacée de 224 à 231
2025-05-03 16:13:52,582 - INFO - JOUEUR: Raquette gauche déplacée de 104 à 111
2025-05-03 16:13:52,582 - INFO - IA: Raquette droite déplacée de 231 à 238
2025-05-03 16:13:52,599 - INFO - JOUEUR: Raquette gauche déplacée de 111 à 118
2025-05-03 16:13:52,599 - INFO - IA: Raquette droite déplacée de 238 à 245
2025-05-03 16:13:52,616 - INFO - JOUEUR: Raquette gauche déplacée de 118 à 125
2025-05-03 16:13:52,617 - INFO - IA: Raquette droite déplacée de 245 à 252
2025-05-03 16:13:52,635 - INFO - JOUEUR: Raquette gauche déplacée de 125 à 132
2025-05-03 16:13:52,636 - INFO - IA: Raquette droite déplacée de 252 à 259
2025-05-03 16:13:52,654 - INFO - JOUEUR: Raquette gauche déplacée de 132 à 139
2025-05-03 16:13:52,654 - INFO - IA: Raquette droite déplacée de 259 à 266
2025-05-03 16:13:52,673 - INFO - JOUEUR: Raquette gauche déplacée de 139 à 146
2025-05-03 16:13:52,675 - INFO - IA: Raquette droite déplacée de 266 à 273
2025-05-03 16:13:52,692 - INFO - JOUEUR: Raquette gauche déplacée de 146 à 153
2025-05-03 16:13:52,693 - INFO - IA: Raquette droite déplacée de 273 à 266
2025-05-03 16:13:52,710 - INFO - JOUEUR: Raquette gauche déplacée de 153 à 160
2025-05-03 16:13:52,711 - INFO - IA: Raquette droite déplacée de 266 à 273
2025-05-03 16:13:52,727 - INFO - JOUEUR: Raquette gauche déplacée de 160 à 167
2025-05-03 16:13:52,728 - INFO - IA: Raquette droite déplacée de 273 à 280
2025-05-03 16:13:52,745 - INFO - JOUEUR: Raquette gauche déplacée de 167 à 174
2025-05-03 16:13:52,745 - INFO - IA: Raquette droite déplacée de 280 à 273
2025-05-03 16:13:52,763 - INFO - JOUEUR: Raquette gauche déplacée de 174 à 181
2025-05-03 16:13:52,763 - INFO - IA: Raquette droite déplacée de 273 à 280
2025-05-03 16:13:52,780 - INFO - JOUEUR: Raquette gauche déplacée de 181 à 188
2025-05-03 16:13:52,781 - INFO - IA: Raquette droite déplacée de 280 à 287
2025-05-03 16:13:52,799 - INFO - JOUEUR: Raquette gauche déplacée de 188 à 195
2025-05-03 16:13:52,799 - INFO - IA: Raquette droite déplacée de 287 à 294
2025-05-03 16:13:52,816 - INFO - JOUEUR: Raquette gauche déplacée de 195 à 202
2025-05-03 16:13:52,817 - INFO - IA: Raquette droite déplacée de 294 à 301
2025-05-03 16:13:52,835 - INFO - JOUEUR: Raquette gauche déplacée de 202 à 209
2025-05-03 16:13:52,835 - INFO - IA: Raquette droite déplacée de 301 à 308
2025-05-03 16:13:52,853 - INFO - JOUEUR: Raquette gauche déplacée de 209 à 216
2025-05-03 16:13:52,853 - INFO - IA: Raquette droite déplacée de 308 à 315
2025-05-03 16:13:52,873 - INFO - JOUEUR: Raquette gauche déplacée de 216 à 223
2025-05-03 16:13:52,873 - INFO - IA: Raquette droite déplacée de 315 à 322
2025-05-03 16:13:52,891 - INFO - JOUEUR: Raquette gauche déplacée de 223 à 230
2025-05-03 16:13:52,893 - INFO - IA: Raquette droite déplacée de 322 à 329
2025-05-03 16:13:52,911 - INFO - JOUEUR: Raquette gauche déplacée de 230 à 237
2025-05-03 16:13:52,912 - INFO - IA: Raquette droite déplacée de 329 à 336
2025-05-03 16:13:52,930 - INFO - JOUEUR: Raquette gauche déplacée de 237 à 244
2025-05-03 16:13:52,931 - INFO - IA: Raquette droite déplacée de 336 à 343
2025-05-03 16:13:52,948 - INFO - JOUEUR: Raquette gauche déplacée de 244 à 251
2025-05-03 16:13:52,949 - INFO - IA: Raquette droite déplacée de 343 à 350
2025-05-03 16:13:52,966 - INFO - JOUEUR: Raquette gauche déplacée de 251 à 258
2025-05-03 16:13:52,967 - INFO - IA: Raquette droite déplacée de 350 à 343
2025-05-03 16:13:52,985 - INFO - JOUEUR: Raquette gauche déplacée de 258 à 265
2025-05-03 16:13:52,985 - INFO - IA: Raquette droite déplacée de 343 à 350
2025-05-03 16:13:53,003 - INFO - JOUEUR: Raquette gauche déplacée de 265 à 272
2025-05-03 16:13:53,003 - INFO - IA: Raquette droite déplacée de 350 à 357
2025-05-03 16:13:53,022 - INFO - JOUEUR: Raquette gauche déplacée de 272 à 279
2025-05-03 16:13:53,023 - INFO - IA: Raquette droite déplacée de 357 à 350
2025-05-03 16:13:53,040 - INFO - JOUEUR: Raquette gauche déplacée de 279 à 286
2025-05-03 16:13:53,041 - INFO - IA: Raquette droite déplacée de 350 à 357
2025-05-03 16:13:53,059 - INFO - JOUEUR: Raquette gauche déplacée de 286 à 293
2025-05-03 16:13:53,059 - INFO - IA: Raquette droite déplacée de 357 à 364
2025-05-03 16:13:53,078 - INFO - JOUEUR: Raquette gauche déplacée de 293 à 300
2025-05-03 16:13:53,078 - INFO - IA: Raquette droite déplacée de 364 à 371
2025-05-03 16:13:53,095 - INFO - JOUEUR: Raquette gauche déplacée de 300 à 307
2025-05-03 16:13:53,096 - INFO - IA: Raquette droite déplacée de 371 à 378
2025-05-03 16:13:53,113 - INFO - JOUEUR: Raquette gauche déplacée de 307 à 314
2025-05-03 16:13:53,113 - INFO - IA: Raquette droite déplacée de 378 à 385
2025-05-03 16:13:53,131 - INFO - JOUEUR: Raquette gauche déplacée de 314 à 321
2025-05-03 16:13:53,131 - INFO - IA: Raquette droite déplacée de 385 à 390
2025-05-03 16:13:53,149 - INFO - JOUEUR: Raquette gauche déplacée de 321 à 328
2025-05-03 16:13:53,167 - INFO - JOUEUR: Raquette gauche déplacée de 328 à 335
2025-05-03 16:13:53,185 - INFO - JOUEUR: Raquette gauche déplacée de 335 à 342
2025-05-03 16:13:53,186 - INFO - COLLISION: Balle a rebondi sur un mur à la position (507, 468)
2025-05-03 16:13:53,205 - INFO - JOUEUR: Raquette gauche déplacée de 342 à 349
2025-05-03 16:13:53,224 - INFO - JOUEUR: Raquette gauche déplacée de 349 à 356
2025-05-03 16:13:53,242 - INFO - JOUEUR: Raquette gauche déplacée de 356 à 363
2025-05-03 16:13:53,260 - INFO - JOUEUR: Raquette gauche déplacée de 363 à 370
2025-05-03 16:13:53,277 - INFO - JOUEUR: Raquette gauche déplacée de 370 à 377
2025-05-03 16:13:53,295 - INFO - JOUEUR: Raquette gauche déplacée de 377 à 384
2025-05-03 16:13:53,314 - INFO - JOUEUR: Raquette gauche déplacée de 384 à 390
2025-05-03 16:13:53,314 - INFO - IA: Raquette droite déplacée de 390 à 383
2025-05-03 16:13:53,332 - INFO - IA: Raquette droite déplacée de 383 à 376
2025-05-03 16:13:53,332 - INFO - COLLISION: Balle a rebondi sur une raquette à la position (555, 428)
2025-05-03 16:13:53,350 - INFO - IA: Raquette droite déplacée de 376 à 369
2025-05-03 16:13:53,368 - INFO - IA: Raquette droite déplacée de 369 à 376
2025-05-03 16:13:53,387 - INFO - INPUT: Joueur relâche les touches directionnelles
2025-05-03 16:13:53,388 - INFO - IA: Raquette droite déplacée de 376 à 383
2025-05-03 16:13:53,406 - INFO - IA: Raquette droite déplacée de 383 à 376
2025-05-03 16:13:53,441 - INFO - IA: Raquette droite déplacée de 376 à 383
2025-05-03 16:13:53,475 - INFO - IA: Raquette droite déplacée de 383 à 376
2025-05-03 16:13:53,493 - INFO - IA: Raquette droite déplacée de 376 à 369
2025-05-03 16:13:53,511 - INFO - IA: Raquette droite déplacée de 369 à 376
2025-05-03 16:13:53,529 - INFO - IA: Raquette droite déplacée de 376 à 369
2025-05-03 16:13:53,547 - INFO - IA: Raquette droite déplacée de 369 à 362
2025-05-03 16:13:53,564 - INFO - IA: Raquette droite déplacée de 362 à 355
2025-05-03 16:13:53,582 - INFO - IA: Raquette droite déplacée de 355 à 348
2025-05-03 16:13:53,600 - INFO - IA: Raquette droite déplacée de 348 à 341
2025-05-03 16:13:53,618 - INFO - IA: Raquette droite déplacée de 341 à 334
2025-05-03 16:13:53,637 - INFO - IA: Raquette droite déplacée de 334 à 327
2025-05-03 16:13:53,656 - INFO - IA: Raquette droite déplacée de 327 à 320
2025-05-03 16:13:53,674 - INFO - IA: Raquette droite déplacée de 320 à 327
2025-05-03 16:13:53,692 - INFO - IA: Raquette droite déplacée de 327 à 320
2025-05-03 16:13:53,710 - INFO - INPUT: Joueur appuie sur la touche HAUT
2025-05-03 16:13:53,711 - INFO - JOUEUR: Raquette gauche déplacée de 390 à 383
2025-05-03 16:13:53,711 - INFO - IA: Raquette droite déplacée de 320 à 313
2025-05-03 16:13:53,729 - INFO - JOUEUR: Raquette gauche déplacée de 383 à 376
2025-05-03 16:13:53,730 - INFO - IA: Raquette droite déplacée de 313 à 306
2025-05-03 16:13:53,747 - INFO - JOUEUR: Raquette gauche déplacée de 376 à 369
2025-05-03 16:13:53,748 - INFO - IA: Raquette droite déplacée de 306 à 299
2025-05-03 16:13:53,767 - INFO - JOUEUR: Raquette gauche déplacée de 369 à 362
2025-05-03 16:13:53,767 - INFO - IA: Raquette droite déplacée de 299 à 292
2025-05-03 16:13:53,786 - INFO - JOUEUR: Raquette gauche déplacée de 362 à 355
2025-05-03 16:13:53,786 - INFO - IA: Raquette droite déplacée de 292 à 285
2025-05-03 16:13:53,804 - INFO - JOUEUR: Raquette gauche déplacée de 355 à 348
2025-05-03 16:13:53,804 - INFO - IA: Raquette droite déplacée de 285 à 278
2025-05-03 16:13:53,821 - INFO - JOUEUR: Raquette gauche déplacée de 348 à 341
2025-05-03 16:13:53,822 - INFO - IA: Raquette droite déplacée de 278 à 271
2025-05-03 16:13:53,839 - INFO - JOUEUR: Raquette gauche déplacée de 341 à 334
2025-05-03 16:13:53,840 - INFO - IA: Raquette droite déplacée de 271 à 278
2025-05-03 16:13:53,857 - INFO - JOUEUR: Raquette gauche déplacée de 334 à 327
2025-05-03 16:13:53,858 - INFO - IA: Raquette droite déplacée de 278 à 271
2025-05-03 16:13:53,875 - INFO - JOUEUR: Raquette gauche déplacée de 327 à 320
2025-05-03 16:13:53,875 - INFO - IA: Raquette droite déplacée de 271 à 264
2025-05-03 16:13:53,892 - INFO - JOUEUR: Raquette gauche déplacée de 320 à 313
2025-05-03 16:13:53,892 - INFO - IA: Raquette droite déplacée de 264 à 257
2025-05-03 16:13:53,910 - INFO - JOUEUR: Raquette gauche déplacée de 313 à 306
2025-05-03 16:13:53,910 - INFO - IA: Raquette droite déplacée de 257 à 250
2025-05-03 16:13:53,927 - INFO - JOUEUR: Raquette gauche déplacée de 306 à 299
2025-05-03 16:13:53,928 - INFO - IA: Raquette droite déplacée de 250 à 243
2025-05-03 16:13:53,946 - INFO - JOUEUR: Raquette gauche déplacée de 299 à 292
2025-05-03 16:13:53,946 - INFO - IA: Raquette droite déplacée de 243 à 236
2025-05-03 16:13:53,965 - INFO - JOUEUR: Raquette gauche déplacée de 292 à 285
2025-05-03 16:13:53,965 - INFO - IA: Raquette droite déplacée de 236 à 229
2025-05-03 16:13:53,983 - INFO - JOUEUR: Raquette gauche déplacée de 285 à 278
2025-05-03 16:13:53,983 - INFO - IA: Raquette droite déplacée de 229 à 236
2025-05-03 16:13:54,001 - INFO - JOUEUR: Raquette gauche déplacée de 278 à 271
2025-05-03 16:13:54,001 - INFO - IA: Raquette droite déplacée de 236 à 229
2025-05-03 16:13:54,019 - INFO - JOUEUR: Raquette gauche déplacée de 271 à 264
2025-05-03 16:13:54,020 - INFO - IA: Raquette droite déplacée de 229 à 222
2025-05-03 16:13:54,038 - INFO - JOUEUR: Raquette gauche déplacée de 264 à 257
2025-05-03 16:13:54,038 - INFO - IA: Raquette droite déplacée de 222 à 215
2025-05-03 16:13:54,055 - INFO - JOUEUR: Raquette gauche déplacée de 257 à 250
2025-05-03 16:13:54,072 - INFO - JOUEUR: Raquette gauche déplacée de 250 à 243
2025-05-03 16:13:54,073 - INFO - IA: Raquette droite déplacée de 215 à 208
2025-05-03 16:13:54,090 - INFO - JOUEUR: Raquette gauche déplacée de 243 à 236
2025-05-03 16:13:54,090 - INFO - IA: Raquette droite déplacée de 208 à 201
2025-05-03 16:13:54,108 - INFO - JOUEUR: Raquette gauche déplacée de 236 à 229
2025-05-03 16:13:54,108 - INFO - IA: Raquette droite déplacée de 201 à 194
2025-05-03 16:13:54,126 - INFO - JOUEUR: Raquette gauche déplacée de 229 à 222
2025-05-03 16:13:54,126 - INFO - IA: Raquette droite déplacée de 194 à 187
2025-05-03 16:13:54,144 - INFO - JOUEUR: Raquette gauche déplacée de 222 à 215
2025-05-03 16:13:54,144 - INFO - IA: Raquette droite déplacée de 187 à 180
2025-05-03 16:13:54,163 - INFO - JOUEUR: Raquette gauche déplacée de 215 à 208
2025-05-03 16:13:54,163 - INFO - IA: Raquette droite déplacée de 180 à 173
2025-05-03 16:13:54,181 - INFO - JOUEUR: Raquette gauche déplacée de 208 à 201
2025-05-03 16:13:54,181 - INFO - IA: Raquette droite déplacée de 173 à 166
2025-05-03 16:13:54,200 - INFO - JOUEUR: Raquette gauche déplacée de 201 à 194
2025-05-03 16:13:54,200 - INFO - IA: Raquette droite déplacée de 166 à 159
2025-05-03 16:13:54,219 - INFO - JOUEUR: Raquette gauche déplacée de 194 à 187
2025-05-03 16:13:54,220 - INFO - IA: Raquette droite déplacée de 159 à 166
2025-05-03 16:13:54,240 - INFO - JOUEUR: Raquette gauche déplacée de 187 à 180
2025-05-03 16:13:54,240 - INFO - IA: Raquette droite déplacée de 166 à 159
2025-05-03 16:13:54,258 - INFO - JOUEUR: Raquette gauche déplacée de 180 à 173
2025-05-03 16:13:54,259 - INFO - IA: Raquette droite déplacée de 159 à 152
2025-05-03 16:13:54,277 - INFO - JOUEUR: Raquette gauche déplacée de 173 à 166
2025-05-03 16:13:54,278 - INFO - IA: Raquette droite déplacée de 152 à 145
2025-05-03 16:13:54,295 - INFO - JOUEUR: Raquette gauche déplacée de 166 à 159
2025-05-03 16:13:54,295 - INFO - IA: Raquette droite déplacée de 145 à 152
2025-05-03 16:13:54,314 - INFO - JOUEUR: Raquette gauche déplacée de 159 à 152
2025-05-03 16:13:54,314 - INFO - IA: Raquette droite déplacée de 152 à 145
2025-05-03 16:13:54,332 - INFO - JOUEUR: Raquette gauche déplacée de 152 à 145
2025-05-03 16:13:54,332 - INFO - IA: Raquette droite déplacée de 145 à 138
2025-05-03 16:13:54,351 - INFO - JOUEUR: Raquette gauche déplacée de 145 à 138
2025-05-03 16:13:54,352 - INFO - IA: Raquette droite déplacée de 138 à 131
2025-05-03 16:13:54,371 - INFO - JOUEUR: Raquette gauche déplacée de 138 à 131
2025-05-03 16:13:54,371 - INFO - IA: Raquette droite déplacée de 131 à 124
2025-05-03 16:13:54,389 - INFO - JOUEUR: Raquette gauche déplacée de 131 à 124
2025-05-03 16:13:54,390 - INFO - IA: Raquette droite déplacée de 124 à 131
2025-05-03 16:13:54,408 - INFO - JOUEUR: Raquette gauche déplacée de 124 à 117
2025-05-03 16:13:54,408 - INFO - IA: Raquette droite déplacée de 131 à 124
2025-05-03 16:13:54,426 - INFO - JOUEUR: Raquette gauche déplacée de 117 à 110
2025-05-03 16:13:54,427 - INFO - IA: Raquette droite déplacée de 124 à 117
2025-05-03 16:13:54,444 - INFO - JOUEUR: Raquette gauche déplacée de 110 à 103
2025-05-03 16:13:54,444 - INFO - IA: Raquette droite déplacée de 117 à 110
2025-05-03 16:13:54,463 - INFO - JOUEUR: Raquette gauche déplacée de 103 à 96
2025-05-03 16:13:54,464 - INFO - IA: Raquette droite déplacée de 110 à 103
2025-05-03 16:13:54,483 - INFO - JOUEUR: Raquette gauche déplacée de 96 à 89
2025-05-03 16:13:54,483 - INFO - IA: Raquette droite déplacée de 103 à 110
2025-05-03 16:13:54,505 - INFO - JOUEUR: Raquette gauche déplacée de 89 à 82
2025-05-03 16:13:54,505 - INFO - IA: Raquette droite déplacée de 110 à 103
2025-05-03 16:13:54,524 - INFO - JOUEUR: Raquette gauche déplacée de 82 à 75
2025-05-03 16:13:54,524 - INFO - IA: Raquette droite déplacée de 103 à 96
2025-05-03 16:13:54,542 - INFO - JOUEUR: Raquette gauche déplacée de 75 à 68
2025-05-03 16:13:54,543 - INFO - IA: Raquette droite déplacée de 96 à 89
2025-05-03 16:13:54,561 - INFO - JOUEUR: Raquette gauche déplacée de 68 à 61
2025-05-03 16:13:54,561 - INFO - IA: Raquette droite déplacée de 89 à 82
2025-05-03 16:13:54,580 - INFO - JOUEUR: Raquette gauche déplacée de 61 à 54
2025-05-03 16:13:54,581 - INFO - IA: Raquette droite déplacée de 82 à 75
2025-05-03 16:13:54,598 - INFO - JOUEUR: Raquette gauche déplacée de 54 à 47
2025-05-03 16:13:54,598 - INFO - IA: Raquette droite déplacée de 75 à 82
2025-05-03 16:13:54,617 - INFO - JOUEUR: Raquette gauche déplacée de 47 à 40
2025-05-03 16:13:54,618 - INFO - IA: Raquette droite déplacée de 82 à 75
2025-05-03 16:13:54,637 - INFO - INPUT: Joueur relâche les touches directionnelles
2025-05-03 16:13:54,638 - INFO - IA: Raquette droite déplacée de 75 à 68
2025-05-03 16:13:54,655 - INFO - IA: Raquette droite déplacée de 68 à 61
2025-05-03 16:13:54,673 - INFO - IA: Raquette droite déplacée de 61 à 54
2025-05-03 16:13:54,690 - INFO - IA: Raquette droite déplacée de 54 à 47
2025-05-03 16:13:54,709 - INFO - IA: Raquette droite déplacée de 47 à 40
2025-05-03 16:13:54,710 - INFO - COLLISION: Balle a rebondi sur une raquette à la position (30, 53)
2025-05-03 16:13:54,728 - INFO - IA: Raquette droite déplacée de 40 à 33
2025-05-03 16:13:54,746 - INFO - IA: Raquette droite déplacée de 33 à 26
2025-05-03 16:13:54,764 - INFO - IA: Raquette droite déplacée de 26 à 19
2025-05-03 16:13:54,781 - INFO - IA: Raquette droite déplacée de 19 à 26
2025-05-03 16:13:54,798 - INFO - IA: Raquette droite déplacée de 26 à 19
2025-05-03 16:13:54,816 - INFO - IA: Raquette droite déplacée de 19 à 12
2025-05-03 16:13:54,834 - INFO - IA: Raquette droite déplacée de 12 à 5
2025-05-03 16:13:54,853 - INFO - IA: Raquette droite déplacée de 5 à 0
2025-05-03 16:13:54,905 - INFO - COLLISION: Balle a rebondi sur un mur à la position (107, -2)
2025-05-03 16:13:55,061 - INFO - IA: Raquette droite déplacée de 0 à 7
2025-05-03 16:13:55,079 - INFO - IA: Raquette droite déplacée de 7 à 14
2025-05-03 16:13:55,096 - INFO - INPUT: Joueur appuie sur la touche BAS
2025-05-03 16:13:55,096 - INFO - JOUEUR: Raquette gauche déplacée de 40 à 47
2025-05-03 16:13:55,097 - INFO - IA: Raquette droite déplacée de 14 à 21
2025-05-03 16:13:55,114 - INFO - JOUEUR: Raquette gauche déplacée de 47 à 54
2025-05-03 16:13:55,114 - INFO - IA: Raquette droite déplacée de 21 à 28
2025-05-03 16:13:55,132 - INFO - JOUEUR: Raquette gauche déplacée de 54 à 61
2025-05-03 16:13:55,133 - INFO - IA: Raquette droite déplacée de 28 à 21
2025-05-03 16:13:55,150 - INFO - JOUEUR: Raquette gauche déplacée de 61 à 68
2025-05-03 16:13:55,151 - INFO - IA: Raquette droite déplacée de 21 à 28
2025-05-03 16:13:55,168 - INFO - JOUEUR: Raquette gauche déplacée de 68 à 75
2025-05-03 16:13:55,169 - INFO - IA: Raquette droite déplacée de 28 à 35
2025-05-03 16:13:55,186 - INFO - JOUEUR: Raquette gauche déplacée de 75 à 82
2025-05-03 16:13:55,205 - INFO - JOUEUR: Raquette gauche déplacée de 82 à 89
2025-05-03 16:13:55,206 - INFO - IA: Raquette droite déplacée de 35 à 42
2025-05-03 16:13:55,224 - INFO - JOUEUR: Raquette gauche déplacée de 89 à 96
2025-05-03 16:13:55,225 - INFO - IA: Raquette droite déplacée de 42 à 35
2025-05-03 16:13:55,244 - INFO - JOUEUR: Raquette gauche déplacée de 96 à 103
2025-05-03 16:13:55,244 - INFO - IA: Raquette droite déplacée de 35 à 42
2025-05-03 16:13:55,262 - INFO - JOUEUR: Raquette gauche déplacée de 103 à 110
2025-05-03 16:13:55,262 - INFO - IA: Raquette droite déplacée de 42 à 49
2025-05-03 16:13:55,280 - INFO - JOUEUR: Raquette gauche déplacée de 110 à 117
2025-05-03 16:13:55,280 - INFO - IA: Raquette droite déplacée de 49 à 56
2025-05-03 16:13:55,298 - INFO - JOUEUR: Raquette gauche déplacée de 117 à 124
2025-05-03 16:13:55,299 - INFO - IA: Raquette droite déplacée de 56 à 49
2025-05-03 16:13:55,316 - INFO - JOUEUR: Raquette gauche déplacée de 124 à 131
2025-05-03 16:13:55,317 - INFO - IA: Raquette droite déplacée de 49 à 56
2025-05-03 16:13:55,335 - INFO - JOUEUR: Raquette gauche déplacée de 131 à 138
2025-05-03 16:13:55,336 - INFO - IA: Raquette droite déplacée de 56 à 63
2025-05-03 16:13:55,354 - INFO - JOUEUR: Raquette gauche déplacée de 138 à 145
2025-05-03 16:13:55,354 - INFO - IA: Raquette droite déplacée de 63 à 56
2025-05-03 16:13:55,372 - INFO - JOUEUR: Raquette gauche déplacée de 145 à 152
2025-05-03 16:13:55,372 - INFO - IA: Raquette droite déplacée de 56 à 63
2025-05-03 16:13:55,390 - INFO - JOUEUR: Raquette gauche déplacée de 152 à 159
2025-05-03 16:13:55,390 - INFO - IA: Raquette droite déplacée de 63 à 70
2025-05-03 16:13:55,407 - INFO - JOUEUR: Raquette gauche déplacée de 159 à 166
2025-05-03 16:13:55,408 - INFO - IA: Raquette droite déplacée de 70 à 63
2025-05-03 16:13:55,425 - INFO - JOUEUR: Raquette gauche déplacée de 166 à 173
2025-05-03 16:13:55,426 - INFO - IA: Raquette droite déplacée de 63 à 70
2025-05-03 16:13:55,443 - INFO - JOUEUR: Raquette gauche déplacée de 173 à 180
2025-05-03 16:13:55,444 - INFO - IA: Raquette droite déplacée de 70 à 77
2025-05-03 16:13:55,461 - INFO - JOUEUR: Raquette gauche déplacée de 180 à 187
2025-05-03 16:13:55,462 - INFO - IA: Raquette droite déplacée de 77 à 84
2025-05-03 16:13:55,480 - INFO - JOUEUR: Raquette gauche déplacée de 187 à 194
2025-05-03 16:13:55,480 - INFO - IA: Raquette droite déplacée de 84 à 91
2025-05-03 16:13:55,499 - INFO - JOUEUR: Raquette gauche déplacée de 194 à 201
2025-05-03 16:13:55,500 - INFO - IA: Raquette droite déplacée de 91 à 98
2025-05-03 16:13:55,520 - INFO - JOUEUR: Raquette gauche déplacée de 201 à 208
2025-05-03 16:13:55,520 - INFO - IA: Raquette droite déplacée de 98 à 105
2025-05-03 16:13:55,539 - INFO - JOUEUR: Raquette gauche déplacée de 208 à 215
2025-05-03 16:13:55,539 - INFO - IA: Raquette droite déplacée de 105 à 112
2025-05-03 16:13:55,558 - INFO - JOUEUR: Raquette gauche déplacée de 215 à 222
2025-05-03 16:13:55,558 - INFO - IA: Raquette droite déplacée de 112 à 119
2025-05-03 16:13:55,576 - INFO - JOUEUR: Raquette gauche déplacée de 222 à 229
2025-05-03 16:13:55,576 - INFO - IA: Raquette droite déplacée de 119 à 126
2025-05-03 16:13:55,594 - INFO - JOUEUR: Raquette gauche déplacée de 229 à 236
2025-05-03 16:13:55,594 - INFO - IA: Raquette droite déplacée de 126 à 133
2025-05-03 16:13:55,611 - INFO - JOUEUR: Raquette gauche déplacée de 236 à 243
2025-05-03 16:13:55,611 - INFO - IA: Raquette droite déplacée de 133 à 140
2025-05-03 16:13:55,628 - INFO - JOUEUR: Raquette gauche déplacée de 243 à 250
2025-05-03 16:13:55,629 - INFO - IA: Raquette droite déplacée de 140 à 147
2025-05-03 16:13:55,647 - INFO - JOUEUR: Raquette gauche déplacée de 250 à 257
2025-05-03 16:13:55,647 - INFO - IA: Raquette droite déplacée de 147 à 154
2025-05-03 16:13:55,665 - INFO - JOUEUR: Raquette gauche déplacée de 257 à 264
2025-05-03 16:13:55,665 - INFO - IA: Raquette droite déplacée de 154 à 161
2025-05-03 16:13:55,685 - INFO - JOUEUR: Raquette gauche déplacée de 264 à 271
2025-05-03 16:13:55,685 - INFO - IA: Raquette droite déplacée de 161 à 168
2025-05-03 16:13:55,703 - INFO - JOUEUR: Raquette gauche déplacée de 271 à 278
2025-05-03 16:13:55,704 - INFO - IA: Raquette droite déplacée de 168 à 175
2025-05-03 16:13:55,721 - INFO - JOUEUR: Raquette gauche déplacée de 278 à 285
2025-05-03 16:13:55,722 - INFO - IA: Raquette droite déplacée de 175 à 182
2025-05-03 16:13:55,739 - INFO - JOUEUR: Raquette gauche déplacée de 285 à 292
2025-05-03 16:13:55,740 - INFO - IA: Raquette droite déplacée de 182 à 189
2025-05-03 16:13:55,759 - INFO - JOUEUR: Raquette gauche déplacée de 292 à 299
2025-05-03 16:13:55,761 - INFO - IA: Raquette droite déplacée de 189 à 182
2025-05-03 16:13:55,779 - INFO - JOUEUR: Raquette gauche déplacée de 299 à 306
2025-05-03 16:13:55,780 - INFO - IA: Raquette droite déplacée de 182 à 175
2025-05-03 16:13:55,797 - INFO - JOUEUR: Raquette gauche déplacée de 306 à 313
2025-05-03 16:13:55,798 - INFO - IA: Raquette droite déplacée de 175 à 182
2025-05-03 16:13:55,817 - INFO - JOUEUR: Raquette gauche déplacée de 313 à 320
2025-05-03 16:13:55,817 - INFO - IA: Raquette droite déplacée de 182 à 189
2025-05-03 16:13:55,835 - INFO - JOUEUR: Raquette gauche déplacée de 320 à 327
2025-05-03 16:13:55,836 - INFO - IA: Raquette droite déplacée de 189 à 196
2025-05-03 16:13:55,854 - INFO - JOUEUR: Raquette gauche déplacée de 327 à 334
2025-05-03 16:13:55,854 - INFO - IA: Raquette droite déplacée de 196 à 203
2025-05-03 16:13:55,872 - INFO - JOUEUR: Raquette gauche déplacée de 334 à 341
2025-05-03 16:13:55,873 - INFO - IA: Raquette droite déplacée de 203 à 210
2025-05-03 16:13:55,892 - INFO - JOUEUR: Raquette gauche déplacée de 341 à 348
2025-05-03 16:13:55,892 - INFO - IA: Raquette droite déplacée de 210 à 217
2025-05-03 16:13:55,910 - INFO - INPUT: Joueur relâche les touches directionnelles
2025-05-03 16:13:55,911 - INFO - IA: Raquette droite déplacée de 217 à 210
2025-05-03 16:13:55,928 - INFO - IA: Raquette droite déplacée de 210 à 217
2025-05-03 16:13:55,946 - INFO - IA: Raquette droite déplacée de 217 à 224
2025-05-03 16:13:55,963 - INFO - IA: Raquette droite déplacée de 224 à 231
2025-05-03 16:13:55,981 - INFO - IA: Raquette droite déplacée de 231 à 238
2025-05-03 16:13:56,001 - INFO - IA: Raquette droite déplacée de 238 à 245
2025-05-03 16:13:56,019 - INFO - IA: Raquette droite déplacée de 245 à 252
2025-05-03 16:13:56,036 - INFO - IA: Raquette droite déplacée de 252 à 259
2025-05-03 16:13:56,054 - INFO - IA: Raquette droite déplacée de 259 à 266
2025-05-03 16:13:56,072 - INFO - IA: Raquette droite déplacée de 266 à 259
2025-05-03 16:13:56,072 - INFO - COLLISION: Balle a rebondi sur une raquette à la position (555, 318)
2025-05-03 16:13:56,090 - INFO - IA: Raquette droite déplacée de 259 à 266
2025-05-03 16:13:56,108 - INFO - IA: Raquette droite déplacée de 266 à 273
2025-05-03 16:13:56,125 - INFO - IA: Raquette droite déplacée de 273 à 280
2025-05-03 16:13:56,143 - INFO - IA: Raquette droite déplacée de 280 à 287
2025-05-03 16:13:56,160 - INFO - IA: Raquette droite déplacée de 287 à 294
2025-05-03 16:13:56,177 - INFO - IA: Raquette droite déplacée de 294 à 301
2025-05-03 16:13:56,195 - INFO - IA: Raquette droite déplacée de 301 à 294
2025-05-03 16:13:56,213 - INFO - IA: Raquette droite déplacée de 294 à 287
2025-05-03 16:13:56,231 - INFO - IA: Raquette droite déplacée de 287 à 294
2025-05-03 16:13:56,248 - INFO - IA: Raquette droite déplacée de 294 à 301
2025-05-03 16:13:56,267 - INFO - IA: Raquette droite déplacée de 301 à 308
2025-05-03 16:13:56,285 - INFO - IA: Raquette droite déplacée de 308 à 315
2025-05-03 16:13:56,303 - INFO - IA: Raquette droite déplacée de 315 à 308
2025-05-03 16:13:56,321 - INFO - IA: Raquette droite déplacée de 308 à 315
2025-05-03 16:13:56,340 - INFO - IA: Raquette droite déplacée de 315 à 322
2025-05-03 16:13:56,359 - INFO - IA: Raquette droite déplacée de 322 à 329
2025-05-03 16:13:56,376 - INFO - IA: Raquette droite déplacée de 329 à 336
2025-05-03 16:13:56,394 - INFO - INPUT: Joueur appuie sur la touche HAUT
2025-05-03 16:13:56,395 - INFO - JOUEUR: Raquette gauche déplacée de 348 à 341
2025-05-03 16:13:56,395 - INFO - IA: Raquette droite déplacée de 336 à 343
2025-05-03 16:13:56,413 - INFO - JOUEUR: Raquette gauche déplacée de 341 à 334
2025-05-03 16:13:56,413 - INFO - IA: Raquette droite déplacée de 343 à 350
2025-05-03 16:13:56,431 - INFO - JOUEUR: Raquette gauche déplacée de 334 à 327
2025-05-03 16:13:56,432 - INFO - IA: Raquette droite déplacée de 350 à 357
2025-05-03 16:13:56,450 - INFO - JOUEUR: Raquette gauche déplacée de 327 à 320
2025-05-03 16:13:56,450 - INFO - IA: Raquette droite déplacée de 357 à 364
2025-05-03 16:13:56,469 - INFO - JOUEUR: Raquette gauche déplacée de 320 à 313
2025-05-03 16:13:56,470 - INFO - IA: Raquette droite déplacée de 364 à 371
2025-05-03 16:13:56,487 - INFO - JOUEUR: Raquette gauche déplacée de 313 à 306
2025-05-03 16:13:56,488 - INFO - IA: Raquette droite déplacée de 371 à 378
2025-05-03 16:13:56,506 - INFO - INPUT: Joueur relâche les touches directionnelles
2025-05-03 16:13:56,506 - INFO - IA: Raquette droite déplacée de 378 à 385
2025-05-03 16:13:56,524 - INFO - IA: Raquette droite déplacée de 385 à 390
2025-05-03 16:13:56,611 - INFO - COLLISION: Balle a rebondi sur un mur à la position (315, 468)
2025-05-03 16:13:56,750 - INFO - IA: Raquette droite déplacée de 390 à 383
2025-05-03 16:13:56,767 - INFO - IA: Raquette droite déplacée de 383 à 376
2025-05-03 16:13:56,784 - INFO - IA: Raquette droite déplacée de 376 à 383
2025-05-03 16:13:56,802 - INFO - IA: Raquette droite déplacée de 383 à 376
2025-05-03 16:13:56,819 - INFO - IA: Raquette droite déplacée de 376 à 383
2025-05-03 16:13:56,837 - INFO - IA: Raquette droite déplacée de 383 à 390
2025-05-03 16:13:56,855 - INFO - IA: Raquette droite déplacée de 390 à 383
2025-05-03 16:13:56,873 - INFO - IA: Raquette droite déplacée de 383 à 376
2025-05-03 16:13:56,891 - INFO - IA: Raquette droite déplacée de 376 à 369
2025-05-03 16:13:56,909 - INFO - IA: Raquette droite déplacée de 369 à 362
2025-05-03 16:13:56,928 - INFO - IA: Raquette droite déplacée de 362 à 355
2025-05-03 16:13:56,945 - INFO - IA: Raquette droite déplacée de 355 à 362
2025-05-03 16:13:56,962 - INFO - IA: Raquette droite déplacée de 362 à 355
2025-05-03 16:13:56,980 - INFO - IA: Raquette droite déplacée de 355 à 348
2025-05-03 16:13:56,997 - INFO - IA: Raquette droite déplacée de 348 à 341
2025-05-03 16:13:57,015 - INFO - IA: Raquette droite déplacée de 341 à 334
2025-05-03 16:13:57,033 - INFO - IA: Raquette droite déplacée de 334 à 341
2025-05-03 16:13:57,051 - INFO - IA: Raquette droite déplacée de 341 à 334
2025-05-03 16:13:57,069 - INFO - IA: Raquette droite déplacée de 334 à 327
2025-05-03 16:13:57,087 - INFO - IA: Raquette droite déplacée de 327 à 320
2025-05-03 16:13:57,105 - INFO - IA: Raquette droite déplacée de 320 à 313
2025-05-03 16:13:57,124 - INFO - IA: Raquette droite déplacée de 313 à 306
2025-05-03 16:13:57,143 - INFO - IA: Raquette droite déplacée de 306 à 299
2025-05-03 16:13:57,161 - INFO - IA: Raquette droite déplacée de 299 à 292
2025-05-03 16:13:57,178 - INFO - IA: Raquette droite déplacée de 292 à 285
2025-05-03 16:13:57,196 - INFO - IA: Raquette droite déplacée de 285 à 278
2025-05-03 16:13:57,214 - INFO - IA: Raquette droite déplacée de 278 à 285
2025-05-03 16:13:57,232 - INFO - IA: Raquette droite déplacée de 285 à 292
2025-05-03 16:13:57,250 - INFO - IA: Raquette droite déplacée de 292 à 285
2025-05-03 16:13:57,269 - INFO - IA: Raquette droite déplacée de 285 à 278
2025-05-03 16:13:57,287 - INFO - IA: Raquette droite déplacée de 278 à 271
2025-05-03 16:13:57,305 - INFO - IA: Raquette droite déplacée de 271 à 264
2025-05-03 16:13:57,324 - INFO - IA: Raquette droite déplacée de 264 à 257
2025-05-03 16:13:57,324 - INFO - POINT: Joueur droite (IA) marque un point! Score: 0-1
2025-05-03 16:13:57,342 - INFO - IA: Raquette droite déplacée de 257 à 250
2025-05-03 16:13:57,360 - INFO - IA: Raquette droite déplacée de 250 à 243
2025-05-03 16:13:57,379 - INFO - INPUT: Joueur appuie sur la touche HAUT
2025-05-03 16:13:57,380 - INFO - JOUEUR: Raquette gauche déplacée de 306 à 299
2025-05-03 16:13:57,381 - INFO - IA: Raquette droite déplacée de 243 à 236
2025-05-03 16:13:57,400 - INFO - JOUEUR: Raquette gauche déplacée de 299 à 292
2025-05-03 16:13:57,401 - INFO - IA: Raquette droite déplacée de 236 à 229
2025-05-03 16:13:57,420 - INFO - JOUEUR: Raquette gauche déplacée de 292 à 285
2025-05-03 16:13:57,420 - INFO - IA: Raquette droite déplacée de 229 à 222
2025-05-03 16:13:57,438 - INFO - JOUEUR: Raquette gauche déplacée de 285 à 278
2025-05-03 16:13:57,438 - INFO - IA: Raquette droite déplacée de 222 à 215
2025-05-03 16:13:57,455 - INFO - JOUEUR: Raquette gauche déplacée de 278 à 271
2025-05-03 16:13:57,456 - INFO - IA: Raquette droite déplacée de 215 à 208
2025-05-03 16:13:57,474 - INFO - JOUEUR: Raquette gauche déplacée de 271 à 264
2025-05-03 16:13:57,474 - INFO - IA: Raquette droite déplacée de 208 à 201
2025-05-03 16:13:57,492 - INFO - JOUEUR: Raquette gauche déplacée de 264 à 257
2025-05-03 16:13:57,493 - INFO - IA: Raquette droite déplacée de 201 à 194
2025-05-03 16:13:57,511 - INFO - JOUEUR: Raquette gauche déplacée de 257 à 250
2025-05-03 16:13:57,511 - INFO - IA: Raquette droite déplacée de 194 à 187
2025-05-03 16:13:57,529 - INFO - JOUEUR: Raquette gauche déplacée de 250 à 243
2025-05-03 16:13:57,530 - INFO - IA: Raquette droite déplacée de 187 à 180
2025-05-03 16:13:57,547 - INFO - INPUT: Joueur relâche les touches directionnelles
2025-05-03 16:13:57,548 - INFO - IA: Raquette droite déplacée de 180 à 173
2025-05-03 16:13:57,566 - INFO - IA: Raquette droite déplacée de 173 à 166
2025-05-03 16:13:57,585 - INFO - IA: Raquette droite déplacée de 166 à 159
2025-05-03 16:13:57,604 - INFO - IA: Raquette droite déplacée de 159 à 152
2025-05-03 16:13:57,622 - INFO - IA: Raquette droite déplacée de 152 à 145
2025-05-03 16:13:57,643 - INFO - IA: Raquette droite déplacée de 145 à 138
2025-05-03 16:13:57,661 - INFO - IA: Raquette droite déplacée de 138 à 131
2025-05-03 16:13:57,679 - INFO - IA: Raquette droite déplacée de 131 à 124
2025-05-03 16:13:57,698 - INFO - IA: Raquette droite déplacée de 124 à 117
2025-05-03 16:13:57,716 - INFO - IA: Raquette droite déplacée de 117 à 110
2025-05-03 16:13:57,736 - INFO - IA: Raquette droite déplacée de 110 à 103
2025-05-03 16:13:57,755 - INFO - IA: Raquette droite déplacée de 103 à 96
2025-05-03 16:13:57,772 - INFO - IA: Raquette droite déplacée de 96 à 89
2025-05-03 16:13:57,790 - INFO - IA: Raquette droite déplacée de 89 à 82
2025-05-03 16:13:57,807 - INFO - IA: Raquette droite déplacée de 82 à 89
2025-05-03 16:13:57,825 - INFO - IA: Raquette droite déplacée de 89 à 82
2025-05-03 16:13:57,843 - INFO - IA: Raquette droite déplacée de 82 à 89
2025-05-03 16:13:57,860 - INFO - IA: Raquette droite déplacée de 89 à 82
2025-05-03 16:13:57,877 - INFO - IA: Raquette droite déplacée de 82 à 75
2025-05-03 16:13:57,895 - INFO - IA: Raquette droite déplacée de 75 à 68
2025-05-03 16:13:57,912 - INFO - IA: Raquette droite déplacée de 68 à 61
2025-05-03 16:13:57,931 - INFO - IA: Raquette droite déplacée de 61 à 54
2025-05-03 16:13:57,950 - INFO - IA: Raquette droite déplacée de 54 à 47
2025-05-03 16:13:57,967 - INFO - IA: Raquette droite déplacée de 47 à 40
2025-05-03 16:13:57,984 - INFO - IA: Raquette droite déplacée de 40 à 47
2025-05-03 16:13:58,002 - INFO - IA: Raquette droite déplacée de 47 à 40
2025-05-03 16:13:58,019 - INFO - IA: Raquette droite déplacée de 40 à 33
2025-05-03 16:13:58,036 - INFO - IA: Raquette droite déplacée de 33 à 26
2025-05-03 16:13:58,054 - INFO - IA: Raquette droite déplacée de 26 à 19
2025-05-03 16:13:58,072 - INFO - IA: Raquette droite déplacée de 19 à 12
2025-05-03 16:13:58,089 - INFO - IA: Raquette droite déplacée de 12 à 5
2025-05-03 16:13:58,107 - INFO - IA: Raquette droite déplacée de 5 à 0
2025-05-03 16:13:58,175 - INFO - COLLISION: Balle a rebondi sur un mur à la position (58, -2)
2025-05-03 16:13:58,261 - INFO - IA: Raquette droite déplacée de 0 à 7
2025-05-03 16:13:58,279 - INFO - IA: Raquette droite déplacée de 7 à 0
2025-05-03 16:13:58,297 - INFO - IA: Raquette droite déplacée de 0 à 7
2025-05-03 16:13:58,315 - INFO - IA: Raquette droite déplacée de 7 à 14
2025-05-03 16:13:58,333 - INFO - IA: Raquette droite déplacée de 14 à 21
2025-05-03 16:13:58,352 - INFO - IA: Raquette droite déplacée de 21 à 14
2025-05-03 16:13:58,370 - INFO - IA: Raquette droite déplacée de 14 à 21
2025-05-03 16:13:58,387 - INFO - IA: Raquette droite déplacée de 21 à 28
2025-05-03 16:13:58,388 - INFO - POINT: Joueur droite (IA) marque un point! Score: 0-2
2025-05-03 16:13:58,405 - INFO - IA: Raquette droite déplacée de 28 à 35
2025-05-03 16:13:58,424 - INFO - IA: Raquette droite déplacée de 35 à 42
2025-05-03 16:13:58,443 - INFO - IA: Raquette droite déplacée de 42 à 49
2025-05-03 16:13:58,462 - INFO - IA: Raquette droite déplacée de 49 à 56
2025-05-03 16:13:58,481 - INFO - IA: Raquette droite déplacée de 56 à 63
2025-05-03 16:13:58,500 - INFO - IA: Raquette droite déplacée de 63 à 70
2025-05-03 16:13:58,517 - INFO - IA: Raquette droite déplacée de 70 à 77
2025-05-03 16:13:58,535 - INFO - IA: Raquette droite déplacée de 77 à 84
2025-05-03 16:13:58,553 - INFO - IA: Raquette droite déplacée de 84 à 91
2025-05-03 16:13:58,572 - INFO - IA: Raquette droite déplacée de 91 à 98
2025-05-03 16:13:58,589 - INFO - IA: Raquette droite déplacée de 98 à 105
2025-05-03 16:13:58,608 - INFO - IA: Raquette droite déplacée de 105 à 112
2025-05-03 16:13:58,625 - INFO - IA: Raquette droite déplacée de 112 à 105
2025-05-03 16:13:58,642 - INFO - IA: Raquette droite déplacée de 105 à 112
2025-05-03 16:13:58,660 - INFO - IA: Raquette droite déplacée de 112 à 105
2025-05-03 16:13:58,677 - INFO - IA: Raquette droite déplacée de 105 à 112
2025-05-03 16:13:58,695 - INFO - IA: Raquette droite déplacée de 112 à 105
2025-05-03 16:13:58,714 - INFO - IA: Raquette droite déplacée de 105 à 112
2025-05-03 16:13:58,732 - INFO - IA: Raquette droite déplacée de 112 à 119
2025-05-03 16:13:58,750 - INFO - IA: Raquette droite déplacée de 119 à 112
2025-05-03 16:13:58,767 - INFO - IA: Raquette droite déplacée de 112 à 105
2025-05-03 16:13:58,785 - INFO - IA: Raquette droite déplacée de 105 à 98
2025-05-03 16:13:58,803 - INFO - IA: Raquette droite déplacée de 98 à 91
2025-05-03 16:13:58,820 - INFO - IA: Raquette droite déplacée de 91 à 84
2025-05-03 16:13:58,838 - INFO - IA: Raquette droite déplacée de 84 à 91
2025-05-03 16:13:58,856 - INFO - IA: Raquette droite déplacée de 91 à 98
2025-05-03 16:13:58,873 - INFO - IA: Raquette droite déplacée de 98 à 91
2025-05-03 16:13:58,891 - INFO - IA: Raquette droite déplacée de 91 à 84
2025-05-03 16:13:58,908 - INFO - IA: Raquette droite déplacée de 84 à 77
2025-05-03 16:13:58,925 - INFO - IA: Raquette droite déplacée de 77 à 70
2025-05-03 16:13:58,943 - INFO - IA: Raquette droite déplacée de 70 à 63
2025-05-03 16:13:58,963 - INFO - IA: Raquette droite déplacée de 63 à 56
2025-05-03 16:13:58,982 - INFO - IA: Raquette droite déplacée de 56 à 49
2025-05-03 16:13:59,000 - INFO - IA: Raquette droite déplacée de 49 à 42
2025-05-03 16:13:59,017 - INFO - IA: Raquette droite déplacée de 42 à 35
2025-05-03 16:13:59,035 - INFO - IA: Raquette droite déplacée de 35 à 28
2025-05-03 16:13:59,053 - INFO - IA: Raquette droite déplacée de 28 à 35
2025-05-03 16:13:59,070 - INFO - IA: Raquette droite déplacée de 35 à 28
2025-05-03 16:13:59,087 - INFO - IA: Raquette droite déplacée de 28 à 21
2025-05-03 16:13:59,105 - INFO - IA: Raquette droite déplacée de 21 à 14
2025-05-03 16:13:59,122 - INFO - IA: Raquette droite déplacée de 14 à 7
2025-05-03 16:13:59,139 - INFO - IA: Raquette droite déplacée de 7 à 0
2025-05-03 16:13:59,173 - INFO - IA: Raquette droite déplacée de 0 à 7
2025-05-03 16:13:59,190 - INFO - IA: Raquette droite déplacée de 7 à 0
2025-05-03 16:13:59,225 - INFO - COLLISION: Balle a rebondi sur un mur à la position (528, -2)
2025-05-03 16:13:59,314 - INFO - IA: Raquette droite déplacée de 0 à 7
2025-05-03 16:13:59,315 - INFO - COLLISION: Balle a rebondi sur une raquette à la position (553, 23)
2025-05-03 16:13:59,333 - INFO - IA: Raquette droite déplacée de 7 à 0
2025-05-03 16:13:59,386 - INFO - IA: Raquette droite déplacée de 0 à 7
2025-05-03 16:13:59,404 - INFO - IA: Raquette droite déplacée de 7 à 0
2025-05-03 16:13:59,421 - INFO - IA: Raquette droite déplacée de 0 à 7
2025-05-03 16:13:59,441 - INFO - IA: Raquette droite déplacée de 7 à 14
2025-05-03 16:13:59,459 - INFO - IA: Raquette droite déplacée de 14 à 7
2025-05-03 16:13:59,477 - INFO - IA: Raquette droite déplacée de 7 à 0
2025-05-03 16:13:59,495 - INFO - IA: Raquette droite déplacée de 0 à 7
2025-05-03 16:13:59,517 - INFO - IA: Raquette droite déplacée de 7 à 14
2025-05-03 16:13:59,535 - INFO - IA: Raquette droite déplacée de 14 à 21
2025-05-03 16:13:59,554 - INFO - IA: Raquette droite déplacée de 21 à 28
2025-05-03 16:13:59,572 - INFO - IA: Raquette droite déplacée de 28 à 21
2025-05-03 16:13:59,589 - INFO - IA: Raquette droite déplacée de 21 à 28
2025-05-03 16:13:59,606 - INFO - IA: Raquette droite déplacée de 28 à 35
2025-05-03 16:13:59,641 - INFO - IA: Raquette droite déplacée de 35 à 42
2025-05-03 16:13:59,658 - INFO - IA: Raquette droite déplacée de 42 à 49
2025-05-03 16:13:59,676 - INFO - IA: Raquette droite déplacée de 49 à 56
2025-05-03 16:13:59,693 - INFO - IA: Raquette droite déplacée de 56 à 63
2025-05-03 16:13:59,727 - INFO - IA: Raquette droite déplacée de 63 à 70
2025-05-03 16:13:59,745 - INFO - IA: Raquette droite déplacée de 70 à 77
2025-05-03 16:13:59,766 - INFO - IA: Raquette droite déplacée de 77 à 84
2025-05-03 16:13:59,784 - INFO - IA: Raquette droite déplacée de 84 à 91
2025-05-03 16:13:59,802 - INFO - IA: Raquette droite déplacée de 91 à 84
2025-05-03 16:13:59,819 - INFO - IA: Raquette droite déplacée de 84 à 91
2025-05-03 16:13:59,838 - INFO - IA: Raquette droite déplacée de 91 à 98
2025-05-03 16:13:59,855 - INFO - IA: Raquette droite déplacée de 98 à 105
2025-05-03 16:13:59,873 - INFO - IA: Raquette droite déplacée de 105 à 112
2025-05-03 16:13:59,890 - INFO - IA: Raquette droite déplacée de 112 à 119
2025-05-03 16:13:59,925 - INFO - IA: Raquette droite déplacée de 119 à 126
2025-05-03 16:13:59,943 - INFO - IA: Raquette droite déplacée de 126 à 133
2025-05-03 16:13:59,960 - INFO - IA: Raquette droite déplacée de 133 à 140
2025-05-03 16:13:59,978 - INFO - IA: Raquette droite déplacée de 140 à 147
2025-05-03 16:13:59,996 - INFO - IA: Raquette droite déplacée de 147 à 154
2025-05-03 16:14:00,015 - INFO - IA: Raquette droite déplacée de 154 à 161
2025-05-03 16:14:00,034 - INFO - IA: Raquette droite déplacée de 161 à 168
2025-05-03 16:14:00,053 - INFO - IA: Raquette droite déplacée de 168 à 175
2025-05-03 16:14:00,070 - INFO - IA: Raquette droite déplacée de 175 à 182
2025-05-03 16:14:00,087 - INFO - IA: Raquette droite déplacée de 182 à 175
2025-05-03 16:14:00,105 - INFO - IA: Raquette droite déplacée de 175 à 168
2025-05-03 16:14:00,123 - INFO - IA: Raquette droite déplacée de 168 à 175
2025-05-03 16:14:00,140 - INFO - IA: Raquette droite déplacée de 175 à 182
2025-05-03 16:14:00,171 - INFO - IA: Raquette droite déplacée de 182 à 189
2025-05-03 16:14:00,188 - INFO - IA: Raquette droite déplacée de 189 à 196
2025-05-03 16:14:00,205 - INFO - IA: Raquette droite déplacée de 196 à 203
2025-05-03 16:14:00,223 - INFO - IA: Raquette droite déplacée de 203 à 210
2025-05-03 16:14:00,241 - INFO - IA: Raquette droite déplacée de 210 à 217
2025-05-03 16:14:00,259 - INFO - IA: Raquette droite déplacée de 217 à 224
2025-05-03 16:14:00,277 - INFO - IA: Raquette droite déplacée de 224 à 231
2025-05-03 16:14:00,296 - INFO - IA: Raquette droite déplacée de 231 à 238
2025-05-03 16:14:00,314 - INFO - IA: Raquette droite déplacée de 238 à 231
2025-05-03 16:14:00,333 - INFO - IA: Raquette droite déplacée de 231 à 238
2025-05-03 16:14:00,350 - INFO - IA: Raquette droite déplacée de 238 à 245
2025-05-03 16:14:00,367 - INFO - IA: Raquette droite déplacée de 245 à 252
2025-05-03 16:14:00,385 - INFO - IA: Raquette droite déplacée de 252 à 245
2025-05-03 16:14:00,403 - INFO - IA: Raquette droite déplacée de 245 à 252
2025-05-03 16:14:00,421 - INFO - IA: Raquette droite déplacée de 252 à 259
2025-05-03 16:14:00,439 - INFO - IA: Raquette droite déplacée de 259 à 266
2025-05-03 16:14:00,456 - INFO - IA: Raquette droite déplacée de 266 à 273
2025-05-03 16:14:00,474 - INFO - IA: Raquette droite déplacée de 273 à 280
2025-05-03 16:14:00,491 - INFO - IA: Raquette droite déplacée de 280 à 287
2025-05-03 16:14:00,510 - INFO - IA: Raquette droite déplacée de 287 à 294
2025-05-03 16:14:00,534 - INFO - IA: Raquette droite déplacée de 294 à 301
2025-05-03 16:14:00,553 - INFO - IA: Raquette droite déplacée de 301 à 308
2025-05-03 16:14:00,574 - INFO - IA: Raquette droite déplacée de 308 à 315
2025-05-03 16:14:00,595 - INFO - IA: Raquette droite déplacée de 315 à 322
2025-05-03 16:14:00,617 - INFO - IA: Raquette droite déplacée de 322 à 329
2025-05-03 16:14:00,634 - INFO - IA: Raquette droite déplacée de 329 à 336
2025-05-03 16:14:00,653 - INFO - IA: Raquette droite déplacée de 336 à 329
2025-05-03 16:14:00,672 - INFO - IA: Raquette droite déplacée de 329 à 336
2025-05-03 16:14:00,690 - INFO - IA: Raquette droite déplacée de 336 à 343
2025-05-03 16:14:00,708 - INFO - IA: Raquette droite déplacée de 343 à 350
2025-05-03 16:14:00,726 - INFO - IA: Raquette droite déplacée de 350 à 357
2025-05-03 16:14:00,744 - INFO - IA: Raquette droite déplacée de 357 à 350
2025-05-03 16:14:00,763 - INFO - IA: Raquette droite déplacée de 350 à 357
2025-05-03 16:14:00,782 - INFO - IA: Raquette droite déplacée de 357 à 364
2025-05-03 16:14:00,799 - INFO - IA: Raquette droite déplacée de 364 à 371
2025-05-03 16:14:00,816 - INFO - IA: Raquette droite déplacée de 371 à 378
2025-05-03 16:14:00,834 - INFO - IA: Raquette droite déplacée de 378 à 385
2025-05-03 16:14:00,852 - INFO - IA: Raquette droite déplacée de 385 à 378
2025-05-03 16:14:00,870 - INFO - IA: Raquette droite déplacée de 378 à 385
2025-05-03 16:14:00,888 - INFO - IA: Raquette droite déplacée de 385 à 390
2025-05-03 16:14:00,908 - INFO - IA: Raquette droite déplacée de 390 à 383
2025-05-03 16:14:00,926 - INFO - IA: Raquette droite déplacée de 383 à 390
2025-05-03 16:14:00,944 - INFO - COLLISION: Balle a rebondi sur un mur à la position (108, 468)
2025-05-03 16:14:01,155 - INFO - IA: Raquette droite déplacée de 390 à 383
2025-05-03 16:14:01,172 - INFO - IA: Raquette droite déplacée de 383 à 376
2025-05-03 16:14:01,189 - INFO - IA: Raquette droite déplacée de 376 à 369
2025-05-03 16:14:01,206 - INFO - IA: Raquette droite déplacée de 369 à 362
2025-05-03 16:14:01,223 - INFO - IA: Raquette droite déplacée de 362 à 369
2025-05-03 16:14:01,242 - INFO - IA: Raquette droite déplacée de 369 à 376
2025-05-03 16:14:01,259 - INFO - IA: Raquette droite déplacée de 376 à 369
2025-05-03 16:14:01,277 - INFO - IA: Raquette droite déplacée de 369 à 362
2025-05-03 16:14:01,300 - INFO - IA: Raquette droite déplacée de 362 à 355
2025-05-03 16:14:01,320 - INFO - IA: Raquette droite déplacée de 355 à 348
2025-05-03 16:14:01,340 - INFO - IA: Raquette droite déplacée de 348 à 341
2025-05-03 16:14:01,340 - INFO - POINT: Joueur droite (IA) marque un point! Score: 0-3
2025-05-03 16:14:01,359 - INFO - IA: Raquette droite déplacée de 341 à 334
2025-05-03 16:14:01,380 - INFO - IA: Raquette droite déplacée de 334 à 327
2025-05-03 16:14:01,399 - INFO - IA: Raquette droite déplacée de 327 à 320
2025-05-03 16:14:01,417 - INFO - IA: Raquette droite déplacée de 320 à 313
2025-05-03 16:14:01,437 - INFO - IA: Raquette droite déplacée de 313 à 306
2025-05-03 16:14:01,455 - INFO - IA: Raquette droite déplacée de 306 à 299
2025-05-03 16:14:01,473 - INFO - IA: Raquette droite déplacée de 299 à 292
2025-05-03 16:14:01,492 - INFO - IA: Raquette droite déplacée de 292 à 285
2025-05-03 16:14:01,510 - INFO - IA: Raquette droite déplacée de 285 à 278
2025-05-03 16:14:01,530 - INFO - IA: Raquette droite déplacée de 278 à 271
2025-05-03 16:14:01,551 - INFO - IA: Raquette droite déplacée de 271 à 264
2025-05-03 16:14:01,571 - INFO - IA: Raquette droite déplacée de 264 à 257
2025-05-03 16:14:01,590 - INFO - IA: Raquette droite déplacée de 257 à 250
2025-05-03 16:14:01,610 - INFO - IA: Raquette droite déplacée de 250 à 243
2025-05-03 16:14:01,629 - INFO - IA: Raquette droite déplacée de 243 à 236
2025-05-03 16:14:01,648 - INFO - IA: Raquette droite déplacée de 236 à 229
2025-05-03 16:14:01,666 - INFO - IA: Raquette droite déplacée de 229 à 222
2025-05-03 16:14:01,684 - INFO - IA: Raquette droite déplacée de 222 à 215
2025-05-03 16:14:01,701 - INFO - IA: Raquette droite déplacée de 215 à 208
2025-05-03 16:14:01,720 - INFO - IA: Raquette droite déplacée de 208 à 201
2025-05-03 16:14:01,737 - INFO - IA: Raquette droite déplacée de 201 à 194
2025-05-03 16:14:01,755 - INFO - IA: Raquette droite déplacée de 194 à 187
2025-05-03 16:14:01,773 - INFO - IA: Raquette droite déplacée de 187 à 180
2025-05-03 16:14:01,792 - INFO - IA: Raquette droite déplacée de 180 à 173
2025-05-03 16:14:01,810 - INFO - IA: Raquette droite déplacée de 173 à 166
2025-05-03 16:14:01,830 - INFO - IA: Raquette droite déplacée de 166 à 159
2025-05-03 16:14:01,848 - INFO - IA: Raquette droite déplacée de 159 à 152
2025-05-03 16:14:01,868 - INFO - IA: Raquette droite déplacée de 152 à 145
2025-05-03 16:14:01,886 - INFO - IA: Raquette droite déplacée de 145 à 138
2025-05-03 16:14:01,904 - INFO - IA: Raquette droite déplacée de 138 à 131
2025-05-03 16:14:01,922 - INFO - IA: Raquette droite déplacée de 131 à 124
2025-05-03 16:14:01,940 - INFO - IA: Raquette droite déplacée de 124 à 117
2025-05-03 16:14:01,957 - INFO - IA: Raquette droite déplacée de 117 à 110
2025-05-03 16:14:01,975 - INFO - IA: Raquette droite déplacée de 110 à 103
2025-05-03 16:14:01,992 - INFO - IA: Raquette droite déplacée de 103 à 96
2025-05-03 16:14:02,010 - INFO - IA: Raquette droite déplacée de 96 à 89
2025-05-03 16:14:02,028 - INFO - IA: Raquette droite déplacée de 89 à 82
2025-05-03 16:14:02,046 - INFO - IA: Raquette droite déplacée de 82 à 75
2025-05-03 16:14:02,065 - INFO - IA: Raquette droite déplacée de 75 à 68
2025-05-03 16:14:02,146 - INFO - IA: Raquette droite déplacée de 68 à 61
