2025-05-03 17:33:58,680 - INFO - IA: Raquette IA initialisée à la position (565, 195)
2025-05-03 17:33:58,684 - INFO - IA: Niveau défini - Vitesse: 6, Précision: 25, Réaction: 0.85
2025-05-03 17:33:58,685 - INFO - Jeu initialisé avec succès
2025-05-03 17:33:58,685 - INFO - Taille de l'écran: 600x480
2025-05-03 17:33:58,686 - INFO - Position initiale raquette gauche: <rect(20, 195, 15, 90)>
2025-05-03 17:33:58,686 - INFO - Position initiale raquette droite: <rect(565, 195, 15, 90)>
2025-05-03 17:33:58,686 - INFO - Position initiale balle: <rect(293, 233, 15, 15)>
2025-05-03 17:33:58,687 - INFO - IA: Raquette droite déplacée de 195 à 189
2025-05-03 17:33:58,704 - INFO - IA: Raquette droite déplacée de 189 à 183
2025-05-03 17:33:58,723 - INFO - IA: Raquette droite déplacée de 183 à 189
2025-05-03 17:33:58,740 - INFO - IA: Raquette droite déplacée de 189 à 195
2025-05-03 17:33:58,757 - INFO - IA: Raquette droite déplacée de 195 à 201
2025-05-03 17:33:58,775 - INFO - IA: Raquette droite déplacée de 201 à 207
2025-05-03 17:33:58,792 - INFO - IA: Raquette droite déplacée de 207 à 213
2025-05-03 17:33:58,810 - INFO - IA: Raquette droite déplacée de 213 à 219
2025-05-03 17:33:58,828 - INFO - IA: Raquette droite déplacée de 219 à 225
2025-05-03 17:33:58,845 - INFO - IA: Raquette droite déplacée de 225 à 231
2025-05-03 17:33:58,862 - INFO - IA: Raquette droite déplacée de 231 à 225
2025-05-03 17:33:58,879 - INFO - IA: Raquette droite déplacée de 225 à 231
2025-05-03 17:33:58,896 - INFO - IA: Raquette droite déplacée de 231 à 237
2025-05-03 17:33:58,914 - INFO - IA: Raquette droite déplacée de 237 à 243
2025-05-03 17:33:58,931 - INFO - IA: Raquette droite déplacée de 243 à 249
2025-05-03 17:33:58,949 - INFO - IA: Raquette droite déplacée de 249 à 255
2025-05-03 17:33:58,968 - INFO - IA: Raquette droite déplacée de 255 à 261
2025-05-03 17:33:58,986 - INFO - IA: Raquette droite déplacée de 261 à 267
2025-05-03 17:33:59,004 - INFO - IA: Raquette droite déplacée de 267 à 273
2025-05-03 17:33:59,021 - INFO - IA: Raquette droite déplacée de 273 à 267
2025-05-03 17:33:59,038 - INFO - IA: Raquette droite déplacée de 267 à 273
2025-05-03 17:33:59,055 - INFO - IA: Raquette droite déplacée de 273 à 279
2025-05-03 17:33:59,073 - INFO - IA: Raquette droite déplacée de 279 à 285
2025-05-03 17:33:59,090 - INFO - IA: Raquette droite déplacée de 285 à 291
2025-05-03 17:33:59,108 - INFO - IA: Raquette droite déplacée de 291 à 297
2025-05-03 17:33:59,142 - INFO - IA: Raquette droite déplacée de 297 à 303
2025-05-03 17:33:59,160 - INFO - IA: Raquette droite déplacée de 303 à 309
2025-05-03 17:33:59,176 - INFO - IA: Raquette droite déplacée de 309 à 315
2025-05-03 17:33:59,194 - INFO - IA: Raquette droite déplacée de 315 à 321
2025-05-03 17:33:59,212 - INFO - IA: Raquette droite déplacée de 321 à 327
2025-05-03 17:33:59,229 - INFO - IA: Raquette droite déplacée de 327 à 333
2025-05-03 17:33:59,247 - INFO - IA: Raquette droite déplacée de 333 à 339
2025-05-03 17:33:59,264 - INFO - IA: Raquette droite déplacée de 339 à 345
2025-05-03 17:33:59,282 - INFO - IA: Raquette droite déplacée de 345 à 351
2025-05-03 17:33:59,299 - INFO - IA: Raquette droite déplacée de 351 à 357
2025-05-03 17:33:59,316 - INFO - IA: Raquette droite déplacée de 357 à 363
2025-05-03 17:33:59,334 - INFO - IA: Raquette droite déplacée de 363 à 369
2025-05-03 17:33:59,351 - INFO - IA: Raquette droite déplacée de 369 à 375
2025-05-03 17:33:59,368 - INFO - IA: Raquette droite déplacée de 375 à 381
2025-05-03 17:33:59,385 - INFO - IA: Raquette droite déplacée de 381 à 387
2025-05-03 17:33:59,402 - INFO - IA: Raquette droite déplacée de 387 à 390
2025-05-03 17:33:59,489 - INFO - COLLISION: Balle a rebondi sur un mur à la position (528, 468)
2025-05-03 17:33:59,576 - INFO - IA: Raquette droite déplacée de 390 à 384
2025-05-03 17:33:59,577 - INFO - COLLISION: Balle a rebondi sur une raquette à la position (553, 443)
2025-05-03 17:33:59,594 - INFO - IA: Raquette droite déplacée de 384 à 390
2025-05-03 17:33:59,613 - INFO - IA: Raquette droite déplacée de 390 à 384
2025-05-03 17:33:59,631 - INFO - IA: Raquette droite déplacée de 384 à 390
2025-05-03 17:33:59,648 - INFO - IA: Raquette droite déplacée de 390 à 384
2025-05-03 17:33:59,665 - INFO - IA: Raquette droite déplacée de 384 à 378
2025-05-03 17:33:59,683 - INFO - IA: Raquette droite déplacée de 378 à 384
2025-05-03 17:33:59,700 - INFO - IA: Raquette droite déplacée de 384 à 378
2025-05-03 17:33:59,717 - INFO - IA: Raquette droite déplacée de 378 à 372
2025-05-03 17:33:59,734 - INFO - IA: Raquette droite déplacée de 372 à 366
2025-05-03 17:33:59,753 - INFO - IA: Raquette droite déplacée de 366 à 360
2025-05-03 17:33:59,770 - INFO - IA: Raquette droite déplacée de 360 à 354
2025-05-03 17:33:59,788 - INFO - IA: Raquette droite déplacée de 354 à 360
2025-05-03 17:33:59,806 - INFO - IA: Raquette droite déplacée de 360 à 354
2025-05-03 17:33:59,824 - INFO - IA: Raquette droite déplacée de 354 à 348
2025-05-03 17:33:59,841 - INFO - IA: Raquette droite déplacée de 348 à 342
2025-05-03 17:33:59,858 - INFO - IA: Raquette droite déplacée de 342 à 336
2025-05-03 17:33:59,875 - INFO - IA: Raquette droite déplacée de 336 à 330
2025-05-03 17:33:59,893 - INFO - IA: Raquette droite déplacée de 330 à 336
2025-05-03 17:33:59,911 - INFO - IA: Raquette droite déplacée de 336 à 342
2025-05-03 17:33:59,927 - INFO - IA: Raquette droite déplacée de 342 à 336
2025-05-03 17:33:59,945 - INFO - IA: Raquette droite déplacée de 336 à 330
2025-05-03 17:33:59,962 - INFO - IA: Raquette droite déplacée de 330 à 324
2025-05-03 17:33:59,980 - INFO - IA: Raquette droite déplacée de 324 à 318
2025-05-03 17:33:59,997 - INFO - IA: Raquette droite déplacée de 318 à 312
2025-05-03 17:34:00,014 - INFO - IA: Raquette droite déplacée de 312 à 306
2025-05-03 17:34:00,032 - INFO - IA: Raquette droite déplacée de 306 à 300
2025-05-03 17:34:00,050 - INFO - IA: Raquette droite déplacée de 300 à 294
2025-05-03 17:34:00,068 - INFO - IA: Raquette droite déplacée de 294 à 288
2025-05-03 17:34:00,086 - INFO - IA: Raquette droite déplacée de 288 à 282
2025-05-03 17:34:00,103 - INFO - IA: Raquette droite déplacée de 282 à 276
2025-05-03 17:34:00,120 - INFO - IA: Raquette droite déplacée de 276 à 270
2025-05-03 17:34:00,137 - INFO - IA: Raquette droite déplacée de 270 à 264
2025-05-03 17:34:00,154 - INFO - IA: Raquette droite déplacée de 264 à 258
2025-05-03 17:34:00,171 - INFO - IA: Raquette droite déplacée de 258 à 264
2025-05-03 17:34:00,189 - INFO - IA: Raquette droite déplacée de 264 à 258
2025-05-03 17:34:00,206 - INFO - IA: Raquette droite déplacée de 258 à 252
2025-05-03 17:34:00,222 - INFO - IA: Raquette droite déplacée de 252 à 246
2025-05-03 17:34:00,240 - INFO - IA: Raquette droite déplacée de 246 à 240
2025-05-03 17:34:00,258 - INFO - IA: Raquette droite déplacée de 240 à 234
2025-05-03 17:34:00,275 - INFO - IA: Raquette droite déplacée de 234 à 228
2025-05-03 17:34:00,293 - INFO - IA: Raquette droite déplacée de 228 à 222
2025-05-03 17:34:00,311 - INFO - IA: Raquette droite déplacée de 222 à 216
2025-05-03 17:34:00,328 - INFO - IA: Raquette droite déplacée de 216 à 210
2025-05-03 17:34:00,348 - INFO - IA: Raquette droite déplacée de 210 à 204
2025-05-03 17:34:00,365 - INFO - IA: Raquette droite déplacée de 204 à 198
2025-05-03 17:34:00,383 - INFO - IA: Raquette droite déplacée de 198 à 192
2025-05-03 17:34:00,400 - INFO - IA: Raquette droite déplacée de 192 à 186
2025-05-03 17:34:00,469 - INFO - IA: Raquette droite déplacée de 186 à 180
2025-05-03 17:34:00,487 - INFO - IA: Raquette droite déplacée de 180 à 174
2025-05-03 17:34:00,505 - INFO - IA: Raquette droite déplacée de 174 à 168
2025-05-03 17:34:00,523 - INFO - IA: Raquette droite déplacée de 168 à 162
2025-05-03 17:34:00,542 - INFO - IA: Raquette droite déplacée de 162 à 156
2025-05-03 17:34:00,560 - INFO - IA: Raquette droite déplacée de 156 à 150
2025-05-03 17:34:00,579 - INFO - IA: Raquette droite déplacée de 150 à 144
2025-05-03 17:34:00,597 - INFO - IA: Raquette droite déplacée de 144 à 138
2025-05-03 17:34:00,650 - INFO - IA: Raquette droite déplacée de 138 à 132
2025-05-03 17:34:00,668 - INFO - IA: Raquette droite déplacée de 132 à 126
2025-05-03 17:34:00,685 - INFO - IA: Raquette droite déplacée de 126 à 120
2025-05-03 17:34:00,703 - INFO - IA: Raquette droite déplacée de 120 à 114
2025-05-03 17:34:00,720 - INFO - IA: Raquette droite déplacée de 114 à 108
2025-05-03 17:34:00,737 - INFO - IA: Raquette droite déplacée de 108 à 102
2025-05-03 17:34:00,754 - INFO - IA: Raquette droite déplacée de 102 à 96
2025-05-03 17:34:00,771 - INFO - IA: Raquette droite déplacée de 96 à 90
2025-05-03 17:34:00,788 - INFO - IA: Raquette droite déplacée de 90 à 84
2025-05-03 17:34:00,805 - INFO - IA: Raquette droite déplacée de 84 à 78
2025-05-03 17:34:00,823 - INFO - IA: Raquette droite déplacée de 78 à 72
2025-05-03 17:34:00,840 - INFO - IA: Raquette droite déplacée de 72 à 78
2025-05-03 17:34:00,858 - INFO - IA: Raquette droite déplacée de 78 à 72
2025-05-03 17:34:00,875 - INFO - IA: Raquette droite déplacée de 72 à 66
2025-05-03 17:34:00,893 - INFO - IA: Raquette droite déplacée de 66 à 60
2025-05-03 17:34:00,910 - INFO - IA: Raquette droite déplacée de 60 à 54
2025-05-03 17:34:00,927 - INFO - IA: Raquette droite déplacée de 54 à 48
2025-05-03 17:34:00,944 - INFO - IA: Raquette droite déplacée de 48 à 42
2025-05-03 17:34:00,963 - INFO - IA: Raquette droite déplacée de 42 à 36
2025-05-03 17:34:00,981 - INFO - IA: Raquette droite déplacée de 36 à 30
2025-05-03 17:34:00,998 - INFO - IA: Raquette droite déplacée de 30 à 24
2025-05-03 17:34:01,015 - INFO - IA: Raquette droite déplacée de 24 à 18
2025-05-03 17:34:01,033 - INFO - IA: Raquette droite déplacée de 18 à 12
2025-05-03 17:34:01,050 - INFO - IA: Raquette droite déplacée de 12 à 6
2025-05-03 17:34:01,068 - INFO - IA: Raquette droite déplacée de 6 à 0
2025-05-03 17:34:01,122 - INFO - INPUT: Joueur appuie sur la touche HAUT
2025-05-03 17:34:01,122 - INFO - JOUEUR: Raquette gauche déplacée de 195 à 188
2025-05-03 17:34:01,139 - INFO - JOUEUR: Raquette gauche déplacée de 188 à 181
2025-05-03 17:34:01,140 - INFO - COLLISION: Balle a rebondi sur un mur à la position (108, -2)
2025-05-03 17:34:01,156 - INFO - JOUEUR: Raquette gauche déplacée de 181 à 174
2025-05-03 17:34:01,174 - INFO - JOUEUR: Raquette gauche déplacée de 174 à 167
2025-05-03 17:34:01,192 - INFO - JOUEUR: Raquette gauche déplacée de 167 à 160
2025-05-03 17:34:01,209 - INFO - JOUEUR: Raquette gauche déplacée de 160 à 153
2025-05-03 17:34:01,226 - INFO - JOUEUR: Raquette gauche déplacée de 153 à 146
2025-05-03 17:34:01,244 - INFO - JOUEUR: Raquette gauche déplacée de 146 à 139
2025-05-03 17:34:01,261 - INFO - JOUEUR: Raquette gauche déplacée de 139 à 132
2025-05-03 17:34:01,279 - INFO - JOUEUR: Raquette gauche déplacée de 132 à 125
2025-05-03 17:34:01,279 - INFO - IA: Raquette droite déplacée de 0 à 6
2025-05-03 17:34:01,296 - INFO - JOUEUR: Raquette gauche déplacée de 125 à 118
2025-05-03 17:34:01,296 - INFO - IA: Raquette droite déplacée de 6 à 0
2025-05-03 17:34:01,314 - INFO - JOUEUR: Raquette gauche déplacée de 118 à 111
2025-05-03 17:34:01,314 - INFO - IA: Raquette droite déplacée de 0 à 6
2025-05-03 17:34:01,332 - INFO - JOUEUR: Raquette gauche déplacée de 111 à 104
2025-05-03 17:34:01,332 - INFO - IA: Raquette droite déplacée de 6 à 12
2025-05-03 17:34:01,351 - INFO - INPUT: Joueur relâche les touches directionnelles
2025-05-03 17:34:01,351 - INFO - IA: Raquette droite déplacée de 12 à 18
2025-05-03 17:34:01,368 - INFO - IA: Raquette droite déplacée de 18 à 24
2025-05-03 17:34:01,386 - INFO - IA: Raquette droite déplacée de 24 à 30
2025-05-03 17:34:01,402 - INFO - IA: Raquette droite déplacée de 30 à 36
2025-05-03 17:34:01,420 - INFO - IA: Raquette droite déplacée de 36 à 30
2025-05-03 17:34:01,436 - INFO - IA: Raquette droite déplacée de 30 à 36
2025-05-03 17:34:01,453 - INFO - IA: Raquette droite déplacée de 36 à 42
2025-05-03 17:34:01,471 - INFO - IA: Raquette droite déplacée de 42 à 48
2025-05-03 17:34:01,471 - INFO - COLLISION: Balle a rebondi sur une raquette à la position (13, 93)
2025-05-03 17:34:01,489 - INFO - IA: Raquette droite déplacée de 48 à 54
2025-05-03 17:34:01,489 - INFO - COLLISION: Balle a rebondi sur une raquette à la position (19, 98)
2025-05-03 17:34:01,505 - INFO - IA: Raquette droite déplacée de 54 à 60
2025-05-03 17:34:01,505 - INFO - COLLISION: Balle a rebondi sur une raquette à la position (12, 103)
2025-05-03 17:34:01,523 - INFO - IA: Raquette droite déplacée de 60 à 66
2025-05-03 17:34:01,524 - INFO - COLLISION: Balle a rebondi sur une raquette à la position (19, 108)
2025-05-03 17:34:01,540 - INFO - IA: Raquette droite déplacée de 66 à 60
2025-05-03 17:34:01,541 - INFO - COLLISION: Balle a rebondi sur une raquette à la position (11, 113)
2025-05-03 17:34:01,558 - INFO - IA: Raquette droite déplacée de 60 à 54
2025-05-03 17:34:01,558 - INFO - COLLISION: Balle a rebondi sur une raquette à la position (20, 118)
2025-05-03 17:34:01,575 - INFO - IA: Raquette droite déplacée de 54 à 60
2025-05-03 17:34:01,575 - INFO - COLLISION: Balle a rebondi sur une raquette à la position (10, 123)
2025-05-03 17:34:01,593 - INFO - IA: Raquette droite déplacée de 60 à 66
2025-05-03 17:34:01,593 - INFO - COLLISION: Balle a rebondi sur une raquette à la position (21, 128)
2025-05-03 17:34:01,610 - INFO - IA: Raquette droite déplacée de 66 à 72
2025-05-03 17:34:01,610 - INFO - COLLISION: Balle a rebondi sur une raquette à la position (9, 133)
2025-05-03 17:34:01,627 - INFO - IA: Raquette droite déplacée de 72 à 78
2025-05-03 17:34:01,627 - INFO - COLLISION: Balle a rebondi sur une raquette à la position (22, 138)
2025-05-03 17:34:01,644 - INFO - IA: Raquette droite déplacée de 78 à 84
2025-05-03 17:34:01,644 - INFO - COLLISION: Balle a rebondi sur une raquette à la position (8, 143)
2025-05-03 17:34:01,661 - INFO - IA: Raquette droite déplacée de 84 à 90
2025-05-03 17:34:01,661 - INFO - COLLISION: Balle a rebondi sur une raquette à la position (23, 148)
2025-05-03 17:34:01,679 - INFO - IA: Raquette droite déplacée de 90 à 96
2025-05-03 17:34:01,679 - INFO - COLLISION: Balle a rebondi sur une raquette à la position (8, 153)
2025-05-03 17:34:01,696 - INFO - IA: Raquette droite déplacée de 96 à 102
2025-05-03 17:34:01,696 - INFO - COLLISION: Balle a rebondi sur une raquette à la position (23, 158)
2025-05-03 17:34:01,713 - INFO - IA: Raquette droite déplacée de 102 à 108
2025-05-03 17:34:01,713 - INFO - COLLISION: Balle a rebondi sur une raquette à la position (8, 163)
2025-05-03 17:34:01,731 - INFO - IA: Raquette droite déplacée de 108 à 114
2025-05-03 17:34:01,731 - INFO - COLLISION: Balle a rebondi sur une raquette à la position (23, 168)
2025-05-03 17:34:01,748 - INFO - IA: Raquette droite déplacée de 114 à 120
2025-05-03 17:34:01,749 - INFO - COLLISION: Balle a rebondi sur une raquette à la position (8, 173)
2025-05-03 17:34:01,766 - INFO - IA: Raquette droite déplacée de 120 à 126
2025-05-03 17:34:01,766 - INFO - COLLISION: Balle a rebondi sur une raquette à la position (23, 178)
2025-05-03 17:34:01,784 - INFO - IA: Raquette droite déplacée de 126 à 132
2025-05-03 17:34:01,784 - INFO - COLLISION: Balle a rebondi sur une raquette à la position (8, 183)
2025-05-03 17:34:01,803 - INFO - IA: Raquette droite déplacée de 132 à 138
2025-05-03 17:34:01,803 - INFO - COLLISION: Balle a rebondi sur une raquette à la position (23, 188)
2025-05-03 17:34:01,820 - INFO - IA: Raquette droite déplacée de 138 à 144
2025-05-03 17:34:01,821 - INFO - COLLISION: Balle a rebondi sur une raquette à la position (8, 193)
2025-05-03 17:34:01,838 - INFO - IA: Raquette droite déplacée de 144 à 138
2025-05-03 17:34:01,856 - INFO - IA: Raquette droite déplacée de 138 à 144
2025-05-03 17:34:01,873 - INFO - IA: Raquette droite déplacée de 144 à 150
2025-05-03 17:34:01,889 - INFO - IA: Raquette droite déplacée de 150 à 156
2025-05-03 17:34:01,906 - INFO - IA: Raquette droite déplacée de 156 à 162
2025-05-03 17:34:01,924 - INFO - IA: Raquette droite déplacée de 162 à 168
2025-05-03 17:34:01,941 - INFO - IA: Raquette droite déplacée de 168 à 174
2025-05-03 17:34:01,958 - INFO - IA: Raquette droite déplacée de 174 à 180
2025-05-03 17:34:01,976 - INFO - IA: Raquette droite déplacée de 180 à 186
2025-05-03 17:34:01,993 - INFO - IA: Raquette droite déplacée de 186 à 192
2025-05-03 17:34:02,010 - INFO - IA: Raquette droite déplacée de 192 à 198
2025-05-03 17:34:02,027 - INFO - IA: Raquette droite déplacée de 198 à 204
2025-05-03 17:34:02,044 - INFO - IA: Raquette droite déplacée de 204 à 210
2025-05-03 17:34:02,061 - INFO - IA: Raquette droite déplacée de 210 à 204
2025-05-03 17:34:02,079 - INFO - IA: Raquette droite déplacée de 204 à 210
2025-05-03 17:34:02,096 - INFO - IA: Raquette droite déplacée de 210 à 216
2025-05-03 17:34:02,114 - INFO - IA: Raquette droite déplacée de 216 à 222
2025-05-03 17:34:02,133 - INFO - IA: Raquette droite déplacée de 222 à 228
2025-05-03 17:34:02,150 - INFO - IA: Raquette droite déplacée de 228 à 234
2025-05-03 17:34:02,167 - INFO - IA: Raquette droite déplacée de 234 à 240
2025-05-03 17:34:02,184 - INFO - IA: Raquette droite déplacée de 240 à 246
2025-05-03 17:34:02,201 - INFO - IA: Raquette droite déplacée de 246 à 252
2025-05-03 17:34:02,219 - INFO - IA: Raquette droite déplacée de 252 à 246
2025-05-03 17:34:02,236 - INFO - IA: Raquette droite déplacée de 246 à 252
2025-05-03 17:34:02,253 - INFO - IA: Raquette droite déplacée de 252 à 258
2025-05-03 17:34:02,270 - INFO - IA: Raquette droite déplacée de 258 à 264
2025-05-03 17:34:02,288 - INFO - IA: Raquette droite déplacée de 264 à 258
2025-05-03 17:34:02,305 - INFO - IA: Raquette droite déplacée de 258 à 264
2025-05-03 17:34:02,323 - INFO - IA: Raquette droite déplacée de 264 à 270
2025-05-03 17:34:02,340 - INFO - IA: Raquette droite déplacée de 270 à 276
2025-05-03 17:34:02,357 - INFO - IA: Raquette droite déplacée de 276 à 282
2025-05-03 17:34:02,375 - INFO - IA: Raquette droite déplacée de 282 à 288
2025-05-03 17:34:02,392 - INFO - IA: Raquette droite déplacée de 288 à 294
2025-05-03 17:34:02,409 - INFO - IA: Raquette droite déplacée de 294 à 300
2025-05-03 17:34:02,427 - INFO - IA: Raquette droite déplacée de 300 à 306
2025-05-03 17:34:02,445 - INFO - IA: Raquette droite déplacée de 306 à 312
2025-05-03 17:34:02,462 - INFO - IA: Raquette droite déplacée de 312 à 318
2025-05-03 17:34:02,462 - INFO - COLLISION: Balle a rebondi sur une raquette à la position (563, 378)
2025-05-03 17:34:02,479 - INFO - IA: Raquette droite déplacée de 318 à 324
2025-05-03 17:34:02,496 - INFO - IA: Raquette droite déplacée de 324 à 330
2025-05-03 17:34:02,514 - INFO - IA: Raquette droite déplacée de 330 à 336
2025-05-03 17:34:02,531 - INFO - IA: Raquette droite déplacée de 336 à 342
2025-05-03 17:34:02,549 - INFO - IA: Raquette droite déplacée de 342 à 348
2025-05-03 17:34:02,566 - INFO - IA: Raquette droite déplacée de 348 à 354
2025-05-03 17:34:02,583 - INFO - IA: Raquette droite déplacée de 354 à 360
2025-05-03 17:34:02,601 - INFO - IA: Raquette droite déplacée de 360 à 366
2025-05-03 17:34:02,619 - INFO - IA: Raquette droite déplacée de 366 à 372
2025-05-03 17:34:02,636 - INFO - IA: Raquette droite déplacée de 372 à 378
2025-05-03 17:34:02,654 - INFO - IA: Raquette droite déplacée de 378 à 384
2025-05-03 17:34:02,671 - INFO - IA: Raquette droite déplacée de 384 à 390
2025-05-03 17:34:02,688 - INFO - IA: Raquette droite déplacée de 390 à 384
2025-05-03 17:34:02,705 - INFO - IA: Raquette droite déplacée de 384 à 390
2025-05-03 17:34:02,773 - INFO - COLLISION: Balle a rebondi sur un mur à la position (293, 468)
2025-05-03 17:34:02,877 - INFO - IA: Raquette droite déplacée de 390 à 384
2025-05-03 17:34:02,894 - INFO - IA: Raquette droite déplacée de 384 à 378
2025-05-03 17:34:02,912 - INFO - IA: Raquette droite déplacée de 378 à 384
2025-05-03 17:34:02,930 - INFO - IA: Raquette droite déplacée de 384 à 390
2025-05-03 17:34:02,964 - INFO - IA: Raquette droite déplacée de 390 à 384
2025-05-03 17:34:02,982 - INFO - IA: Raquette droite déplacée de 384 à 390
2025-05-03 17:34:02,999 - INFO - IA: Raquette droite déplacée de 390 à 384
2025-05-03 17:34:03,017 - INFO - IA: Raquette droite déplacée de 384 à 378
2025-05-03 17:34:03,035 - INFO - IA: Raquette droite déplacée de 378 à 384
2025-05-03 17:34:03,052 - INFO - IA: Raquette droite déplacée de 384 à 378
2025-05-03 17:34:03,070 - INFO - INPUT: Joueur appuie sur la touche BAS
2025-05-03 17:34:03,071 - INFO - JOUEUR: Raquette gauche déplacée de 104 à 111
2025-05-03 17:34:03,071 - INFO - IA: Raquette droite déplacée de 378 à 372
2025-05-03 17:34:03,089 - INFO - JOUEUR: Raquette gauche déplacée de 111 à 118
2025-05-03 17:34:03,089 - INFO - IA: Raquette droite déplacée de 372 à 366
2025-05-03 17:34:03,106 - INFO - JOUEUR: Raquette gauche déplacée de 118 à 125
2025-05-03 17:34:03,106 - INFO - IA: Raquette droite déplacée de 366 à 360
2025-05-03 17:34:03,123 - INFO - JOUEUR: Raquette gauche déplacée de 125 à 132
2025-05-03 17:34:03,124 - INFO - IA: Raquette droite déplacée de 360 à 354
2025-05-03 17:34:03,124 - INFO - POINT: Joueur droite (IA) marque un point! Score: 0-1
2025-05-03 17:34:03,143 - INFO - JOUEUR: Raquette gauche déplacée de 132 à 139
2025-05-03 17:34:03,143 - INFO - IA: Raquette droite déplacée de 354 à 348
2025-05-03 17:34:03,160 - INFO - JOUEUR: Raquette gauche déplacée de 139 à 146
2025-05-03 17:34:03,160 - INFO - IA: Raquette droite déplacée de 348 à 342
2025-05-03 17:34:03,178 - INFO - JOUEUR: Raquette gauche déplacée de 146 à 153
2025-05-03 17:34:03,178 - INFO - IA: Raquette droite déplacée de 342 à 336
2025-05-03 17:34:03,196 - INFO - JOUEUR: Raquette gauche déplacée de 153 à 160
2025-05-03 17:34:03,196 - INFO - IA: Raquette droite déplacée de 336 à 330
2025-05-03 17:34:03,212 - INFO - JOUEUR: Raquette gauche déplacée de 160 à 167
2025-05-03 17:34:03,213 - INFO - IA: Raquette droite déplacée de 330 à 324
2025-05-03 17:34:03,230 - INFO - JOUEUR: Raquette gauche déplacée de 167 à 174
2025-05-03 17:34:03,230 - INFO - IA: Raquette droite déplacée de 324 à 318
2025-05-03 17:34:03,247 - INFO - JOUEUR: Raquette gauche déplacée de 174 à 181
2025-05-03 17:34:03,247 - INFO - IA: Raquette droite déplacée de 318 à 312
2025-05-03 17:34:03,264 - INFO - JOUEUR: Raquette gauche déplacée de 181 à 188
2025-05-03 17:34:03,264 - INFO - IA: Raquette droite déplacée de 312 à 306
2025-05-03 17:34:03,281 - INFO - JOUEUR: Raquette gauche déplacée de 188 à 195
2025-05-03 17:34:03,281 - INFO - IA: Raquette droite déplacée de 306 à 300
2025-05-03 17:34:03,298 - INFO - JOUEUR: Raquette gauche déplacée de 195 à 202
2025-05-03 17:34:03,298 - INFO - IA: Raquette droite déplacée de 300 à 294
2025-05-03 17:34:03,315 - INFO - JOUEUR: Raquette gauche déplacée de 202 à 209
2025-05-03 17:34:03,315 - INFO - IA: Raquette droite déplacée de 294 à 288
2025-05-03 17:34:03,332 - INFO - JOUEUR: Raquette gauche déplacée de 209 à 216
2025-05-03 17:34:03,333 - INFO - IA: Raquette droite déplacée de 288 à 282
2025-05-03 17:34:03,350 - INFO - INPUT: Joueur relâche les touches directionnelles
2025-05-03 17:34:03,350 - INFO - IA: Raquette droite déplacée de 282 à 276
2025-05-03 17:34:03,367 - INFO - IA: Raquette droite déplacée de 276 à 282
2025-05-03 17:34:03,384 - INFO - IA: Raquette droite déplacée de 282 à 288
2025-05-03 17:34:03,402 - INFO - IA: Raquette droite déplacée de 288 à 294
2025-05-03 17:34:03,420 - INFO - IA: Raquette droite déplacée de 294 à 288
2025-05-03 17:34:03,438 - INFO - IA: Raquette droite déplacée de 288 à 294
2025-05-03 17:34:03,455 - INFO - IA: Raquette droite déplacée de 294 à 300
2025-05-03 17:34:03,473 - INFO - IA: Raquette droite déplacée de 300 à 294
2025-05-03 17:34:03,490 - INFO - IA: Raquette droite déplacée de 294 à 288
2025-05-03 17:34:03,507 - INFO - IA: Raquette droite déplacée de 288 à 294
2025-05-03 17:34:03,525 - INFO - INPUT: Joueur appuie sur la touche HAUT
2025-05-03 17:34:03,525 - INFO - JOUEUR: Raquette gauche déplacée de 216 à 209
2025-05-03 17:34:03,525 - INFO - IA: Raquette droite déplacée de 294 à 300
2025-05-03 17:34:03,542 - INFO - JOUEUR: Raquette gauche déplacée de 209 à 202
2025-05-03 17:34:03,543 - INFO - IA: Raquette droite déplacée de 300 à 294
2025-05-03 17:34:03,560 - INFO - JOUEUR: Raquette gauche déplacée de 202 à 195
2025-05-03 17:34:03,560 - INFO - IA: Raquette droite déplacée de 294 à 300
2025-05-03 17:34:03,578 - INFO - JOUEUR: Raquette gauche déplacée de 195 à 188
2025-05-03 17:34:03,578 - INFO - IA: Raquette droite déplacée de 300 à 306
2025-05-03 17:34:03,596 - INFO - JOUEUR: Raquette gauche déplacée de 188 à 181
2025-05-03 17:34:03,596 - INFO - IA: Raquette droite déplacée de 306 à 300
2025-05-03 17:34:03,614 - INFO - JOUEUR: Raquette gauche déplacée de 181 à 174
2025-05-03 17:34:03,614 - INFO - IA: Raquette droite déplacée de 300 à 306
2025-05-03 17:34:03,631 - INFO - JOUEUR: Raquette gauche déplacée de 174 à 167
2025-05-03 17:34:03,631 - INFO - IA: Raquette droite déplacée de 306 à 312
2025-05-03 17:34:03,648 - INFO - JOUEUR: Raquette gauche déplacée de 167 à 160
2025-05-03 17:34:03,648 - INFO - IA: Raquette droite déplacée de 312 à 318
2025-05-03 17:34:03,666 - INFO - JOUEUR: Raquette gauche déplacée de 160 à 153
2025-05-03 17:34:03,666 - INFO - IA: Raquette droite déplacée de 318 à 324
2025-05-03 17:34:03,683 - INFO - JOUEUR: Raquette gauche déplacée de 153 à 146
2025-05-03 17:34:03,683 - INFO - IA: Raquette droite déplacée de 324 à 330
2025-05-03 17:34:03,702 - INFO - INPUT: Joueur relâche les touches directionnelles
2025-05-03 17:34:03,702 - INFO - IA: Raquette droite déplacée de 330 à 336
2025-05-03 17:34:03,720 - INFO - IA: Raquette droite déplacée de 336 à 342
2025-05-03 17:34:03,737 - INFO - IA: Raquette droite déplacée de 342 à 348
2025-05-03 17:34:03,755 - INFO - IA: Raquette droite déplacée de 348 à 354
2025-05-03 17:34:03,772 - INFO - IA: Raquette droite déplacée de 354 à 360
2025-05-03 17:34:03,789 - INFO - IA: Raquette droite déplacée de 360 à 366
2025-05-03 17:34:03,806 - INFO - IA: Raquette droite déplacée de 366 à 372
2025-05-03 17:34:03,823 - INFO - IA: Raquette droite déplacée de 372 à 366
2025-05-03 17:34:03,840 - INFO - IA: Raquette droite déplacée de 366 à 372
2025-05-03 17:34:03,858 - INFO - INPUT: Joueur appuie sur la touche BAS
2025-05-03 17:34:03,858 - INFO - JOUEUR: Raquette gauche déplacée de 146 à 153
2025-05-03 17:34:03,858 - INFO - IA: Raquette droite déplacée de 372 à 378
2025-05-03 17:34:03,875 - INFO - JOUEUR: Raquette gauche déplacée de 153 à 160
2025-05-03 17:34:03,875 - INFO - IA: Raquette droite déplacée de 378 à 384
2025-05-03 17:34:03,892 - INFO - JOUEUR: Raquette gauche déplacée de 160 à 167
2025-05-03 17:34:03,892 - INFO - IA: Raquette droite déplacée de 384 à 390
2025-05-03 17:34:03,910 - INFO - JOUEUR: Raquette gauche déplacée de 167 à 174
2025-05-03 17:34:03,929 - INFO - JOUEUR: Raquette gauche déplacée de 174 à 181
2025-05-03 17:34:03,946 - INFO - JOUEUR: Raquette gauche déplacée de 181 à 188
2025-05-03 17:34:03,946 - INFO - COLLISION: Balle a rebondi sur un mur à la position (58, 468)
2025-05-03 17:34:03,963 - INFO - JOUEUR: Raquette gauche déplacée de 188 à 195
2025-05-03 17:34:03,980 - INFO - JOUEUR: Raquette gauche déplacée de 195 à 202
2025-05-03 17:34:03,997 - INFO - JOUEUR: Raquette gauche déplacée de 202 à 209
2025-05-03 17:34:04,018 - INFO - JOUEUR: Raquette gauche déplacée de 209 à 216
2025-05-03 17:34:04,035 - INFO - JOUEUR: Raquette gauche déplacée de 216 à 223
2025-05-03 17:34:04,051 - INFO - JOUEUR: Raquette gauche déplacée de 223 à 230
2025-05-03 17:34:04,069 - INFO - JOUEUR: Raquette gauche déplacée de 230 à 237
2025-05-03 17:34:04,069 - INFO - IA: Raquette droite déplacée de 390 à 384
2025-05-03 17:34:04,087 - INFO - JOUEUR: Raquette gauche déplacée de 237 à 244
2025-05-03 17:34:04,087 - INFO - IA: Raquette droite déplacée de 384 à 390
2025-05-03 17:34:04,104 - INFO - JOUEUR: Raquette gauche déplacée de 244 à 251
2025-05-03 17:34:04,104 - INFO - IA: Raquette droite déplacée de 390 à 384
2025-05-03 17:34:04,121 - INFO - JOUEUR: Raquette gauche déplacée de 251 à 258
2025-05-03 17:34:04,121 - INFO - IA: Raquette droite déplacée de 384 à 390
2025-05-03 17:34:04,138 - INFO - JOUEUR: Raquette gauche déplacée de 258 à 265
2025-05-03 17:34:04,156 - INFO - JOUEUR: Raquette gauche déplacée de 265 à 272
2025-05-03 17:34:04,156 - INFO - POINT: Joueur droite (IA) marque un point! Score: 0-2
2025-05-03 17:34:04,174 - INFO - JOUEUR: Raquette gauche déplacée de 272 à 279
2025-05-03 17:34:04,174 - INFO - IA: Raquette droite déplacée de 390 à 384
2025-05-03 17:34:04,192 - INFO - JOUEUR: Raquette gauche déplacée de 279 à 286
2025-05-03 17:34:04,192 - INFO - IA: Raquette droite déplacée de 384 à 378
2025-05-03 17:34:04,209 - INFO - JOUEUR: Raquette gauche déplacée de 286 à 293
2025-05-03 17:34:04,209 - INFO - IA: Raquette droite déplacée de 378 à 372
2025-05-03 17:34:04,227 - INFO - JOUEUR: Raquette gauche déplacée de 293 à 300
2025-05-03 17:34:04,227 - INFO - IA: Raquette droite déplacée de 372 à 366
2025-05-03 17:34:04,245 - INFO - JOUEUR: Raquette gauche déplacée de 300 à 307
2025-05-03 17:34:04,245 - INFO - IA: Raquette droite déplacée de 366 à 360
2025-05-03 17:34:04,263 - INFO - JOUEUR: Raquette gauche déplacée de 307 à 314
2025-05-03 17:34:04,263 - INFO - IA: Raquette droite déplacée de 360 à 354
2025-05-03 17:34:04,280 - INFO - JOUEUR: Raquette gauche déplacée de 314 à 321
2025-05-03 17:34:04,280 - INFO - IA: Raquette droite déplacée de 354 à 348
2025-05-03 17:34:04,297 - INFO - JOUEUR: Raquette gauche déplacée de 321 à 328
2025-05-03 17:34:04,297 - INFO - IA: Raquette droite déplacée de 348 à 342
2025-05-03 17:34:04,315 - INFO - INPUT: Joueur relâche les touches directionnelles
2025-05-03 17:34:04,316 - INFO - IA: Raquette droite déplacée de 342 à 336
2025-05-03 17:34:04,333 - INFO - IA: Raquette droite déplacée de 336 à 330
2025-05-03 17:34:04,350 - INFO - IA: Raquette droite déplacée de 330 à 324
2025-05-03 17:34:04,367 - INFO - IA: Raquette droite déplacée de 324 à 318
2025-05-03 17:34:04,384 - INFO - IA: Raquette droite déplacée de 318 à 312
2025-05-03 17:34:04,403 - INFO - IA: Raquette droite déplacée de 312 à 306
2025-05-03 17:34:04,420 - INFO - IA: Raquette droite déplacée de 306 à 300
2025-05-03 17:34:04,438 - INFO - IA: Raquette droite déplacée de 300 à 294
2025-05-03 17:34:04,455 - INFO - IA: Raquette droite déplacée de 294 à 288
2025-05-03 17:34:04,472 - INFO - IA: Raquette droite déplacée de 288 à 282
2025-05-03 17:34:04,489 - INFO - IA: Raquette droite déplacée de 282 à 288
2025-05-03 17:34:04,506 - INFO - IA: Raquette droite déplacée de 288 à 294
2025-05-03 17:34:04,523 - INFO - IA: Raquette droite déplacée de 294 à 288
2025-05-03 17:34:04,540 - INFO - IA: Raquette droite déplacée de 288 à 294
2025-05-03 17:34:04,557 - INFO - IA: Raquette droite déplacée de 294 à 288
2025-05-03 17:34:04,574 - INFO - IA: Raquette droite déplacée de 288 à 294
2025-05-03 17:34:04,592 - INFO - INPUT: Joueur appuie sur la touche HAUT
2025-05-03 17:34:04,592 - INFO - JOUEUR: Raquette gauche déplacée de 328 à 321
2025-05-03 17:34:04,592 - INFO - IA: Raquette droite déplacée de 294 à 300
2025-05-03 17:34:04,610 - INFO - JOUEUR: Raquette gauche déplacée de 321 à 314
2025-05-03 17:34:04,610 - INFO - IA: Raquette droite déplacée de 300 à 294
2025-05-03 17:34:04,627 - INFO - JOUEUR: Raquette gauche déplacée de 314 à 307
2025-05-03 17:34:04,628 - INFO - IA: Raquette droite déplacée de 294 à 300
2025-05-03 17:34:04,645 - INFO - JOUEUR: Raquette gauche déplacée de 307 à 300
2025-05-03 17:34:04,645 - INFO - IA: Raquette droite déplacée de 300 à 306
2025-05-03 17:34:04,663 - INFO - JOUEUR: Raquette gauche déplacée de 300 à 293
2025-05-03 17:34:04,663 - INFO - IA: Raquette droite déplacée de 306 à 312
2025-05-03 17:34:04,680 - INFO - JOUEUR: Raquette gauche déplacée de 293 à 286
2025-05-03 17:34:04,680 - INFO - IA: Raquette droite déplacée de 312 à 318
2025-05-03 17:34:04,698 - INFO - JOUEUR: Raquette gauche déplacée de 286 à 279
2025-05-03 17:34:04,698 - INFO - IA: Raquette droite déplacée de 318 à 324
2025-05-03 17:34:04,716 - INFO - JOUEUR: Raquette gauche déplacée de 279 à 272
2025-05-03 17:34:04,716 - INFO - IA: Raquette droite déplacée de 324 à 330
2025-05-03 17:34:04,733 - INFO - JOUEUR: Raquette gauche déplacée de 272 à 265
2025-05-03 17:34:04,734 - INFO - IA: Raquette droite déplacée de 330 à 336
2025-05-03 17:34:04,751 - INFO - JOUEUR: Raquette gauche déplacée de 265 à 258
2025-05-03 17:34:04,751 - INFO - IA: Raquette droite déplacée de 336 à 342
2025-05-03 17:34:04,770 - INFO - INPUT: Joueur relâche les touches directionnelles
2025-05-03 17:34:04,770 - INFO - IA: Raquette droite déplacée de 342 à 348
2025-05-03 17:34:04,787 - INFO - IA: Raquette droite déplacée de 348 à 354
2025-05-03 17:34:04,804 - INFO - IA: Raquette droite déplacée de 354 à 360
2025-05-03 17:34:04,821 - INFO - IA: Raquette droite déplacée de 360 à 366
2025-05-03 17:34:04,838 - INFO - IA: Raquette droite déplacée de 366 à 360
2025-05-03 17:34:04,856 - INFO - IA: Raquette droite déplacée de 360 à 354
2025-05-03 17:34:04,873 - INFO - IA: Raquette droite déplacée de 354 à 360
2025-05-03 17:34:04,891 - INFO - IA: Raquette droite déplacée de 360 à 366
2025-05-03 17:34:04,908 - INFO - IA: Raquette droite déplacée de 366 à 372
2025-05-03 17:34:04,925 - INFO - IA: Raquette droite déplacée de 372 à 378
2025-05-03 17:34:04,943 - INFO - IA: Raquette droite déplacée de 378 à 384
2025-05-03 17:34:04,960 - INFO - INPUT: Joueur appuie sur la touche BAS
2025-05-03 17:34:04,961 - INFO - JOUEUR: Raquette gauche déplacée de 258 à 265
2025-05-03 17:34:04,961 - INFO - IA: Raquette droite déplacée de 384 à 390
2025-05-03 17:34:04,978 - INFO - JOUEUR: Raquette gauche déplacée de 265 à 272
2025-05-03 17:34:04,979 - INFO - COLLISION: Balle a rebondi sur un mur à la position (58, 468)
2025-05-03 17:34:04,996 - INFO - JOUEUR: Raquette gauche déplacée de 272 à 279
2025-05-03 17:34:05,014 - INFO - JOUEUR: Raquette gauche déplacée de 279 à 286
2025-05-03 17:34:05,031 - INFO - JOUEUR: Raquette gauche déplacée de 286 à 293
2025-05-03 17:34:05,048 - INFO - JOUEUR: Raquette gauche déplacée de 293 à 300
2025-05-03 17:34:05,065 - INFO - JOUEUR: Raquette gauche déplacée de 300 à 307
2025-05-03 17:34:05,082 - INFO - JOUEUR: Raquette gauche déplacée de 307 à 314
2025-05-03 17:34:05,099 - INFO - JOUEUR: Raquette gauche déplacée de 314 à 321
2025-05-03 17:34:05,099 - INFO - IA: Raquette droite déplacée de 390 à 384
2025-05-03 17:34:05,116 - INFO - JOUEUR: Raquette gauche déplacée de 321 à 328
2025-05-03 17:34:05,117 - INFO - IA: Raquette droite déplacée de 384 à 378
2025-05-03 17:34:05,134 - INFO - JOUEUR: Raquette gauche déplacée de 328 à 335
2025-05-03 17:34:05,134 - INFO - IA: Raquette droite déplacée de 378 à 372
2025-05-03 17:34:05,134 - INFO - COLLISION: Balle a rebondi sur une raquette à la position (13, 423)
2025-05-03 17:34:05,151 - INFO - JOUEUR: Raquette gauche déplacée de 335 à 342
2025-05-03 17:34:05,151 - INFO - IA: Raquette droite déplacée de 372 à 366
2025-05-03 17:34:05,151 - INFO - COLLISION: Balle a rebondi sur une raquette à la position (19, 418)
2025-05-03 17:34:05,168 - INFO - JOUEUR: Raquette gauche déplacée de 342 à 349
2025-05-03 17:34:05,168 - INFO - IA: Raquette droite déplacée de 366 à 372
2025-05-03 17:34:05,168 - INFO - COLLISION: Balle a rebondi sur une raquette à la position (13, 413)
2025-05-03 17:34:05,185 - INFO - JOUEUR: Raquette gauche déplacée de 349 à 356
2025-05-03 17:34:05,185 - INFO - IA: Raquette droite déplacée de 372 à 378
2025-05-03 17:34:05,185 - INFO - COLLISION: Balle a rebondi sur une raquette à la position (20, 408)
2025-05-03 17:34:05,203 - INFO - JOUEUR: Raquette gauche déplacée de 356 à 363
2025-05-03 17:34:05,203 - INFO - IA: Raquette droite déplacée de 378 à 384
2025-05-03 17:34:05,203 - INFO - COLLISION: Balle a rebondi sur une raquette à la position (13, 403)
2025-05-03 17:34:05,221 - INFO - JOUEUR: Raquette gauche déplacée de 363 à 370
2025-05-03 17:34:05,222 - INFO - IA: Raquette droite déplacée de 384 à 390
2025-05-03 17:34:05,222 - INFO - COLLISION: Balle a rebondi sur une raquette à la position (21, 398)
2025-05-03 17:34:05,240 - INFO - JOUEUR: Raquette gauche déplacée de 370 à 377
2025-05-03 17:34:05,240 - INFO - IA: Raquette droite déplacée de 390 à 384
2025-05-03 17:34:05,240 - INFO - COLLISION: Balle a rebondi sur une raquette à la position (12, 393)
2025-05-03 17:34:05,257 - INFO - JOUEUR: Raquette gauche déplacée de 377 à 384
2025-05-03 17:34:05,258 - INFO - IA: Raquette droite déplacée de 384 à 378
2025-05-03 17:34:05,258 - INFO - COLLISION: Balle a rebondi sur une raquette à la position (22, 388)
2025-05-03 17:34:05,274 - INFO - JOUEUR: Raquette gauche déplacée de 384 à 390
2025-05-03 17:34:05,275 - INFO - IA: Raquette droite déplacée de 378 à 372
2025-05-03 17:34:05,275 - INFO - COLLISION: Balle a rebondi sur une raquette à la position (11, 383)
2025-05-03 17:34:05,292 - INFO - IA: Raquette droite déplacée de 372 à 366
2025-05-03 17:34:05,292 - INFO - COLLISION: Balle a rebondi sur une raquette à la position (23, 378)
2025-05-03 17:34:05,309 - INFO - IA: Raquette droite déplacée de 366 à 360
2025-05-03 17:34:05,326 - INFO - IA: Raquette droite déplacée de 360 à 354
2025-05-03 17:34:05,327 - INFO - POINT: Joueur droite (IA) marque un point! Score: 0-3
2025-05-03 17:34:05,344 - INFO - IA: Raquette droite déplacée de 354 à 348
2025-05-03 17:34:05,362 - INFO - INPUT: Joueur relâche les touches directionnelles
2025-05-03 17:34:05,362 - INFO - IA: Raquette droite déplacée de 348 à 342
2025-05-03 17:34:05,379 - INFO - IA: Raquette droite déplacée de 342 à 336
2025-05-03 17:34:05,397 - INFO - IA: Raquette droite déplacée de 336 à 330
2025-05-03 17:34:05,414 - INFO - IA: Raquette droite déplacée de 330 à 324
2025-05-03 17:34:05,431 - INFO - IA: Raquette droite déplacée de 324 à 318
2025-05-03 17:34:05,448 - INFO - IA: Raquette droite déplacée de 318 à 312
2025-05-03 17:34:05,465 - INFO - IA: Raquette droite déplacée de 312 à 306
2025-05-03 17:34:05,483 - INFO - IA: Raquette droite déplacée de 306 à 300
2025-05-03 17:34:05,500 - INFO - IA: Raquette droite déplacée de 300 à 294
2025-05-03 17:34:05,517 - INFO - IA: Raquette droite déplacée de 294 à 288
2025-05-03 17:34:05,535 - INFO - IA: Raquette droite déplacée de 288 à 282
2025-05-03 17:34:05,553 - INFO - IA: Raquette droite déplacée de 282 à 276
2025-05-03 17:34:05,570 - INFO - IA: Raquette droite déplacée de 276 à 270
2025-05-03 17:34:05,588 - INFO - IA: Raquette droite déplacée de 270 à 264
2025-05-03 17:34:05,605 - INFO - IA: Raquette droite déplacée de 264 à 258
2025-05-03 17:34:05,622 - INFO - IA: Raquette droite déplacée de 258 à 252
2025-05-03 17:34:05,639 - INFO - IA: Raquette droite déplacée de 252 à 246
2025-05-03 17:34:05,657 - INFO - IA: Raquette droite déplacée de 246 à 240
2025-05-03 17:34:05,673 - INFO - IA: Raquette droite déplacée de 240 à 234
2025-05-03 17:34:05,690 - INFO - IA: Raquette droite déplacée de 234 à 228
2025-05-03 17:34:05,708 - INFO - IA: Raquette droite déplacée de 228 à 222
2025-05-03 17:34:05,725 - INFO - IA: Raquette droite déplacée de 222 à 216
2025-05-03 17:34:05,743 - INFO - IA: Raquette droite déplacée de 216 à 210
2025-05-03 17:34:05,760 - INFO - IA: Raquette droite déplacée de 210 à 204
2025-05-03 17:34:05,778 - INFO - IA: Raquette droite déplacée de 204 à 198
2025-05-03 17:34:05,795 - INFO - INPUT: Joueur appuie sur la touche HAUT
2025-05-03 17:34:05,795 - INFO - JOUEUR: Raquette gauche déplacée de 390 à 383
2025-05-03 17:34:05,795 - INFO - IA: Raquette droite déplacée de 198 à 192
2025-05-03 17:34:05,813 - INFO - JOUEUR: Raquette gauche déplacée de 383 à 376
2025-05-03 17:34:05,813 - INFO - IA: Raquette droite déplacée de 192 à 186
2025-05-03 17:34:05,829 - INFO - JOUEUR: Raquette gauche déplacée de 376 à 369
2025-05-03 17:34:05,830 - INFO - IA: Raquette droite déplacée de 186 à 180
2025-05-03 17:34:05,847 - INFO - JOUEUR: Raquette gauche déplacée de 369 à 362
2025-05-03 17:34:05,847 - INFO - IA: Raquette droite déplacée de 180 à 174
2025-05-03 17:34:05,865 - INFO - JOUEUR: Raquette gauche déplacée de 362 à 355
2025-05-03 17:34:05,865 - INFO - IA: Raquette droite déplacée de 174 à 168
2025-05-03 17:34:05,882 - INFO - JOUEUR: Raquette gauche déplacée de 355 à 348
2025-05-03 17:34:05,883 - INFO - IA: Raquette droite déplacée de 168 à 162
2025-05-03 17:34:05,900 - INFO - JOUEUR: Raquette gauche déplacée de 348 à 341
2025-05-03 17:34:05,900 - INFO - IA: Raquette droite déplacée de 162 à 156
2025-05-03 17:34:05,917 - INFO - JOUEUR: Raquette gauche déplacée de 341 à 334
2025-05-03 17:34:05,917 - INFO - IA: Raquette droite déplacée de 156 à 150
2025-05-03 17:34:05,935 - INFO - JOUEUR: Raquette gauche déplacée de 334 à 327
2025-05-03 17:34:05,935 - INFO - IA: Raquette droite déplacée de 150 à 144
2025-05-03 17:34:05,952 - INFO - JOUEUR: Raquette gauche déplacée de 327 à 320
2025-05-03 17:34:05,952 - INFO - IA: Raquette droite déplacée de 144 à 138
2025-05-03 17:34:05,968 - INFO - JOUEUR: Raquette gauche déplacée de 320 à 313
2025-05-03 17:34:05,968 - INFO - IA: Raquette droite déplacée de 138 à 132
2025-05-03 17:34:05,985 - INFO - JOUEUR: Raquette gauche déplacée de 313 à 306
2025-05-03 17:34:05,985 - INFO - IA: Raquette droite déplacée de 132 à 126
2025-05-03 17:34:06,003 - INFO - JOUEUR: Raquette gauche déplacée de 306 à 299
2025-05-03 17:34:06,003 - INFO - IA: Raquette droite déplacée de 126 à 120
2025-05-03 17:34:06,021 - INFO - JOUEUR: Raquette gauche déplacée de 299 à 292
2025-05-03 17:34:06,022 - INFO - IA: Raquette droite déplacée de 120 à 114
2025-05-03 17:34:06,039 - INFO - JOUEUR: Raquette gauche déplacée de 292 à 285
2025-05-03 17:34:06,039 - INFO - IA: Raquette droite déplacée de 114 à 108
2025-05-03 17:34:06,057 - INFO - JOUEUR: Raquette gauche déplacée de 285 à 278
2025-05-03 17:34:06,057 - INFO - IA: Raquette droite déplacée de 108 à 102
2025-05-03 17:34:06,074 - INFO - JOUEUR: Raquette gauche déplacée de 278 à 271
2025-05-03 17:34:06,074 - INFO - IA: Raquette droite déplacée de 102 à 96
2025-05-03 17:34:06,091 - INFO - JOUEUR: Raquette gauche déplacée de 271 à 264
2025-05-03 17:34:06,091 - INFO - IA: Raquette droite déplacée de 96 à 90
2025-05-03 17:34:06,108 - INFO - JOUEUR: Raquette gauche déplacée de 264 à 257
2025-05-03 17:34:06,108 - INFO - IA: Raquette droite déplacée de 90 à 84
2025-05-03 17:34:06,125 - INFO - JOUEUR: Raquette gauche déplacée de 257 à 250
2025-05-03 17:34:06,126 - INFO - IA: Raquette droite déplacée de 84 à 78
2025-05-03 17:34:06,143 - INFO - JOUEUR: Raquette gauche déplacée de 250 à 243
2025-05-03 17:34:06,143 - INFO - IA: Raquette droite déplacée de 78 à 72
2025-05-03 17:34:06,143 - INFO - COLLISION: Balle a rebondi sur un mur à la position (528, -2)
2025-05-03 17:34:06,161 - INFO - JOUEUR: Raquette gauche déplacée de 243 à 236
2025-05-03 17:34:06,162 - INFO - IA: Raquette droite déplacée de 72 à 66
2025-05-03 17:34:06,178 - INFO - JOUEUR: Raquette gauche déplacée de 236 à 229
2025-05-03 17:34:06,179 - INFO - IA: Raquette droite déplacée de 66 à 60
2025-05-03 17:34:06,196 - INFO - JOUEUR: Raquette gauche déplacée de 229 à 222
2025-05-03 17:34:06,196 - INFO - IA: Raquette droite déplacée de 60 à 54
2025-05-03 17:34:06,213 - INFO - JOUEUR: Raquette gauche déplacée de 222 à 215
2025-05-03 17:34:06,214 - INFO - IA: Raquette droite déplacée de 54 à 48
2025-05-03 17:34:06,232 - INFO - JOUEUR: Raquette gauche déplacée de 215 à 208
2025-05-03 17:34:06,232 - INFO - IA: Raquette droite déplacée de 48 à 42
2025-05-03 17:34:06,249 - INFO - JOUEUR: Raquette gauche déplacée de 208 à 201
2025-05-03 17:34:06,249 - INFO - IA: Raquette droite déplacée de 42 à 36
2025-05-03 17:34:06,249 - INFO - COLLISION: Balle a rebondi sur une raquette à la position (558, 28)
2025-05-03 17:34:06,266 - INFO - JOUEUR: Raquette gauche déplacée de 201 à 194
2025-05-03 17:34:06,266 - INFO - IA: Raquette droite déplacée de 36 à 30
2025-05-03 17:34:06,266 - INFO - COLLISION: Balle a rebondi sur une raquette à la position (553, 33)
2025-05-03 17:34:06,284 - INFO - JOUEUR: Raquette gauche déplacée de 194 à 187
2025-05-03 17:34:06,285 - INFO - IA: Raquette droite déplacée de 30 à 24
2025-05-03 17:34:06,285 - INFO - COLLISION: Balle a rebondi sur une raquette à la position (559, 38)
2025-05-03 17:34:06,303 - INFO - JOUEUR: Raquette gauche déplacée de 187 à 180
2025-05-03 17:34:06,303 - INFO - COLLISION: Balle a rebondi sur une raquette à la position (552, 43)
2025-05-03 17:34:06,320 - INFO - JOUEUR: Raquette gauche déplacée de 180 à 173
2025-05-03 17:34:06,320 - INFO - IA: Raquette droite déplacée de 24 à 18
2025-05-03 17:34:06,321 - INFO - COLLISION: Balle a rebondi sur une raquette à la position (559, 48)
2025-05-03 17:34:06,337 - INFO - JOUEUR: Raquette gauche déplacée de 173 à 166
2025-05-03 17:34:06,337 - INFO - IA: Raquette droite déplacée de 18 à 12
2025-05-03 17:34:06,338 - INFO - COLLISION: Balle a rebondi sur une raquette à la position (551, 53)
2025-05-03 17:34:06,354 - INFO - JOUEUR: Raquette gauche déplacée de 166 à 159
2025-05-03 17:34:06,354 - INFO - IA: Raquette droite déplacée de 12 à 18
2025-05-03 17:34:06,354 - INFO - COLLISION: Balle a rebondi sur une raquette à la position (560, 58)
2025-05-03 17:34:06,371 - INFO - JOUEUR: Raquette gauche déplacée de 159 à 152
2025-05-03 17:34:06,371 - INFO - IA: Raquette droite déplacée de 18 à 12
2025-05-03 17:34:06,390 - INFO - JOUEUR: Raquette gauche déplacée de 152 à 145
2025-05-03 17:34:06,390 - INFO - IA: Raquette droite déplacée de 12 à 18
2025-05-03 17:34:06,407 - INFO - JOUEUR: Raquette gauche déplacée de 145 à 138
2025-05-03 17:34:06,407 - INFO - IA: Raquette droite déplacée de 18 à 12
2025-05-03 17:34:06,425 - INFO - JOUEUR: Raquette gauche déplacée de 138 à 131
2025-05-03 17:34:06,425 - INFO - IA: Raquette droite déplacée de 12 à 18
2025-05-03 17:34:06,443 - INFO - JOUEUR: Raquette gauche déplacée de 131 à 124
2025-05-03 17:34:06,443 - INFO - IA: Raquette droite déplacée de 18 à 24
2025-05-03 17:34:06,462 - INFO - JOUEUR: Raquette gauche déplacée de 124 à 117
2025-05-03 17:34:06,462 - INFO - IA: Raquette droite déplacée de 24 à 30
2025-05-03 17:34:06,480 - INFO - JOUEUR: Raquette gauche déplacée de 117 à 110
2025-05-03 17:34:06,480 - INFO - IA: Raquette droite déplacée de 30 à 36
2025-05-03 17:34:06,499 - INFO - INPUT: Joueur relâche les touches directionnelles
2025-05-03 17:34:06,499 - INFO - IA: Raquette droite déplacée de 36 à 42
2025-05-03 17:34:06,516 - INFO - IA: Raquette droite déplacée de 42 à 48
2025-05-03 17:34:06,534 - INFO - IA: Raquette droite déplacée de 48 à 42
2025-05-03 17:34:06,551 - INFO - IA: Raquette droite déplacée de 42 à 36
2025-05-03 17:34:06,569 - INFO - IA: Raquette droite déplacée de 36 à 42
2025-05-03 17:34:06,586 - INFO - IA: Raquette droite déplacée de 42 à 48
2025-05-03 17:34:06,603 - INFO - IA: Raquette droite déplacée de 48 à 54
2025-05-03 17:34:06,620 - INFO - IA: Raquette droite déplacée de 54 à 60
2025-05-03 17:34:06,638 - INFO - IA: Raquette droite déplacée de 60 à 66
2025-05-03 17:34:06,655 - INFO - IA: Raquette droite déplacée de 66 à 72
2025-05-03 17:34:06,672 - INFO - IA: Raquette droite déplacée de 72 à 78
2025-05-03 17:34:06,690 - INFO - IA: Raquette droite déplacée de 78 à 84
2025-05-03 17:34:06,707 - INFO - IA: Raquette droite déplacée de 84 à 90
2025-05-03 17:34:06,724 - INFO - IA: Raquette droite déplacée de 90 à 96
2025-05-03 17:34:06,741 - INFO - IA: Raquette droite déplacée de 96 à 102
2025-05-03 17:34:06,759 - INFO - IA: Raquette droite déplacée de 102 à 108
2025-05-03 17:34:06,776 - INFO - INPUT: Joueur appuie sur la touche BAS
2025-05-03 17:34:06,777 - INFO - JOUEUR: Raquette gauche déplacée de 110 à 117
2025-05-03 17:34:06,777 - INFO - IA: Raquette droite déplacée de 108 à 114
2025-05-03 17:34:06,794 - INFO - JOUEUR: Raquette gauche déplacée de 117 à 124
2025-05-03 17:34:06,794 - INFO - IA: Raquette droite déplacée de 114 à 120
2025-05-03 17:34:06,812 - INFO - JOUEUR: Raquette gauche déplacée de 124 à 131
2025-05-03 17:34:06,812 - INFO - IA: Raquette droite déplacée de 120 à 126
2025-05-03 17:34:06,829 - INFO - JOUEUR: Raquette gauche déplacée de 131 à 138
2025-05-03 17:34:06,829 - INFO - IA: Raquette droite déplacée de 126 à 132
2025-05-03 17:34:06,846 - INFO - JOUEUR: Raquette gauche déplacée de 138 à 145
2025-05-03 17:34:06,847 - INFO - IA: Raquette droite déplacée de 132 à 138
2025-05-03 17:34:06,864 - INFO - JOUEUR: Raquette gauche déplacée de 145 à 152
2025-05-03 17:34:06,864 - INFO - IA: Raquette droite déplacée de 138 à 144
2025-05-03 17:34:06,882 - INFO - JOUEUR: Raquette gauche déplacée de 152 à 159
2025-05-03 17:34:06,882 - INFO - IA: Raquette droite déplacée de 144 à 150
2025-05-03 17:34:06,899 - INFO - JOUEUR: Raquette gauche déplacée de 159 à 166
2025-05-03 17:34:06,899 - INFO - IA: Raquette droite déplacée de 150 à 156
2025-05-03 17:34:06,917 - INFO - JOUEUR: Raquette gauche déplacée de 166 à 173
2025-05-03 17:34:06,917 - INFO - IA: Raquette droite déplacée de 156 à 162
2025-05-03 17:34:06,935 - INFO - JOUEUR: Raquette gauche déplacée de 173 à 180
2025-05-03 17:34:06,935 - INFO - IA: Raquette droite déplacée de 162 à 168
2025-05-03 17:34:06,952 - INFO - JOUEUR: Raquette gauche déplacée de 180 à 187
2025-05-03 17:34:06,953 - INFO - IA: Raquette droite déplacée de 168 à 174
2025-05-03 17:34:06,970 - INFO - JOUEUR: Raquette gauche déplacée de 187 à 194
2025-05-03 17:34:06,970 - INFO - IA: Raquette droite déplacée de 174 à 180
2025-05-03 17:34:06,988 - INFO - JOUEUR: Raquette gauche déplacée de 194 à 201
2025-05-03 17:34:06,988 - INFO - IA: Raquette droite déplacée de 180 à 174
2025-05-03 17:34:07,005 - INFO - JOUEUR: Raquette gauche déplacée de 201 à 208
2025-05-03 17:34:07,005 - INFO - IA: Raquette droite déplacée de 174 à 168
2025-05-03 17:34:07,021 - INFO - JOUEUR: Raquette gauche déplacée de 208 à 215
2025-05-03 17:34:07,022 - INFO - IA: Raquette droite déplacée de 168 à 162
2025-05-03 17:34:07,039 - INFO - JOUEUR: Raquette gauche déplacée de 215 à 222
2025-05-03 17:34:07,040 - INFO - IA: Raquette droite déplacée de 162 à 168
2025-05-03 17:34:07,057 - INFO - JOUEUR: Raquette gauche déplacée de 222 à 229
2025-05-03 17:34:07,058 - INFO - IA: Raquette droite déplacée de 168 à 174
2025-05-03 17:34:07,076 - INFO - JOUEUR: Raquette gauche déplacée de 229 à 236
2025-05-03 17:34:07,077 - INFO - IA: Raquette droite déplacée de 174 à 180
2025-05-03 17:34:07,095 - INFO - JOUEUR: Raquette gauche déplacée de 236 à 243
2025-05-03 17:34:07,095 - INFO - IA: Raquette droite déplacée de 180 à 186
2025-05-03 17:34:07,112 - INFO - JOUEUR: Raquette gauche déplacée de 243 à 250
2025-05-03 17:34:07,112 - INFO - IA: Raquette droite déplacée de 186 à 192
2025-05-03 17:34:07,129 - INFO - JOUEUR: Raquette gauche déplacée de 250 à 257
2025-05-03 17:34:07,129 - INFO - IA: Raquette droite déplacée de 192 à 198
2025-05-03 17:34:07,146 - INFO - JOUEUR: Raquette gauche déplacée de 257 à 264
2025-05-03 17:34:07,146 - INFO - IA: Raquette droite déplacée de 198 à 204
2025-05-03 17:34:07,163 - INFO - JOUEUR: Raquette gauche déplacée de 264 à 271
2025-05-03 17:34:07,163 - INFO - IA: Raquette droite déplacée de 204 à 210
2025-05-03 17:34:07,181 - INFO - JOUEUR: Raquette gauche déplacée de 271 à 278
2025-05-03 17:34:07,181 - INFO - IA: Raquette droite déplacée de 210 à 216
2025-05-03 17:34:07,199 - INFO - JOUEUR: Raquette gauche déplacée de 278 à 285
2025-05-03 17:34:07,199 - INFO - IA: Raquette droite déplacée de 216 à 222
2025-05-03 17:34:07,216 - INFO - JOUEUR: Raquette gauche déplacée de 285 à 292
2025-05-03 17:34:07,216 - INFO - IA: Raquette droite déplacée de 222 à 228
2025-05-03 17:34:07,233 - INFO - JOUEUR: Raquette gauche déplacée de 292 à 299
2025-05-03 17:34:07,234 - INFO - IA: Raquette droite déplacée de 228 à 234
2025-05-03 17:34:07,250 - INFO - JOUEUR: Raquette gauche déplacée de 299 à 306
2025-05-03 17:34:07,250 - INFO - IA: Raquette droite déplacée de 234 à 240
2025-05-03 17:34:07,268 - INFO - JOUEUR: Raquette gauche déplacée de 306 à 313
2025-05-03 17:34:07,268 - INFO - IA: Raquette droite déplacée de 240 à 246
2025-05-03 17:34:07,285 - INFO - JOUEUR: Raquette gauche déplacée de 313 à 320
2025-05-03 17:34:07,285 - INFO - IA: Raquette droite déplacée de 246 à 252
2025-05-03 17:34:07,285 - INFO - COLLISION: Balle a rebondi sur une raquette à la position (30, 323)
2025-05-03 17:34:07,303 - INFO - INPUT: Joueur relâche les touches directionnelles
2025-05-03 17:34:07,303 - INFO - IA: Raquette droite déplacée de 252 à 258
2025-05-03 17:34:07,320 - INFO - IA: Raquette droite déplacée de 258 à 264
2025-05-03 17:34:07,338 - INFO - IA: Raquette droite déplacée de 264 à 270
2025-05-03 17:34:07,356 - INFO - IA: Raquette droite déplacée de 270 à 276
2025-05-03 17:34:07,373 - INFO - IA: Raquette droite déplacée de 276 à 282
2025-05-03 17:34:07,392 - INFO - IA: Raquette droite déplacée de 282 à 288
2025-05-03 17:34:07,410 - INFO - IA: Raquette droite déplacée de 288 à 294
2025-05-03 17:34:07,427 - INFO - IA: Raquette droite déplacée de 294 à 300
2025-05-03 17:34:07,445 - INFO - IA: Raquette droite déplacée de 300 à 306
2025-05-03 17:34:07,462 - INFO - IA: Raquette droite déplacée de 306 à 312
2025-05-03 17:34:07,479 - INFO - IA: Raquette droite déplacée de 312 à 318
2025-05-03 17:34:07,496 - INFO - IA: Raquette droite déplacée de 318 à 324
2025-05-03 17:34:07,514 - INFO - IA: Raquette droite déplacée de 324 à 330
2025-05-03 17:34:07,531 - INFO - IA: Raquette droite déplacée de 330 à 336
2025-05-03 17:34:07,551 - INFO - INPUT: Joueur appuie sur la touche HAUT
2025-05-03 17:34:07,551 - INFO - JOUEUR: Raquette gauche déplacée de 320 à 313
2025-05-03 17:34:07,551 - INFO - IA: Raquette droite déplacée de 336 à 342
2025-05-03 17:34:07,568 - INFO - JOUEUR: Raquette gauche déplacée de 313 à 306
2025-05-03 17:34:07,568 - INFO - IA: Raquette droite déplacée de 342 à 336
2025-05-03 17:34:07,586 - INFO - JOUEUR: Raquette gauche déplacée de 306 à 299
2025-05-03 17:34:07,586 - INFO - IA: Raquette droite déplacée de 336 à 342
2025-05-03 17:34:07,604 - INFO - JOUEUR: Raquette gauche déplacée de 299 à 292
2025-05-03 17:34:07,604 - INFO - IA: Raquette droite déplacée de 342 à 348
2025-05-03 17:34:07,622 - INFO - JOUEUR: Raquette gauche déplacée de 292 à 285
2025-05-03 17:34:07,622 - INFO - IA: Raquette droite déplacée de 348 à 354
2025-05-03 17:34:07,639 - INFO - JOUEUR: Raquette gauche déplacée de 285 à 278
2025-05-03 17:34:07,639 - INFO - IA: Raquette droite déplacée de 354 à 360
2025-05-03 17:34:07,656 - INFO - JOUEUR: Raquette gauche déplacée de 278 à 271
2025-05-03 17:34:07,656 - INFO - IA: Raquette droite déplacée de 360 à 366
2025-05-03 17:34:07,673 - INFO - JOUEUR: Raquette gauche déplacée de 271 à 264
2025-05-03 17:34:07,673 - INFO - IA: Raquette droite déplacée de 366 à 360
2025-05-03 17:34:07,690 - INFO - JOUEUR: Raquette gauche déplacée de 264 à 257
2025-05-03 17:34:07,690 - INFO - IA: Raquette droite déplacée de 360 à 366
2025-05-03 17:34:07,708 - INFO - JOUEUR: Raquette gauche déplacée de 257 à 250
2025-05-03 17:34:07,708 - INFO - IA: Raquette droite déplacée de 366 à 372
2025-05-03 17:34:07,725 - INFO - JOUEUR: Raquette gauche déplacée de 250 à 243
2025-05-03 17:34:07,725 - INFO - IA: Raquette droite déplacée de 372 à 378
2025-05-03 17:34:07,742 - INFO - JOUEUR: Raquette gauche déplacée de 243 à 236
2025-05-03 17:34:07,743 - INFO - IA: Raquette droite déplacée de 378 à 384
2025-05-03 17:34:07,760 - INFO - JOUEUR: Raquette gauche déplacée de 236 à 229
2025-05-03 17:34:07,760 - INFO - IA: Raquette droite déplacée de 384 à 390
2025-05-03 17:34:07,778 - INFO - JOUEUR: Raquette gauche déplacée de 229 à 222
2025-05-03 17:34:07,795 - INFO - JOUEUR: Raquette gauche déplacée de 222 à 215
2025-05-03 17:34:07,795 - INFO - COLLISION: Balle a rebondi sur un mur à la position (349, 468)
2025-05-03 17:34:07,812 - INFO - JOUEUR: Raquette gauche déplacée de 215 à 208
2025-05-03 17:34:07,829 - INFO - JOUEUR: Raquette gauche déplacée de 208 à 201
2025-05-03 17:34:07,847 - INFO - JOUEUR: Raquette gauche déplacée de 201 à 194
2025-05-03 17:34:07,864 - INFO - JOUEUR: Raquette gauche déplacée de 194 à 187
2025-05-03 17:34:07,883 - INFO - JOUEUR: Raquette gauche déplacée de 187 à 180
2025-05-03 17:34:07,900 - INFO - JOUEUR: Raquette gauche déplacée de 180 à 173
2025-05-03 17:34:07,917 - INFO - JOUEUR: Raquette gauche déplacée de 173 à 166
2025-05-03 17:34:07,935 - INFO - JOUEUR: Raquette gauche déplacée de 166 à 159
2025-05-03 17:34:07,935 - INFO - IA: Raquette droite déplacée de 390 à 384
2025-05-03 17:34:07,952 - INFO - JOUEUR: Raquette gauche déplacée de 159 à 152
2025-05-03 17:34:07,953 - INFO - IA: Raquette droite déplacée de 384 à 390
2025-05-03 17:34:07,969 - INFO - JOUEUR: Raquette gauche déplacée de 152 à 145
2025-05-03 17:34:07,986 - INFO - JOUEUR: Raquette gauche déplacée de 145 à 138
2025-05-03 17:34:08,004 - INFO - JOUEUR: Raquette gauche déplacée de 138 à 131
2025-05-03 17:34:08,022 - INFO - JOUEUR: Raquette gauche déplacée de 131 à 124
2025-05-03 17:34:08,022 - INFO - IA: Raquette droite déplacée de 390 à 384
2025-05-03 17:34:08,040 - INFO - INPUT: Joueur relâche les touches directionnelles
2025-05-03 17:34:08,040 - INFO - IA: Raquette droite déplacée de 384 à 378
2025-05-03 17:34:08,058 - INFO - IA: Raquette droite déplacée de 378 à 384
2025-05-03 17:34:08,076 - INFO - IA: Raquette droite déplacée de 384 à 378
2025-05-03 17:34:08,093 - INFO - IA: Raquette droite déplacée de 378 à 372
2025-05-03 17:34:08,111 - INFO - IA: Raquette droite déplacée de 372 à 366
2025-05-03 17:34:08,129 - INFO - IA: Raquette droite déplacée de 366 à 360
2025-05-03 17:34:08,129 - INFO - COLLISION: Balle a rebondi sur une raquette à la position (558, 373)
2025-05-03 17:34:08,146 - INFO - IA: Raquette droite déplacée de 360 à 354
2025-05-03 17:34:08,163 - INFO - IA: Raquette droite déplacée de 354 à 348
2025-05-03 17:34:08,181 - INFO - IA: Raquette droite déplacée de 348 à 342
2025-05-03 17:34:08,198 - INFO - IA: Raquette droite déplacée de 342 à 336
2025-05-03 17:34:08,215 - INFO - IA: Raquette droite déplacée de 336 à 330
2025-05-03 17:34:08,232 - INFO - IA: Raquette droite déplacée de 330 à 324
2025-05-03 17:34:08,249 - INFO - IA: Raquette droite déplacée de 324 à 330
2025-05-03 17:34:08,266 - INFO - IA: Raquette droite déplacée de 330 à 324
2025-05-03 17:34:08,283 - INFO - IA: Raquette droite déplacée de 324 à 318
2025-05-03 17:34:08,300 - INFO - IA: Raquette droite déplacée de 318 à 312
2025-05-03 17:34:08,317 - INFO - IA: Raquette droite déplacée de 312 à 306
2025-05-03 17:34:08,334 - INFO - IA: Raquette droite déplacée de 306 à 300
2025-05-03 17:34:08,351 - INFO - IA: Raquette droite déplacée de 300 à 294
2025-05-03 17:34:08,368 - INFO - IA: Raquette droite déplacée de 294 à 288
2025-05-03 17:34:08,386 - INFO - IA: Raquette droite déplacée de 288 à 282
2025-05-03 17:34:08,404 - INFO - IA: Raquette droite déplacée de 282 à 276
2025-05-03 17:34:08,421 - INFO - IA: Raquette droite déplacée de 276 à 282
2025-05-03 17:34:08,438 - INFO - IA: Raquette droite déplacée de 282 à 288
2025-05-03 17:34:08,455 - INFO - IA: Raquette droite déplacée de 288 à 282
2025-05-03 17:34:08,472 - INFO - IA: Raquette droite déplacée de 282 à 276
2025-05-03 17:34:08,490 - INFO - IA: Raquette droite déplacée de 276 à 270
2025-05-03 17:34:08,508 - INFO - IA: Raquette droite déplacée de 270 à 264
2025-05-03 17:34:08,525 - INFO - IA: Raquette droite déplacée de 264 à 258
2025-05-03 17:34:08,542 - INFO - IA: Raquette droite déplacée de 258 à 252
2025-05-03 17:34:08,559 - INFO - IA: Raquette droite déplacée de 252 à 246
2025-05-03 17:34:08,577 - INFO - INPUT: Joueur appuie sur la touche HAUT
2025-05-03 17:34:08,577 - INFO - JOUEUR: Raquette gauche déplacée de 124 à 117
2025-05-03 17:34:08,577 - INFO - IA: Raquette droite déplacée de 246 à 240
2025-05-03 17:34:08,594 - INFO - JOUEUR: Raquette gauche déplacée de 117 à 110
2025-05-03 17:34:08,594 - INFO - IA: Raquette droite déplacée de 240 à 234
2025-05-03 17:34:08,611 - INFO - JOUEUR: Raquette gauche déplacée de 110 à 103
2025-05-03 17:34:08,612 - INFO - IA: Raquette droite déplacée de 234 à 228
2025-05-03 17:34:08,629 - INFO - JOUEUR: Raquette gauche déplacée de 103 à 96
2025-05-03 17:34:08,629 - INFO - IA: Raquette droite déplacée de 228 à 222
2025-05-03 17:34:08,647 - INFO - JOUEUR: Raquette gauche déplacée de 96 à 89
2025-05-03 17:34:08,647 - INFO - IA: Raquette droite déplacée de 222 à 216
2025-05-03 17:34:08,664 - INFO - JOUEUR: Raquette gauche déplacée de 89 à 82
2025-05-03 17:34:08,664 - INFO - IA: Raquette droite déplacée de 216 à 210
2025-05-03 17:34:08,682 - INFO - JOUEUR: Raquette gauche déplacée de 82 à 75
2025-05-03 17:34:08,683 - INFO - IA: Raquette droite déplacée de 210 à 204
2025-05-03 17:34:08,700 - INFO - JOUEUR: Raquette gauche déplacée de 75 à 68
2025-05-03 17:34:08,700 - INFO - IA: Raquette droite déplacée de 204 à 198
2025-05-03 17:34:08,718 - INFO - JOUEUR: Raquette gauche déplacée de 68 à 61
2025-05-03 17:34:08,718 - INFO - IA: Raquette droite déplacée de 198 à 192
2025-05-03 17:34:08,735 - INFO - JOUEUR: Raquette gauche déplacée de 61 à 54
2025-05-03 17:34:08,735 - INFO - IA: Raquette droite déplacée de 192 à 186
2025-05-03 17:34:08,752 - INFO - JOUEUR: Raquette gauche déplacée de 54 à 47
2025-05-03 17:34:08,752 - INFO - IA: Raquette droite déplacée de 186 à 180
2025-05-03 17:34:08,769 - INFO - JOUEUR: Raquette gauche déplacée de 47 à 40
2025-05-03 17:34:08,769 - INFO - IA: Raquette droite déplacée de 180 à 174
2025-05-03 17:34:08,787 - INFO - JOUEUR: Raquette gauche déplacée de 40 à 33
2025-05-03 17:34:08,787 - INFO - IA: Raquette droite déplacée de 174 à 168
2025-05-03 17:34:08,805 - INFO - INPUT: Joueur relâche les touches directionnelles
2025-05-03 17:34:08,805 - INFO - IA: Raquette droite déplacée de 168 à 162
2025-05-03 17:34:08,823 - INFO - IA: Raquette droite déplacée de 162 à 156
2025-05-03 17:34:08,840 - INFO - IA: Raquette droite déplacée de 156 à 150
2025-05-03 17:34:08,858 - INFO - IA: Raquette droite déplacée de 150 à 156
2025-05-03 17:34:08,875 - INFO - IA: Raquette droite déplacée de 156 à 150
2025-05-03 17:34:08,893 - INFO - IA: Raquette droite déplacée de 150 à 144
2025-05-03 17:34:08,910 - INFO - IA: Raquette droite déplacée de 144 à 138
2025-05-03 17:34:08,927 - INFO - IA: Raquette droite déplacée de 138 à 132
2025-05-03 17:34:08,945 - INFO - IA: Raquette droite déplacée de 132 à 126
2025-05-03 17:34:08,945 - INFO - POINT: Joueur droite (IA) marque un point! Score: 0-4
2025-05-03 17:34:08,962 - INFO - IA: Raquette droite déplacée de 126 à 120
2025-05-03 17:34:08,980 - INFO - INPUT: Joueur appuie sur la touche BAS
2025-05-03 17:34:08,980 - INFO - JOUEUR: Raquette gauche déplacée de 33 à 40
2025-05-03 17:34:08,980 - INFO - IA: Raquette droite déplacée de 120 à 126
2025-05-03 17:34:08,997 - INFO - JOUEUR: Raquette gauche déplacée de 40 à 47
2025-05-03 17:34:08,997 - INFO - IA: Raquette droite déplacée de 126 à 132
2025-05-03 17:34:09,014 - INFO - JOUEUR: Raquette gauche déplacée de 47 à 54
2025-05-03 17:34:09,014 - INFO - IA: Raquette droite déplacée de 132 à 138
2025-05-03 17:34:09,031 - INFO - JOUEUR: Raquette gauche déplacée de 54 à 61
2025-05-03 17:34:09,031 - INFO - IA: Raquette droite déplacée de 138 à 144
2025-05-03 17:34:09,049 - INFO - JOUEUR: Raquette gauche déplacée de 61 à 68
2025-05-03 17:34:09,049 - INFO - IA: Raquette droite déplacée de 144 à 150
2025-05-03 17:34:09,066 - INFO - JOUEUR: Raquette gauche déplacée de 68 à 75
2025-05-03 17:34:09,066 - INFO - IA: Raquette droite déplacée de 150 à 156
2025-05-03 17:34:09,083 - INFO - JOUEUR: Raquette gauche déplacée de 75 à 82
2025-05-03 17:34:09,083 - INFO - IA: Raquette droite déplacée de 156 à 162
2025-05-03 17:34:09,101 - INFO - JOUEUR: Raquette gauche déplacée de 82 à 89
2025-05-03 17:34:09,101 - INFO - IA: Raquette droite déplacée de 162 à 168
2025-05-03 17:34:09,118 - INFO - JOUEUR: Raquette gauche déplacée de 89 à 96
2025-05-03 17:34:09,118 - INFO - IA: Raquette droite déplacée de 168 à 174
2025-05-03 17:34:09,135 - INFO - JOUEUR: Raquette gauche déplacée de 96 à 103
2025-05-03 17:34:09,135 - INFO - IA: Raquette droite déplacée de 174 à 180
2025-05-03 17:34:09,152 - INFO - JOUEUR: Raquette gauche déplacée de 103 à 110
2025-05-03 17:34:09,153 - INFO - IA: Raquette droite déplacée de 180 à 186
2025-05-03 17:34:09,170 - INFO - JOUEUR: Raquette gauche déplacée de 110 à 117
2025-05-03 17:34:09,171 - INFO - IA: Raquette droite déplacée de 186 à 192
2025-05-03 17:34:09,188 - INFO - JOUEUR: Raquette gauche déplacée de 117 à 124
2025-05-03 17:34:09,188 - INFO - IA: Raquette droite déplacée de 192 à 198
2025-05-03 17:34:09,205 - INFO - JOUEUR: Raquette gauche déplacée de 124 à 131
2025-05-03 17:34:09,206 - INFO - IA: Raquette droite déplacée de 198 à 204
2025-05-03 17:34:09,223 - INFO - JOUEUR: Raquette gauche déplacée de 131 à 138
2025-05-03 17:34:09,223 - INFO - IA: Raquette droite déplacée de 204 à 210
2025-05-03 17:34:09,241 - INFO - JOUEUR: Raquette gauche déplacée de 138 à 145
2025-05-03 17:34:09,241 - INFO - IA: Raquette droite déplacée de 210 à 216
2025-05-03 17:34:09,258 - INFO - JOUEUR: Raquette gauche déplacée de 145 à 152
2025-05-03 17:34:09,258 - INFO - IA: Raquette droite déplacée de 216 à 222
2025-05-03 17:34:09,276 - INFO - INPUT: Joueur relâche les touches directionnelles
2025-05-03 17:34:09,276 - INFO - IA: Raquette droite déplacée de 222 à 228
2025-05-03 17:34:09,294 - INFO - IA: Raquette droite déplacée de 228 à 234
2025-05-03 17:34:09,312 - INFO - IA: Raquette droite déplacée de 234 à 240
2025-05-03 17:34:09,329 - INFO - IA: Raquette droite déplacée de 240 à 246
2025-05-03 17:34:09,347 - INFO - IA: Raquette droite déplacée de 246 à 252
2025-05-03 17:34:09,364 - INFO - IA: Raquette droite déplacée de 252 à 258
2025-05-03 17:34:09,382 - INFO - IA: Raquette droite déplacée de 258 à 264
2025-05-03 17:34:09,399 - INFO - IA: Raquette droite déplacée de 264 à 270
2025-05-03 17:34:09,416 - INFO - IA: Raquette droite déplacée de 270 à 276
2025-05-03 17:34:09,434 - INFO - IA: Raquette droite déplacée de 276 à 282
2025-05-03 17:34:09,451 - INFO - IA: Raquette droite déplacée de 282 à 288
2025-05-03 17:34:09,468 - INFO - IA: Raquette droite déplacée de 288 à 294
2025-05-03 17:34:09,485 - INFO - IA: Raquette droite déplacée de 294 à 300
2025-05-03 17:34:09,502 - INFO - IA: Raquette droite déplacée de 300 à 306
2025-05-03 17:34:09,520 - INFO - IA: Raquette droite déplacée de 306 à 312
2025-05-03 17:34:09,537 - INFO - IA: Raquette droite déplacée de 312 à 318
2025-05-03 17:34:09,555 - INFO - IA: Raquette droite déplacée de 318 à 324
2025-05-03 17:34:09,572 - INFO - IA: Raquette droite déplacée de 324 à 330
2025-05-03 17:34:09,590 - INFO - IA: Raquette droite déplacée de 330 à 336
2025-05-03 17:34:09,608 - INFO - IA: Raquette droite déplacée de 336 à 342
2025-05-03 17:34:09,625 - INFO - IA: Raquette droite déplacée de 342 à 348
2025-05-03 17:34:09,644 - INFO - IA: Raquette droite déplacée de 348 à 354
2025-05-03 17:34:09,661 - INFO - IA: Raquette droite déplacée de 354 à 360
2025-05-03 17:34:09,678 - INFO - IA: Raquette droite déplacée de 360 à 366
2025-05-03 17:34:09,696 - INFO - IA: Raquette droite déplacée de 366 à 372
2025-05-03 17:34:09,713 - INFO - IA: Raquette droite déplacée de 372 à 378
2025-05-03 17:34:09,731 - INFO - IA: Raquette droite déplacée de 378 à 384
2025-05-03 17:34:09,748 - INFO - IA: Raquette droite déplacée de 384 à 390
2025-05-03 17:34:09,765 - INFO - COLLISION: Balle a rebondi sur un mur à la position (528, 468)
2025-05-03 17:34:09,851 - INFO - COLLISION: Balle a rebondi sur une raquette à la position (553, 443)
2025-05-03 17:34:09,920 - INFO - IA: Raquette droite déplacée de 390 à 384
2025-05-03 17:34:09,937 - INFO - IA: Raquette droite déplacée de 384 à 390
2025-05-03 17:34:09,954 - INFO - IA: Raquette droite déplacée de 390 à 384
2025-05-03 17:34:09,971 - INFO - IA: Raquette droite déplacée de 384 à 378
2025-05-03 17:34:09,989 - INFO - IA: Raquette droite déplacée de 378 à 384
2025-05-03 17:34:10,026 - INFO - IA: Raquette droite déplacée de 384 à 378
2025-05-03 17:34:10,043 - INFO - IA: Raquette droite déplacée de 378 à 372
2025-05-03 17:34:10,060 - INFO - IA: Raquette droite déplacée de 372 à 366
2025-05-03 17:34:10,078 - INFO - IA: Raquette droite déplacée de 366 à 360
2025-05-03 17:34:10,096 - INFO - IA: Raquette droite déplacée de 360 à 354
2025-05-03 17:34:10,112 - INFO - IA: Raquette droite déplacée de 354 à 348
2025-05-03 17:34:10,130 - INFO - IA: Raquette droite déplacée de 348 à 342
2025-05-03 17:34:10,147 - INFO - IA: Raquette droite déplacée de 342 à 336
2025-05-03 17:34:10,165 - INFO - IA: Raquette droite déplacée de 336 à 330
2025-05-03 17:34:10,182 - INFO - IA: Raquette droite déplacée de 330 à 324
2025-05-03 17:34:10,199 - INFO - IA: Raquette droite déplacée de 324 à 318
2025-05-03 17:34:10,216 - INFO - IA: Raquette droite déplacée de 318 à 312
2025-05-03 17:34:10,233 - INFO - IA: Raquette droite déplacée de 312 à 306
2025-05-03 17:34:10,252 - INFO - IA: Raquette droite déplacée de 306 à 300
2025-05-03 17:34:10,270 - INFO - IA: Raquette droite déplacée de 300 à 306
2025-05-03 17:34:10,287 - INFO - IA: Raquette droite déplacée de 306 à 312
2025-05-03 17:34:10,304 - INFO - IA: Raquette droite déplacée de 312 à 318
2025-05-03 17:34:10,321 - INFO - IA: Raquette droite déplacée de 318 à 312
2025-05-03 17:34:10,338 - INFO - IA: Raquette droite déplacée de 312 à 306
2025-05-03 17:34:10,357 - INFO - IA: Raquette droite déplacée de 306 à 300
2025-05-03 17:34:10,375 - INFO - IA: Raquette droite déplacée de 300 à 294
2025-05-03 17:34:10,392 - INFO - IA: Raquette droite déplacée de 294 à 288
2025-05-03 17:34:10,410 - INFO - IA: Raquette droite déplacée de 288 à 282
2025-05-03 17:34:10,428 - INFO - IA: Raquette droite déplacée de 282 à 276
2025-05-03 17:34:10,445 - INFO - IA: Raquette droite déplacée de 276 à 270
2025-05-03 17:34:10,462 - INFO - IA: Raquette droite déplacée de 270 à 264
2025-05-03 17:34:10,481 - INFO - IA: Raquette droite déplacée de 264 à 258
2025-05-03 17:34:10,500 - INFO - IA: Raquette droite déplacée de 258 à 252
2025-05-03 17:34:10,518 - INFO - IA: Raquette droite déplacée de 252 à 246
2025-05-03 17:34:10,536 - INFO - IA: Raquette droite déplacée de 246 à 240
2025-05-03 17:34:10,555 - INFO - IA: Raquette droite déplacée de 240 à 234
2025-05-03 17:34:10,574 - INFO - IA: Raquette droite déplacée de 234 à 228
2025-05-03 17:34:10,594 - INFO - IA: Raquette droite déplacée de 228 à 222
2025-05-03 17:34:10,612 - INFO - IA: Raquette droite déplacée de 222 à 216
2025-05-03 17:34:10,630 - INFO - IA: Raquette droite déplacée de 216 à 210
2025-05-03 17:34:10,649 - INFO - IA: Raquette droite déplacée de 210 à 204
2025-05-03 17:34:10,667 - INFO - IA: Raquette droite déplacée de 204 à 198
2025-05-03 17:34:10,684 - INFO - IA: Raquette droite déplacée de 198 à 192
2025-05-03 17:34:10,702 - INFO - IA: Raquette droite déplacée de 192 à 186
2025-05-03 17:34:10,720 - INFO - IA: Raquette droite déplacée de 186 à 180
2025-05-03 17:34:10,737 - INFO - IA: Raquette droite déplacée de 180 à 174
2025-05-03 17:34:10,754 - INFO - IA: Raquette droite déplacée de 174 à 168
2025-05-03 17:34:10,772 - INFO - IA: Raquette droite déplacée de 168 à 162
2025-05-03 17:34:10,791 - INFO - IA: Raquette droite déplacée de 162 à 156
2025-05-03 17:34:10,809 - INFO - IA: Raquette droite déplacée de 156 à 150
2025-05-03 17:34:10,828 - INFO - IA: Raquette droite déplacée de 150 à 144
2025-05-03 17:34:10,846 - INFO - IA: Raquette droite déplacée de 144 à 138
2025-05-03 17:34:10,863 - INFO - IA: Raquette droite déplacée de 138 à 132
2025-05-03 17:34:10,880 - INFO - IA: Raquette droite déplacée de 132 à 126
2025-05-03 17:34:10,897 - INFO - IA: Raquette droite déplacée de 126 à 120
2025-05-03 17:34:10,916 - INFO - IA: Raquette droite déplacée de 120 à 126
2025-05-03 17:34:10,935 - INFO - IA: Raquette droite déplacée de 126 à 132
2025-05-03 17:34:10,953 - INFO - IA: Raquette droite déplacée de 132 à 126
2025-05-03 17:34:10,971 - INFO - IA: Raquette droite déplacée de 126 à 120
2025-05-03 17:34:10,992 - INFO - IA: Raquette droite déplacée de 120 à 114
2025-05-03 17:34:11,011 - INFO - IA: Raquette droite déplacée de 114 à 108
2025-05-03 17:34:11,029 - INFO - IA: Raquette droite déplacée de 108 à 102
2025-05-03 17:34:11,047 - INFO - IA: Raquette droite déplacée de 102 à 96
2025-05-03 17:34:11,064 - INFO - IA: Raquette droite déplacée de 96 à 90
2025-05-03 17:34:11,082 - INFO - IA: Raquette droite déplacée de 90 à 84
2025-05-03 17:34:11,168 - INFO - IA: Raquette droite déplacée de 84 à 78
