2025-05-03 17:37:31,747 - INFO - IA: Raquette IA initialisée à la position (565, 195)
2025-05-03 17:37:31,748 - INFO - IA: Niveau défini - Vitesse: 6, Précision: 25, Réaction: 0.85
2025-05-03 17:37:31,749 - INFO - Jeu initialisé avec succès
2025-05-03 17:37:31,749 - INFO - Taille de l'écran: 600x480
2025-05-03 17:37:31,749 - INFO - Position initiale raquette gauche: <rect(20, 195, 15, 90)>
2025-05-03 17:37:31,749 - INFO - Position initiale raquette droite: <rect(565, 195, 15, 90)>
2025-05-03 17:37:31,749 - INFO - Position initiale balle: <rect(293, 233, 15, 15)>
2025-05-03 17:37:31,750 - INFO - IA: Raquette droite déplacée de 195 à 189
2025-05-03 17:37:31,766 - INFO - IA: Raquette droite déplacée de 189 à 195
2025-05-03 17:37:31,782 - INFO - IA: Raquette droite déplacée de 195 à 201
2025-05-03 17:37:31,800 - INFO - IA: Raquette droite déplacée de 201 à 207
2025-05-03 17:37:31,817 - INFO - IA: Raquette droite déplacée de 207 à 213
2025-05-03 17:37:31,834 - INFO - IA: Raquette droite déplacée de 213 à 219
2025-05-03 17:37:31,849 - INFO - IA: Raquette droite déplacée de 219 à 225
2025-05-03 17:37:31,866 - INFO - IA: Raquette droite déplacée de 225 à 231
2025-05-03 17:37:31,882 - INFO - IA: Raquette droite déplacée de 231 à 237
2025-05-03 17:37:31,900 - INFO - IA: Raquette droite déplacée de 237 à 243
2025-05-03 17:37:31,917 - INFO - IA: Raquette droite déplacée de 243 à 249
2025-05-03 17:37:31,932 - INFO - IA: Raquette droite déplacée de 249 à 243
2025-05-03 17:37:31,950 - INFO - IA: Raquette droite déplacée de 243 à 249
2025-05-03 17:37:31,966 - INFO - IA: Raquette droite déplacée de 249 à 243
2025-05-03 17:37:31,983 - INFO - IA: Raquette droite déplacée de 243 à 237
2025-05-03 17:37:32,001 - INFO - PAUSE: Jeu mis en pause
2025-05-03 17:37:33,428 - INFO - PAUSE: Jeu quitté (via bouton)
2025-05-03 17:37:38,409 - INFO - IA: Raquette IA initialisée à la position (565, 195)
2025-05-03 17:37:38,409 - INFO - IA: Niveau défini - Vitesse: 6, Précision: 25, Réaction: 0.85
2025-05-03 17:37:38,410 - INFO - Jeu initialisé avec succès
2025-05-03 17:37:38,410 - INFO - Taille de l'écran: 600x480
2025-05-03 17:37:38,410 - INFO - Position initiale raquette gauche: <rect(20, 195, 15, 90)>
2025-05-03 17:37:38,411 - INFO - Position initiale raquette droite: <rect(565, 195, 15, 90)>
2025-05-03 17:37:38,411 - INFO - Position initiale balle: <rect(293, 233, 15, 15)>
2025-05-03 17:37:38,411 - INFO - IA: Raquette droite déplacée de 195 à 201
2025-05-03 17:37:38,427 - INFO - IA: Raquette droite déplacée de 201 à 207
2025-05-03 17:37:38,443 - INFO - IA: Raquette droite déplacée de 207 à 201
2025-05-03 17:37:38,461 - INFO - IA: Raquette droite déplacée de 201 à 207
2025-05-03 17:37:38,477 - INFO - IA: Raquette droite déplacée de 207 à 201
2025-05-03 17:37:38,493 - INFO - IA: Raquette droite déplacée de 201 à 207
2025-05-03 17:37:38,510 - INFO - IA: Raquette droite déplacée de 207 à 213
2025-05-03 17:37:38,526 - INFO - IA: Raquette droite déplacée de 213 à 219
2025-05-03 17:37:38,543 - INFO - IA: Raquette droite déplacée de 219 à 225
2025-05-03 17:37:38,558 - INFO - IA: Raquette droite déplacée de 225 à 231
2025-05-03 17:37:38,575 - INFO - IA: Raquette droite déplacée de 231 à 237
2025-05-03 17:37:38,592 - INFO - IA: Raquette droite déplacée de 237 à 243
2025-05-03 17:37:38,610 - INFO - IA: Raquette droite déplacée de 243 à 249
2025-05-03 17:37:38,627 - INFO - IA: Raquette droite déplacée de 249 à 255
2025-05-03 17:37:38,643 - INFO - IA: Raquette droite déplacée de 255 à 261
2025-05-03 17:37:38,660 - INFO - IA: Raquette droite déplacée de 261 à 255
2025-05-03 17:37:38,678 - INFO - IA: Raquette droite déplacée de 255 à 249
2025-05-03 17:37:38,694 - INFO - IA: Raquette droite déplacée de 249 à 255
2025-05-03 17:37:38,710 - INFO - IA: Raquette droite déplacée de 255 à 261
2025-05-03 17:37:38,726 - INFO - IA: Raquette droite déplacée de 261 à 267
2025-05-03 17:37:38,743 - INFO - IA: Raquette droite déplacée de 267 à 273
2025-05-03 17:37:38,760 - INFO - IA: Raquette droite déplacée de 273 à 279
2025-05-03 17:37:38,777 - INFO - IA: Raquette droite déplacée de 279 à 285
2025-05-03 17:37:38,792 - INFO - IA: Raquette droite déplacée de 285 à 291
2025-05-03 17:37:38,810 - INFO - IA: Raquette droite déplacée de 291 à 297
2025-05-03 17:37:38,827 - INFO - IA: Raquette droite déplacée de 297 à 303
2025-05-03 17:37:38,843 - INFO - IA: Raquette droite déplacée de 303 à 309
2025-05-03 17:37:38,859 - INFO - IA: Raquette droite déplacée de 309 à 303
2025-05-03 17:37:38,876 - INFO - IA: Raquette droite déplacée de 303 à 297
2025-05-03 17:37:38,893 - INFO - IA: Raquette droite déplacée de 297 à 303
2025-05-03 17:37:38,910 - INFO - IA: Raquette droite déplacée de 303 à 309
2025-05-03 17:37:38,925 - INFO - IA: Raquette droite déplacée de 309 à 315
2025-05-03 17:37:38,942 - INFO - IA: Raquette droite déplacée de 315 à 321
2025-05-03 17:37:38,957 - INFO - IA: Raquette droite déplacée de 321 à 327
2025-05-03 17:37:38,974 - INFO - IA: Raquette droite déplacée de 327 à 333
2025-05-03 17:37:38,989 - INFO - IA: Raquette droite déplacée de 333 à 339
2025-05-03 17:37:39,006 - INFO - IA: Raquette droite déplacée de 339 à 345
2025-05-03 17:37:39,022 - INFO - IA: Raquette droite déplacée de 345 à 351
2025-05-03 17:37:39,040 - INFO - IA: Raquette droite déplacée de 351 à 357
2025-05-03 17:37:39,057 - INFO - IA: Raquette droite déplacée de 357 à 363
2025-05-03 17:37:39,075 - INFO - IA: Raquette droite déplacée de 363 à 369
2025-05-03 17:37:39,093 - INFO - IA: Raquette droite déplacée de 369 à 375
2025-05-03 17:37:39,109 - INFO - IA: Raquette droite déplacée de 375 à 381
2025-05-03 17:37:39,126 - INFO - IA: Raquette droite déplacée de 381 à 387
2025-05-03 17:37:39,142 - INFO - IA: Raquette droite déplacée de 387 à 390
2025-05-03 17:37:39,177 - INFO - COLLISION: Balle a rebondi sur un mur à la position (528, 468)
2025-05-03 17:37:39,259 - INFO - COLLISION: Balle a rebondi sur une raquette à la position (553, 443)
2025-05-03 17:37:39,309 - INFO - IA: Raquette droite déplacée de 390 à 384
2025-05-03 17:37:39,325 - INFO - IA: Raquette droite déplacée de 384 à 390
2025-05-03 17:37:39,342 - INFO - IA: Raquette droite déplacée de 390 à 384
2025-05-03 17:37:39,359 - INFO - IA: Raquette droite déplacée de 384 à 378
2025-05-03 17:37:39,375 - INFO - IA: Raquette droite déplacée de 378 à 372
2025-05-03 17:37:39,391 - INFO - IA: Raquette droite déplacée de 372 à 378
2025-05-03 17:37:39,407 - INFO - IA: Raquette droite déplacée de 378 à 384
2025-05-03 17:37:39,423 - INFO - IA: Raquette droite déplacée de 384 à 378
2025-05-03 17:37:39,441 - INFO - IA: Raquette droite déplacée de 378 à 372
2025-05-03 17:37:39,457 - INFO - IA: Raquette droite déplacée de 372 à 366
2025-05-03 17:37:39,473 - INFO - IA: Raquette droite déplacée de 366 à 360
2025-05-03 17:37:39,491 - INFO - IA: Raquette droite déplacée de 360 à 354
2025-05-03 17:37:39,508 - INFO - IA: Raquette droite déplacée de 354 à 348
2025-05-03 17:37:39,524 - INFO - IA: Raquette droite déplacée de 348 à 342
2025-05-03 17:37:39,540 - INFO - INPUT: Joueur appuie sur la touche BAS
2025-05-03 17:37:39,540 - INFO - JOUEUR: Raquette gauche déplacée de 195 à 202
2025-05-03 17:37:39,540 - INFO - IA: Raquette droite déplacée de 342 à 336
2025-05-03 17:37:39,557 - INFO - JOUEUR: Raquette gauche déplacée de 202 à 209
2025-05-03 17:37:39,557 - INFO - IA: Raquette droite déplacée de 336 à 330
2025-05-03 17:37:39,573 - INFO - JOUEUR: Raquette gauche déplacée de 209 à 216
2025-05-03 17:37:39,573 - INFO - IA: Raquette droite déplacée de 330 à 324
2025-05-03 17:37:39,589 - INFO - JOUEUR: Raquette gauche déplacée de 216 à 223
2025-05-03 17:37:39,589 - INFO - IA: Raquette droite déplacée de 324 à 330
2025-05-03 17:37:39,606 - INFO - JOUEUR: Raquette gauche déplacée de 223 à 230
2025-05-03 17:37:39,606 - INFO - IA: Raquette droite déplacée de 330 à 336
2025-05-03 17:37:39,622 - INFO - JOUEUR: Raquette gauche déplacée de 230 à 237
2025-05-03 17:37:39,622 - INFO - IA: Raquette droite déplacée de 336 à 330
2025-05-03 17:37:39,639 - INFO - JOUEUR: Raquette gauche déplacée de 237 à 244
2025-05-03 17:37:39,639 - INFO - IA: Raquette droite déplacée de 330 à 324
2025-05-03 17:37:39,655 - INFO - JOUEUR: Raquette gauche déplacée de 244 à 251
2025-05-03 17:37:39,656 - INFO - IA: Raquette droite déplacée de 324 à 318
2025-05-03 17:37:39,673 - INFO - JOUEUR: Raquette gauche déplacée de 251 à 258
2025-05-03 17:37:39,673 - INFO - IA: Raquette droite déplacée de 318 à 312
2025-05-03 17:37:39,689 - INFO - JOUEUR: Raquette gauche déplacée de 258 à 265
2025-05-03 17:37:39,689 - INFO - IA: Raquette droite déplacée de 312 à 306
2025-05-03 17:37:39,705 - INFO - JOUEUR: Raquette gauche déplacée de 265 à 272
2025-05-03 17:37:39,705 - INFO - IA: Raquette droite déplacée de 306 à 300
2025-05-03 17:37:39,721 - INFO - JOUEUR: Raquette gauche déplacée de 272 à 279
2025-05-03 17:37:39,722 - INFO - IA: Raquette droite déplacée de 300 à 294
2025-05-03 17:37:39,738 - INFO - INPUT: Joueur relâche les touches directionnelles
2025-05-03 17:37:39,738 - INFO - IA: Raquette droite déplacée de 294 à 288
2025-05-03 17:37:39,754 - INFO - IA: Raquette droite déplacée de 288 à 282
2025-05-03 17:37:39,771 - INFO - IA: Raquette droite déplacée de 282 à 276
2025-05-03 17:37:39,787 - INFO - IA: Raquette droite déplacée de 276 à 270
2025-05-03 17:37:39,803 - INFO - IA: Raquette droite déplacée de 270 à 264
2025-05-03 17:37:39,819 - INFO - IA: Raquette droite déplacée de 264 à 258
2025-05-03 17:37:39,836 - INFO - IA: Raquette droite déplacée de 258 à 252
2025-05-03 17:37:39,854 - INFO - IA: Raquette droite déplacée de 252 à 246
2025-05-03 17:37:39,870 - INFO - IA: Raquette droite déplacée de 246 à 240
2025-05-03 17:37:39,887 - INFO - IA: Raquette droite déplacée de 240 à 234
2025-05-03 17:37:39,903 - INFO - IA: Raquette droite déplacée de 234 à 240
2025-05-03 17:37:39,920 - INFO - IA: Raquette droite déplacée de 240 à 234
2025-05-03 17:37:39,937 - INFO - INPUT: Joueur appuie sur la touche HAUT
2025-05-03 17:37:39,937 - INFO - JOUEUR: Raquette gauche déplacée de 279 à 272
2025-05-03 17:37:39,937 - INFO - IA: Raquette droite déplacée de 234 à 228
2025-05-03 17:37:39,953 - INFO - JOUEUR: Raquette gauche déplacée de 272 à 265
2025-05-03 17:37:39,953 - INFO - IA: Raquette droite déplacée de 228 à 222
2025-05-03 17:37:39,969 - INFO - JOUEUR: Raquette gauche déplacée de 265 à 258
2025-05-03 17:37:39,970 - INFO - IA: Raquette droite déplacée de 222 à 216
2025-05-03 17:37:39,986 - INFO - JOUEUR: Raquette gauche déplacée de 258 à 251
2025-05-03 17:37:39,986 - INFO - IA: Raquette droite déplacée de 216 à 210
2025-05-03 17:37:40,002 - INFO - JOUEUR: Raquette gauche déplacée de 251 à 244
2025-05-03 17:37:40,003 - INFO - IA: Raquette droite déplacée de 210 à 204
2025-05-03 17:37:40,019 - INFO - JOUEUR: Raquette gauche déplacée de 244 à 237
2025-05-03 17:37:40,019 - INFO - IA: Raquette droite déplacée de 204 à 198
2025-05-03 17:37:40,035 - INFO - JOUEUR: Raquette gauche déplacée de 237 à 230
2025-05-03 17:37:40,035 - INFO - IA: Raquette droite déplacée de 198 à 192
2025-05-03 17:37:40,051 - INFO - JOUEUR: Raquette gauche déplacée de 230 à 223
2025-05-03 17:37:40,051 - INFO - IA: Raquette droite déplacée de 192 à 186
2025-05-03 17:37:40,067 - INFO - JOUEUR: Raquette gauche déplacée de 223 à 216
2025-05-03 17:37:40,067 - INFO - IA: Raquette droite déplacée de 186 à 180
2025-05-03 17:37:40,084 - INFO - JOUEUR: Raquette gauche déplacée de 216 à 209
2025-05-03 17:37:40,084 - INFO - IA: Raquette droite déplacée de 180 à 174
2025-05-03 17:37:40,100 - INFO - JOUEUR: Raquette gauche déplacée de 209 à 202
2025-05-03 17:37:40,101 - INFO - IA: Raquette droite déplacée de 174 à 168
2025-05-03 17:37:40,116 - INFO - JOUEUR: Raquette gauche déplacée de 202 à 195
2025-05-03 17:37:40,117 - INFO - IA: Raquette droite déplacée de 168 à 162
2025-05-03 17:37:40,132 - INFO - JOUEUR: Raquette gauche déplacée de 195 à 188
2025-05-03 17:37:40,133 - INFO - IA: Raquette droite déplacée de 162 à 156
2025-05-03 17:37:40,149 - INFO - JOUEUR: Raquette gauche déplacée de 188 à 181
2025-05-03 17:37:40,149 - INFO - IA: Raquette droite déplacée de 156 à 150
2025-05-03 17:37:40,165 - INFO - JOUEUR: Raquette gauche déplacée de 181 à 174
2025-05-03 17:37:40,165 - INFO - IA: Raquette droite déplacée de 150 à 144
2025-05-03 17:37:40,180 - INFO - JOUEUR: Raquette gauche déplacée de 174 à 167
2025-05-03 17:37:40,180 - INFO - IA: Raquette droite déplacée de 144 à 138
2025-05-03 17:37:40,198 - INFO - JOUEUR: Raquette gauche déplacée de 167 à 160
2025-05-03 17:37:40,198 - INFO - IA: Raquette droite déplacée de 138 à 132
2025-05-03 17:37:40,214 - INFO - JOUEUR: Raquette gauche déplacée de 160 à 153
2025-05-03 17:37:40,214 - INFO - IA: Raquette droite déplacée de 132 à 138
2025-05-03 17:37:40,231 - INFO - JOUEUR: Raquette gauche déplacée de 153 à 146
2025-05-03 17:37:40,231 - INFO - IA: Raquette droite déplacée de 138 à 132
2025-05-03 17:37:40,248 - INFO - JOUEUR: Raquette gauche déplacée de 146 à 139
2025-05-03 17:37:40,248 - INFO - IA: Raquette droite déplacée de 132 à 126
2025-05-03 17:37:40,264 - INFO - JOUEUR: Raquette gauche déplacée de 139 à 132
2025-05-03 17:37:40,264 - INFO - IA: Raquette droite déplacée de 126 à 120
2025-05-03 17:37:40,280 - INFO - JOUEUR: Raquette gauche déplacée de 132 à 125
2025-05-03 17:37:40,280 - INFO - IA: Raquette droite déplacée de 120 à 114
2025-05-03 17:37:40,296 - INFO - JOUEUR: Raquette gauche déplacée de 125 à 118
2025-05-03 17:37:40,296 - INFO - IA: Raquette droite déplacée de 114 à 108
2025-05-03 17:37:40,313 - INFO - JOUEUR: Raquette gauche déplacée de 118 à 111
2025-05-03 17:37:40,314 - INFO - IA: Raquette droite déplacée de 108 à 102
2025-05-03 17:37:40,330 - INFO - JOUEUR: Raquette gauche déplacée de 111 à 104
2025-05-03 17:37:40,330 - INFO - IA: Raquette droite déplacée de 102 à 108
2025-05-03 17:37:40,348 - INFO - JOUEUR: Raquette gauche déplacée de 104 à 97
2025-05-03 17:37:40,348 - INFO - IA: Raquette droite déplacée de 108 à 102
2025-05-03 17:37:40,365 - INFO - JOUEUR: Raquette gauche déplacée de 97 à 90
2025-05-03 17:37:40,365 - INFO - IA: Raquette droite déplacée de 102 à 96
2025-05-03 17:37:40,382 - INFO - JOUEUR: Raquette gauche déplacée de 90 à 83
2025-05-03 17:37:40,382 - INFO - IA: Raquette droite déplacée de 96 à 90
2025-05-03 17:37:40,399 - INFO - JOUEUR: Raquette gauche déplacée de 83 à 76
2025-05-03 17:37:40,399 - INFO - IA: Raquette droite déplacée de 90 à 84
2025-05-03 17:37:40,416 - INFO - JOUEUR: Raquette gauche déplacée de 76 à 69
2025-05-03 17:37:40,416 - INFO - IA: Raquette droite déplacée de 84 à 78
2025-05-03 17:37:40,432 - INFO - JOUEUR: Raquette gauche déplacée de 69 à 62
2025-05-03 17:37:40,433 - INFO - IA: Raquette droite déplacée de 78 à 72
2025-05-03 17:37:40,450 - INFO - JOUEUR: Raquette gauche déplacée de 62 à 55
2025-05-03 17:37:40,450 - INFO - IA: Raquette droite déplacée de 72 à 66
2025-05-03 17:37:40,465 - INFO - JOUEUR: Raquette gauche déplacée de 55 à 48
2025-05-03 17:37:40,466 - INFO - IA: Raquette droite déplacée de 66 à 60
2025-05-03 17:37:40,482 - INFO - JOUEUR: Raquette gauche déplacée de 48 à 41
2025-05-03 17:37:40,482 - INFO - IA: Raquette droite déplacée de 60 à 54
2025-05-03 17:37:40,498 - INFO - JOUEUR: Raquette gauche déplacée de 41 à 34
2025-05-03 17:37:40,498 - INFO - IA: Raquette droite déplacée de 54 à 48
2025-05-03 17:37:40,515 - INFO - JOUEUR: Raquette gauche déplacée de 34 à 27
2025-05-03 17:37:40,515 - INFO - IA: Raquette droite déplacée de 48 à 42
2025-05-03 17:37:40,533 - INFO - JOUEUR: Raquette gauche déplacée de 27 à 20
2025-05-03 17:37:40,533 - INFO - IA: Raquette droite déplacée de 42 à 36
2025-05-03 17:37:40,549 - INFO - JOUEUR: Raquette gauche déplacée de 20 à 13
2025-05-03 17:37:40,549 - INFO - IA: Raquette droite déplacée de 36 à 30
2025-05-03 17:37:40,566 - INFO - JOUEUR: Raquette gauche déplacée de 13 à 6
2025-05-03 17:37:40,566 - INFO - IA: Raquette droite déplacée de 30 à 24
2025-05-03 17:37:40,583 - INFO - JOUEUR: Raquette gauche déplacée de 6 à 0
2025-05-03 17:37:40,583 - INFO - IA: Raquette droite déplacée de 24 à 30
2025-05-03 17:37:40,599 - INFO - IA: Raquette droite déplacée de 30 à 24
2025-05-03 17:37:40,616 - INFO - IA: Raquette droite déplacée de 24 à 18
2025-05-03 17:37:40,634 - INFO - INPUT: Joueur relâche les touches directionnelles
2025-05-03 17:37:40,635 - INFO - IA: Raquette droite déplacée de 18 à 12
2025-05-03 17:37:40,650 - INFO - IA: Raquette droite déplacée de 12 à 6
2025-05-03 17:37:40,666 - INFO - IA: Raquette droite déplacée de 6 à 0
2025-05-03 17:37:40,733 - INFO - COLLISION: Balle a rebondi sur un mur à la position (108, -2)
2025-05-03 17:37:40,801 - INFO - INPUT: Joueur appuie sur la touche BAS
2025-05-03 17:37:40,801 - INFO - JOUEUR: Raquette gauche déplacée de 0 à 7
2025-05-03 17:37:40,817 - INFO - JOUEUR: Raquette gauche déplacée de 7 à 14
2025-05-03 17:37:40,834 - INFO - JOUEUR: Raquette gauche déplacée de 14 à 21
2025-05-03 17:37:40,834 - INFO - IA: Raquette droite déplacée de 0 à 6
2025-05-03 17:37:40,850 - INFO - JOUEUR: Raquette gauche déplacée de 21 à 28
2025-05-03 17:37:40,850 - INFO - IA: Raquette droite déplacée de 6 à 12
2025-05-03 17:37:40,866 - INFO - JOUEUR: Raquette gauche déplacée de 28 à 35
2025-05-03 17:37:40,866 - INFO - IA: Raquette droite déplacée de 12 à 18
2025-05-03 17:37:40,883 - INFO - JOUEUR: Raquette gauche déplacée de 35 à 42
2025-05-03 17:37:40,884 - INFO - IA: Raquette droite déplacée de 18 à 12
2025-05-03 17:37:40,900 - INFO - JOUEUR: Raquette gauche déplacée de 42 à 49
2025-05-03 17:37:40,900 - INFO - IA: Raquette droite déplacée de 12 à 18
2025-05-03 17:37:40,917 - INFO - JOUEUR: Raquette gauche déplacée de 49 à 56
2025-05-03 17:37:40,918 - INFO - IA: Raquette droite déplacée de 18 à 12
2025-05-03 17:37:40,933 - INFO - JOUEUR: Raquette gauche déplacée de 56 à 63
2025-05-03 17:37:40,933 - INFO - IA: Raquette droite déplacée de 12 à 18
2025-05-03 17:37:40,949 - INFO - JOUEUR: Raquette gauche déplacée de 63 à 70
2025-05-03 17:37:40,949 - INFO - IA: Raquette droite déplacée de 18 à 12
2025-05-03 17:37:40,966 - INFO - JOUEUR: Raquette gauche déplacée de 70 à 77
2025-05-03 17:37:40,966 - INFO - IA: Raquette droite déplacée de 12 à 6
2025-05-03 17:37:40,984 - INFO - INPUT: Joueur relâche les touches directionnelles
2025-05-03 17:37:40,984 - INFO - IA: Raquette droite déplacée de 6 à 12
2025-05-03 17:37:40,984 - INFO - COLLISION: Balle a rebondi sur une raquette à la position (33, 73)
2025-05-03 17:37:41,000 - INFO - IA: Raquette droite déplacée de 12 à 18
2025-05-03 17:37:41,016 - INFO - IA: Raquette droite déplacée de 18 à 24
2025-05-03 17:37:41,034 - INFO - IA: Raquette droite déplacée de 24 à 30
2025-05-03 17:37:41,050 - INFO - IA: Raquette droite déplacée de 30 à 24
2025-05-03 17:37:41,067 - INFO - IA: Raquette droite déplacée de 24 à 18
2025-05-03 17:37:41,083 - INFO - IA: Raquette droite déplacée de 18 à 24
2025-05-03 17:37:41,101 - INFO - IA: Raquette droite déplacée de 24 à 30
2025-05-03 17:37:41,117 - INFO - IA: Raquette droite déplacée de 30 à 36
2025-05-03 17:37:41,133 - INFO - IA: Raquette droite déplacée de 36 à 42
2025-05-03 17:37:41,151 - INFO - IA: Raquette droite déplacée de 42 à 48
2025-05-03 17:37:41,168 - INFO - IA: Raquette droite déplacée de 48 à 54
2025-05-03 17:37:41,185 - INFO - IA: Raquette droite déplacée de 54 à 60
2025-05-03 17:37:41,202 - INFO - IA: Raquette droite déplacée de 60 à 66
2025-05-03 17:37:41,220 - INFO - IA: Raquette droite déplacée de 66 à 72
2025-05-03 17:37:41,236 - INFO - IA: Raquette droite déplacée de 72 à 78
2025-05-03 17:37:41,252 - INFO - IA: Raquette droite déplacée de 78 à 84
2025-05-03 17:37:41,269 - INFO - IA: Raquette droite déplacée de 84 à 90
2025-05-03 17:37:41,287 - INFO - IA: Raquette droite déplacée de 90 à 96
2025-05-03 17:37:41,303 - INFO - IA: Raquette droite déplacée de 96 à 102
2025-05-03 17:37:41,320 - INFO - IA: Raquette droite déplacée de 102 à 108
2025-05-03 17:37:41,337 - INFO - IA: Raquette droite déplacée de 108 à 114
2025-05-03 17:37:41,353 - INFO - IA: Raquette droite déplacée de 114 à 120
2025-05-03 17:37:41,369 - INFO - IA: Raquette droite déplacée de 120 à 126
2025-05-03 17:37:41,385 - INFO - IA: Raquette droite déplacée de 126 à 132
2025-05-03 17:37:41,401 - INFO - IA: Raquette droite déplacée de 132 à 138
2025-05-03 17:37:41,417 - INFO - IA: Raquette droite déplacée de 138 à 144
2025-05-03 17:37:41,435 - INFO - IA: Raquette droite déplacée de 144 à 138
2025-05-03 17:37:41,452 - INFO - IA: Raquette droite déplacée de 138 à 132
2025-05-03 17:37:41,470 - INFO - IA: Raquette droite déplacée de 132 à 138
2025-05-03 17:37:41,486 - INFO - IA: Raquette droite déplacée de 138 à 144
2025-05-03 17:37:41,502 - INFO - IA: Raquette droite déplacée de 144 à 150
2025-05-03 17:37:41,520 - INFO - IA: Raquette droite déplacée de 150 à 156
2025-05-03 17:37:41,536 - INFO - INPUT: Joueur appuie sur la touche BAS
2025-05-03 17:37:41,536 - INFO - JOUEUR: Raquette gauche déplacée de 77 à 84
2025-05-03 17:37:41,536 - INFO - IA: Raquette droite déplacée de 156 à 162
2025-05-03 17:37:41,552 - INFO - JOUEUR: Raquette gauche déplacée de 84 à 91
2025-05-03 17:37:41,552 - INFO - IA: Raquette droite déplacée de 162 à 168
2025-05-03 17:37:41,570 - INFO - JOUEUR: Raquette gauche déplacée de 91 à 98
2025-05-03 17:37:41,571 - INFO - IA: Raquette droite déplacée de 168 à 174
2025-05-03 17:37:41,587 - INFO - JOUEUR: Raquette gauche déplacée de 98 à 105
2025-05-03 17:37:41,587 - INFO - IA: Raquette droite déplacée de 174 à 180
2025-05-03 17:37:41,603 - INFO - JOUEUR: Raquette gauche déplacée de 105 à 112
2025-05-03 17:37:41,603 - INFO - IA: Raquette droite déplacée de 180 à 186
2025-05-03 17:37:41,621 - INFO - JOUEUR: Raquette gauche déplacée de 112 à 119
2025-05-03 17:37:41,621 - INFO - IA: Raquette droite déplacée de 186 à 192
2025-05-03 17:37:41,639 - INFO - JOUEUR: Raquette gauche déplacée de 119 à 126
2025-05-03 17:37:41,639 - INFO - IA: Raquette droite déplacée de 192 à 198
2025-05-03 17:37:41,655 - INFO - JOUEUR: Raquette gauche déplacée de 126 à 133
2025-05-03 17:37:41,656 - INFO - IA: Raquette droite déplacée de 198 à 204
2025-05-03 17:37:41,671 - INFO - JOUEUR: Raquette gauche déplacée de 133 à 140
2025-05-03 17:37:41,672 - INFO - IA: Raquette droite déplacée de 204 à 210
2025-05-03 17:37:41,688 - INFO - JOUEUR: Raquette gauche déplacée de 140 à 147
2025-05-03 17:37:41,688 - INFO - IA: Raquette droite déplacée de 210 à 216
2025-05-03 17:37:41,705 - INFO - JOUEUR: Raquette gauche déplacée de 147 à 154
2025-05-03 17:37:41,705 - INFO - IA: Raquette droite déplacée de 216 à 222
2025-05-03 17:37:41,721 - INFO - JOUEUR: Raquette gauche déplacée de 154 à 161
2025-05-03 17:37:41,722 - INFO - IA: Raquette droite déplacée de 222 à 228
2025-05-03 17:37:41,738 - INFO - JOUEUR: Raquette gauche déplacée de 161 à 168
2025-05-03 17:37:41,739 - INFO - IA: Raquette droite déplacée de 228 à 234
2025-05-03 17:37:41,755 - INFO - JOUEUR: Raquette gauche déplacée de 168 à 175
2025-05-03 17:37:41,756 - INFO - IA: Raquette droite déplacée de 234 à 240
2025-05-03 17:37:41,772 - INFO - JOUEUR: Raquette gauche déplacée de 175 à 182
2025-05-03 17:37:41,772 - INFO - IA: Raquette droite déplacée de 240 à 246
2025-05-03 17:37:41,789 - INFO - JOUEUR: Raquette gauche déplacée de 182 à 189
2025-05-03 17:37:41,789 - INFO - IA: Raquette droite déplacée de 246 à 252
2025-05-03 17:37:41,805 - INFO - JOUEUR: Raquette gauche déplacée de 189 à 196
2025-05-03 17:37:41,805 - INFO - IA: Raquette droite déplacée de 252 à 258
2025-05-03 17:37:41,821 - INFO - JOUEUR: Raquette gauche déplacée de 196 à 203
2025-05-03 17:37:41,822 - INFO - IA: Raquette droite déplacée de 258 à 264
2025-05-03 17:37:41,838 - INFO - JOUEUR: Raquette gauche déplacée de 203 à 210
2025-05-03 17:37:41,839 - INFO - IA: Raquette droite déplacée de 264 à 270
2025-05-03 17:37:41,855 - INFO - JOUEUR: Raquette gauche déplacée de 210 à 217
2025-05-03 17:37:41,856 - INFO - IA: Raquette droite déplacée de 270 à 276
2025-05-03 17:37:41,872 - INFO - JOUEUR: Raquette gauche déplacée de 217 à 224
2025-05-03 17:37:41,872 - INFO - IA: Raquette droite déplacée de 276 à 282
2025-05-03 17:37:41,889 - INFO - JOUEUR: Raquette gauche déplacée de 224 à 231
2025-05-03 17:37:41,889 - INFO - IA: Raquette droite déplacée de 282 à 288
2025-05-03 17:37:41,905 - INFO - JOUEUR: Raquette gauche déplacée de 231 à 238
2025-05-03 17:37:41,906 - INFO - IA: Raquette droite déplacée de 288 à 294
2025-05-03 17:37:41,922 - INFO - JOUEUR: Raquette gauche déplacée de 238 à 245
2025-05-03 17:37:41,922 - INFO - IA: Raquette droite déplacée de 294 à 288
2025-05-03 17:37:41,939 - INFO - JOUEUR: Raquette gauche déplacée de 245 à 252
2025-05-03 17:37:41,939 - INFO - IA: Raquette droite déplacée de 288 à 294
2025-05-03 17:37:41,956 - INFO - JOUEUR: Raquette gauche déplacée de 252 à 259
2025-05-03 17:37:41,956 - INFO - IA: Raquette droite déplacée de 294 à 300
2025-05-03 17:37:41,972 - INFO - JOUEUR: Raquette gauche déplacée de 259 à 266
2025-05-03 17:37:41,972 - INFO - IA: Raquette droite déplacée de 300 à 306
2025-05-03 17:37:41,988 - INFO - JOUEUR: Raquette gauche déplacée de 266 à 273
2025-05-03 17:37:41,988 - INFO - IA: Raquette droite déplacée de 306 à 312
2025-05-03 17:37:42,005 - INFO - INPUT: Joueur relâche les touches directionnelles
2025-05-03 17:37:42,005 - INFO - IA: Raquette droite déplacée de 312 à 318
2025-05-03 17:37:42,021 - INFO - IA: Raquette droite déplacée de 318 à 324
2025-05-03 17:37:42,038 - INFO - IA: Raquette droite déplacée de 324 à 330
2025-05-03 17:37:42,055 - INFO - IA: Raquette droite déplacée de 330 à 336
2025-05-03 17:37:42,071 - INFO - IA: Raquette droite déplacée de 336 à 342
2025-05-03 17:37:42,088 - INFO - IA: Raquette droite déplacée de 342 à 348
2025-05-03 17:37:42,105 - INFO - IA: Raquette droite déplacée de 348 à 354
2025-05-03 17:37:42,122 - INFO - IA: Raquette droite déplacée de 354 à 360
2025-05-03 17:37:42,139 - INFO - IA: Raquette droite déplacée de 360 à 354
2025-05-03 17:37:42,156 - INFO - IA: Raquette droite déplacée de 354 à 360
2025-05-03 17:37:42,174 - INFO - IA: Raquette droite déplacée de 360 à 366
2025-05-03 17:37:42,190 - INFO - IA: Raquette droite déplacée de 366 à 372
2025-05-03 17:37:42,207 - INFO - IA: Raquette droite déplacée de 372 à 378
2025-05-03 17:37:42,223 - INFO - IA: Raquette droite déplacée de 378 à 384
2025-05-03 17:37:42,241 - INFO - IA: Raquette droite déplacée de 384 à 390
2025-05-03 17:37:42,309 - INFO - COLLISION: Balle a rebondi sur un mur à la position (507, 468)
2025-05-03 17:37:42,442 - INFO - COLLISION: Balle a rebondi sur une raquette à la position (555, 428)
2025-05-03 17:37:42,509 - INFO - IA: Raquette droite déplacée de 390 à 384
2025-05-03 17:37:42,527 - INFO - IA: Raquette droite déplacée de 384 à 378
2025-05-03 17:37:42,545 - INFO - IA: Raquette droite déplacée de 378 à 372
2025-05-03 17:37:42,561 - INFO - IA: Raquette droite déplacée de 372 à 378
2025-05-03 17:37:42,577 - INFO - IA: Raquette droite déplacée de 378 à 372
2025-05-03 17:37:42,593 - INFO - IA: Raquette droite déplacée de 372 à 366
2025-05-03 17:37:42,611 - INFO - INPUT: Joueur appuie sur la touche HAUT
2025-05-03 17:37:42,611 - INFO - JOUEUR: Raquette gauche déplacée de 273 à 266
2025-05-03 17:37:42,611 - INFO - IA: Raquette droite déplacée de 366 à 360
2025-05-03 17:37:42,626 - INFO - JOUEUR: Raquette gauche déplacée de 266 à 259
2025-05-03 17:37:42,626 - INFO - IA: Raquette droite déplacée de 360 à 354
2025-05-03 17:37:42,643 - INFO - JOUEUR: Raquette gauche déplacée de 259 à 252
2025-05-03 17:37:42,644 - INFO - IA: Raquette droite déplacée de 354 à 348
2025-05-03 17:37:42,660 - INFO - JOUEUR: Raquette gauche déplacée de 252 à 245
2025-05-03 17:37:42,660 - INFO - IA: Raquette droite déplacée de 348 à 342
2025-05-03 17:37:42,676 - INFO - JOUEUR: Raquette gauche déplacée de 245 à 238
2025-05-03 17:37:42,676 - INFO - IA: Raquette droite déplacée de 342 à 336
2025-05-03 17:37:42,692 - INFO - JOUEUR: Raquette gauche déplacée de 238 à 231
2025-05-03 17:37:42,692 - INFO - IA: Raquette droite déplacée de 336 à 330
2025-05-03 17:37:42,708 - INFO - JOUEUR: Raquette gauche déplacée de 231 à 224
2025-05-03 17:37:42,708 - INFO - IA: Raquette droite déplacée de 330 à 324
2025-05-03 17:37:42,726 - INFO - JOUEUR: Raquette gauche déplacée de 224 à 217
2025-05-03 17:37:42,726 - INFO - IA: Raquette droite déplacée de 324 à 330
2025-05-03 17:37:42,742 - INFO - JOUEUR: Raquette gauche déplacée de 217 à 210
2025-05-03 17:37:42,742 - INFO - IA: Raquette droite déplacée de 330 à 324
2025-05-03 17:37:42,759 - INFO - JOUEUR: Raquette gauche déplacée de 210 à 203
2025-05-03 17:37:42,759 - INFO - IA: Raquette droite déplacée de 324 à 318
2025-05-03 17:37:42,777 - INFO - JOUEUR: Raquette gauche déplacée de 203 à 196
2025-05-03 17:37:42,777 - INFO - IA: Raquette droite déplacée de 318 à 312
2025-05-03 17:37:42,794 - INFO - JOUEUR: Raquette gauche déplacée de 196 à 189
2025-05-03 17:37:42,794 - INFO - IA: Raquette droite déplacée de 312 à 306
2025-05-03 17:37:42,811 - INFO - JOUEUR: Raquette gauche déplacée de 189 à 182
2025-05-03 17:37:42,811 - INFO - IA: Raquette droite déplacée de 306 à 300
2025-05-03 17:37:42,827 - INFO - JOUEUR: Raquette gauche déplacée de 182 à 175
2025-05-03 17:37:42,828 - INFO - IA: Raquette droite déplacée de 300 à 294
2025-05-03 17:37:42,845 - INFO - JOUEUR: Raquette gauche déplacée de 175 à 168
2025-05-03 17:37:42,845 - INFO - IA: Raquette droite déplacée de 294 à 288
2025-05-03 17:37:42,861 - INFO - JOUEUR: Raquette gauche déplacée de 168 à 161
2025-05-03 17:37:42,861 - INFO - IA: Raquette droite déplacée de 288 à 282
2025-05-03 17:37:42,878 - INFO - JOUEUR: Raquette gauche déplacée de 161 à 154
2025-05-03 17:37:42,878 - INFO - IA: Raquette droite déplacée de 282 à 276
2025-05-03 17:37:42,895 - INFO - INPUT: Joueur relâche les touches directionnelles
2025-05-03 17:37:42,895 - INFO - IA: Raquette droite déplacée de 276 à 270
2025-05-03 17:37:42,910 - INFO - IA: Raquette droite déplacée de 270 à 264
2025-05-03 17:37:42,927 - INFO - IA: Raquette droite déplacée de 264 à 270
2025-05-03 17:37:42,944 - INFO - IA: Raquette droite déplacée de 270 à 264
2025-05-03 17:37:42,960 - INFO - IA: Raquette droite déplacée de 264 à 258
2025-05-03 17:37:42,976 - INFO - IA: Raquette droite déplacée de 258 à 252
2025-05-03 17:37:42,994 - INFO - INPUT: Joueur appuie sur la touche HAUT
2025-05-03 17:37:42,994 - INFO - JOUEUR: Raquette gauche déplacée de 154 à 147
2025-05-03 17:37:42,994 - INFO - IA: Raquette droite déplacée de 252 à 246
2025-05-03 17:37:43,010 - INFO - JOUEUR: Raquette gauche déplacée de 147 à 140
2025-05-03 17:37:43,010 - INFO - IA: Raquette droite déplacée de 246 à 240
2025-05-03 17:37:43,026 - INFO - INPUT: Joueur relâche les touches directionnelles
2025-05-03 17:37:43,027 - INFO - IA: Raquette droite déplacée de 240 à 234
2025-05-03 17:37:43,043 - INFO - IA: Raquette droite déplacée de 234 à 240
2025-05-03 17:37:43,059 - INFO - IA: Raquette droite déplacée de 240 à 234
2025-05-03 17:37:43,075 - INFO - IA: Raquette droite déplacée de 234 à 228
2025-05-03 17:37:43,093 - INFO - IA: Raquette droite déplacée de 228 à 222
2025-05-03 17:37:43,109 - INFO - IA: Raquette droite déplacée de 222 à 216
2025-05-03 17:37:43,125 - INFO - IA: Raquette droite déplacée de 216 à 210
2025-05-03 17:37:43,141 - INFO - IA: Raquette droite déplacée de 210 à 204
2025-05-03 17:37:43,158 - INFO - IA: Raquette droite déplacée de 204 à 198
2025-05-03 17:37:43,174 - INFO - IA: Raquette droite déplacée de 198 à 192
2025-05-03 17:37:43,192 - INFO - IA: Raquette droite déplacée de 192 à 198
2025-05-03 17:37:43,209 - INFO - IA: Raquette droite déplacée de 198 à 192
2025-05-03 17:37:43,226 - INFO - IA: Raquette droite déplacée de 192 à 186
2025-05-03 17:37:43,242 - INFO - IA: Raquette droite déplacée de 186 à 180
2025-05-03 17:37:43,258 - INFO - IA: Raquette droite déplacée de 180 à 174
2025-05-03 17:37:43,275 - INFO - IA: Raquette droite déplacée de 174 à 168
2025-05-03 17:37:43,291 - INFO - IA: Raquette droite déplacée de 168 à 162
2025-05-03 17:37:43,309 - INFO - IA: Raquette droite déplacée de 162 à 156
2025-05-03 17:37:43,324 - INFO - IA: Raquette droite déplacée de 156 à 150
2025-05-03 17:37:43,341 - INFO - IA: Raquette droite déplacée de 150 à 144
2025-05-03 17:37:43,358 - INFO - IA: Raquette droite déplacée de 144 à 138
2025-05-03 17:37:43,375 - INFO - IA: Raquette droite déplacée de 138 à 132
2025-05-03 17:37:43,391 - INFO - IA: Raquette droite déplacée de 132 à 138
2025-05-03 17:37:43,408 - INFO - INPUT: Joueur appuie sur la touche HAUT
2025-05-03 17:37:43,409 - INFO - JOUEUR: Raquette gauche déplacée de 140 à 133
2025-05-03 17:37:43,409 - INFO - IA: Raquette droite déplacée de 138 à 132
2025-05-03 17:37:43,426 - INFO - JOUEUR: Raquette gauche déplacée de 133 à 126
2025-05-03 17:37:43,426 - INFO - IA: Raquette droite déplacée de 132 à 126
2025-05-03 17:37:43,442 - INFO - JOUEUR: Raquette gauche déplacée de 126 à 119
2025-05-03 17:37:43,443 - INFO - IA: Raquette droite déplacée de 126 à 120
2025-05-03 17:37:43,460 - INFO - JOUEUR: Raquette gauche déplacée de 119 à 112
2025-05-03 17:37:43,460 - INFO - IA: Raquette droite déplacée de 120 à 114
2025-05-03 17:37:43,476 - INFO - JOUEUR: Raquette gauche déplacée de 112 à 105
2025-05-03 17:37:43,476 - INFO - IA: Raquette droite déplacée de 114 à 108
2025-05-03 17:37:43,492 - INFO - JOUEUR: Raquette gauche déplacée de 105 à 98
2025-05-03 17:37:43,492 - INFO - IA: Raquette droite déplacée de 108 à 102
2025-05-03 17:37:43,508 - INFO - JOUEUR: Raquette gauche déplacée de 98 à 91
2025-05-03 17:37:43,509 - INFO - IA: Raquette droite déplacée de 102 à 96
2025-05-03 17:37:43,524 - INFO - JOUEUR: Raquette gauche déplacée de 91 à 84
2025-05-03 17:37:43,525 - INFO - IA: Raquette droite déplacée de 96 à 90
2025-05-03 17:37:43,540 - INFO - JOUEUR: Raquette gauche déplacée de 84 à 77
2025-05-03 17:37:43,541 - INFO - IA: Raquette droite déplacée de 90 à 84
2025-05-03 17:37:43,557 - INFO - JOUEUR: Raquette gauche déplacée de 77 à 70
2025-05-03 17:37:43,557 - INFO - IA: Raquette droite déplacée de 84 à 78
2025-05-03 17:37:43,573 - INFO - JOUEUR: Raquette gauche déplacée de 70 à 63
2025-05-03 17:37:43,574 - INFO - IA: Raquette droite déplacée de 78 à 72
2025-05-03 17:37:43,589 - INFO - JOUEUR: Raquette gauche déplacée de 63 à 56
2025-05-03 17:37:43,590 - INFO - IA: Raquette droite déplacée de 72 à 66
2025-05-03 17:37:43,607 - INFO - JOUEUR: Raquette gauche déplacée de 56 à 49
2025-05-03 17:37:43,607 - INFO - IA: Raquette droite déplacée de 66 à 60
2025-05-03 17:37:43,624 - INFO - JOUEUR: Raquette gauche déplacée de 49 à 42
2025-05-03 17:37:43,624 - INFO - IA: Raquette droite déplacée de 60 à 54
2025-05-03 17:37:43,639 - INFO - JOUEUR: Raquette gauche déplacée de 42 à 35
2025-05-03 17:37:43,640 - INFO - IA: Raquette droite déplacée de 54 à 48
2025-05-03 17:37:43,656 - INFO - JOUEUR: Raquette gauche déplacée de 35 à 28
2025-05-03 17:37:43,656 - INFO - IA: Raquette droite déplacée de 48 à 42
2025-05-03 17:37:43,672 - INFO - JOUEUR: Raquette gauche déplacée de 28 à 21
2025-05-03 17:37:43,672 - INFO - IA: Raquette droite déplacée de 42 à 36
2025-05-03 17:37:43,689 - INFO - JOUEUR: Raquette gauche déplacée de 21 à 14
2025-05-03 17:37:43,689 - INFO - IA: Raquette droite déplacée de 36 à 30
2025-05-03 17:37:43,689 - INFO - COLLISION: Balle a rebondi sur une raquette à la position (30, 53)
2025-05-03 17:37:43,707 - INFO - JOUEUR: Raquette gauche déplacée de 14 à 7
2025-05-03 17:37:43,707 - INFO - IA: Raquette droite déplacée de 30 à 24
2025-05-03 17:37:43,724 - INFO - JOUEUR: Raquette gauche déplacée de 7 à 0
2025-05-03 17:37:43,724 - INFO - IA: Raquette droite déplacée de 24 à 18
2025-05-03 17:37:43,740 - INFO - IA: Raquette droite déplacée de 18 à 24
2025-05-03 17:37:43,758 - INFO - IA: Raquette droite déplacée de 24 à 18
2025-05-03 17:37:43,774 - INFO - IA: Raquette droite déplacée de 18 à 12
2025-05-03 17:37:43,794 - INFO - INPUT: Joueur relâche les touches directionnelles
2025-05-03 17:37:43,794 - INFO - IA: Raquette droite déplacée de 12 à 6
2025-05-03 17:37:43,808 - INFO - IA: Raquette droite déplacée de 6 à 0
2025-05-03 17:37:43,877 - INFO - COLLISION: Balle a rebondi sur un mur à la position (107, -2)
2025-05-03 17:37:43,976 - INFO - IA: Raquette droite déplacée de 0 à 6
2025-05-03 17:37:43,993 - INFO - IA: Raquette droite déplacée de 6 à 0
2025-05-03 17:37:44,009 - INFO - IA: Raquette droite déplacée de 0 à 6
2025-05-03 17:37:44,025 - INFO - IA: Raquette droite déplacée de 6 à 12
2025-05-03 17:37:44,041 - INFO - IA: Raquette droite déplacée de 12 à 6
2025-05-03 17:37:44,058 - INFO - IA: Raquette droite déplacée de 6 à 12
2025-05-03 17:37:44,075 - INFO - IA: Raquette droite déplacée de 12 à 18
2025-05-03 17:37:44,092 - INFO - IA: Raquette droite déplacée de 18 à 24
2025-05-03 17:37:44,109 - INFO - IA: Raquette droite déplacée de 24 à 30
2025-05-03 17:37:44,126 - INFO - INPUT: Joueur appuie sur la touche BAS
2025-05-03 17:37:44,126 - INFO - JOUEUR: Raquette gauche déplacée de 0 à 7
2025-05-03 17:37:44,126 - INFO - IA: Raquette droite déplacée de 30 à 36
2025-05-03 17:37:44,144 - INFO - JOUEUR: Raquette gauche déplacée de 7 à 14
2025-05-03 17:37:44,144 - INFO - IA: Raquette droite déplacée de 36 à 30
2025-05-03 17:37:44,159 - INFO - JOUEUR: Raquette gauche déplacée de 14 à 21
2025-05-03 17:37:44,159 - INFO - IA: Raquette droite déplacée de 30 à 24
2025-05-03 17:37:44,176 - INFO - JOUEUR: Raquette gauche déplacée de 21 à 28
2025-05-03 17:37:44,194 - INFO - JOUEUR: Raquette gauche déplacée de 28 à 35
2025-05-03 17:37:44,194 - INFO - IA: Raquette droite déplacée de 24 à 30
2025-05-03 17:37:44,211 - INFO - JOUEUR: Raquette gauche déplacée de 35 à 42
2025-05-03 17:37:44,211 - INFO - IA: Raquette droite déplacée de 30 à 36
2025-05-03 17:37:44,227 - INFO - JOUEUR: Raquette gauche déplacée de 42 à 49
2025-05-03 17:37:44,227 - INFO - IA: Raquette droite déplacée de 36 à 42
2025-05-03 17:37:44,243 - INFO - JOUEUR: Raquette gauche déplacée de 49 à 56
2025-05-03 17:37:44,243 - INFO - IA: Raquette droite déplacée de 42 à 48
2025-05-03 17:37:44,260 - INFO - JOUEUR: Raquette gauche déplacée de 56 à 63
2025-05-03 17:37:44,260 - INFO - IA: Raquette droite déplacée de 48 à 54
2025-05-03 17:37:44,276 - INFO - JOUEUR: Raquette gauche déplacée de 63 à 70
2025-05-03 17:37:44,276 - INFO - IA: Raquette droite déplacée de 54 à 60
2025-05-03 17:37:44,292 - INFO - JOUEUR: Raquette gauche déplacée de 70 à 77
2025-05-03 17:37:44,292 - INFO - IA: Raquette droite déplacée de 60 à 66
2025-05-03 17:37:44,308 - INFO - JOUEUR: Raquette gauche déplacée de 77 à 84
2025-05-03 17:37:44,308 - INFO - IA: Raquette droite déplacée de 66 à 60
2025-05-03 17:37:44,325 - INFO - JOUEUR: Raquette gauche déplacée de 84 à 91
2025-05-03 17:37:44,325 - INFO - IA: Raquette droite déplacée de 60 à 66
2025-05-03 17:37:44,342 - INFO - JOUEUR: Raquette gauche déplacée de 91 à 98
2025-05-03 17:37:44,342 - INFO - IA: Raquette droite déplacée de 66 à 72
2025-05-03 17:37:44,358 - INFO - JOUEUR: Raquette gauche déplacée de 98 à 105
2025-05-03 17:37:44,358 - INFO - IA: Raquette droite déplacée de 72 à 78
2025-05-03 17:37:44,374 - INFO - JOUEUR: Raquette gauche déplacée de 105 à 112
2025-05-03 17:37:44,374 - INFO - IA: Raquette droite déplacée de 78 à 84
2025-05-03 17:37:44,392 - INFO - JOUEUR: Raquette gauche déplacée de 112 à 119
2025-05-03 17:37:44,392 - INFO - IA: Raquette droite déplacée de 84 à 90
2025-05-03 17:37:44,408 - INFO - JOUEUR: Raquette gauche déplacée de 119 à 126
2025-05-03 17:37:44,408 - INFO - IA: Raquette droite déplacée de 90 à 96
2025-05-03 17:37:44,424 - INFO - JOUEUR: Raquette gauche déplacée de 126 à 133
2025-05-03 17:37:44,424 - INFO - IA: Raquette droite déplacée de 96 à 102
2025-05-03 17:37:44,440 - INFO - JOUEUR: Raquette gauche déplacée de 133 à 140
2025-05-03 17:37:44,440 - INFO - IA: Raquette droite déplacée de 102 à 108
2025-05-03 17:37:44,457 - INFO - JOUEUR: Raquette gauche déplacée de 140 à 147
2025-05-03 17:37:44,457 - INFO - IA: Raquette droite déplacée de 108 à 114
2025-05-03 17:37:44,475 - INFO - JOUEUR: Raquette gauche déplacée de 147 à 154
2025-05-03 17:37:44,475 - INFO - IA: Raquette droite déplacée de 114 à 108
2025-05-03 17:37:44,491 - INFO - JOUEUR: Raquette gauche déplacée de 154 à 161
2025-05-03 17:37:44,491 - INFO - IA: Raquette droite déplacée de 108 à 114
2025-05-03 17:37:44,508 - INFO - JOUEUR: Raquette gauche déplacée de 161 à 168
2025-05-03 17:37:44,508 - INFO - IA: Raquette droite déplacée de 114 à 120
2025-05-03 17:37:44,525 - INFO - JOUEUR: Raquette gauche déplacée de 168 à 175
2025-05-03 17:37:44,525 - INFO - IA: Raquette droite déplacée de 120 à 126
2025-05-03 17:37:44,541 - INFO - JOUEUR: Raquette gauche déplacée de 175 à 182
2025-05-03 17:37:44,541 - INFO - IA: Raquette droite déplacée de 126 à 132
2025-05-03 17:37:44,559 - INFO - JOUEUR: Raquette gauche déplacée de 182 à 189
2025-05-03 17:37:44,559 - INFO - IA: Raquette droite déplacée de 132 à 138
2025-05-03 17:37:44,576 - INFO - JOUEUR: Raquette gauche déplacée de 189 à 196
2025-05-03 17:37:44,576 - INFO - IA: Raquette droite déplacée de 138 à 144
2025-05-03 17:37:44,592 - INFO - JOUEUR: Raquette gauche déplacée de 196 à 203
2025-05-03 17:37:44,592 - INFO - IA: Raquette droite déplacée de 144 à 150
2025-05-03 17:37:44,610 - INFO - JOUEUR: Raquette gauche déplacée de 203 à 210
2025-05-03 17:37:44,610 - INFO - IA: Raquette droite déplacée de 150 à 156
2025-05-03 17:37:44,626 - INFO - JOUEUR: Raquette gauche déplacée de 210 à 217
2025-05-03 17:37:44,626 - INFO - IA: Raquette droite déplacée de 156 à 162
2025-05-03 17:37:44,642 - INFO - JOUEUR: Raquette gauche déplacée de 217 à 224
2025-05-03 17:37:44,642 - INFO - IA: Raquette droite déplacée de 162 à 168
2025-05-03 17:37:44,659 - INFO - JOUEUR: Raquette gauche déplacée de 224 à 231
2025-05-03 17:37:44,659 - INFO - IA: Raquette droite déplacée de 168 à 174
2025-05-03 17:37:44,676 - INFO - JOUEUR: Raquette gauche déplacée de 231 à 238
2025-05-03 17:37:44,676 - INFO - IA: Raquette droite déplacée de 174 à 180
2025-05-03 17:37:44,692 - INFO - JOUEUR: Raquette gauche déplacée de 238 à 245
2025-05-03 17:37:44,692 - INFO - IA: Raquette droite déplacée de 180 à 186
2025-05-03 17:37:44,708 - INFO - JOUEUR: Raquette gauche déplacée de 245 à 252
2025-05-03 17:37:44,708 - INFO - IA: Raquette droite déplacée de 186 à 192
2025-05-03 17:37:44,726 - INFO - JOUEUR: Raquette gauche déplacée de 252 à 259
2025-05-03 17:37:44,726 - INFO - IA: Raquette droite déplacée de 192 à 198
2025-05-03 17:37:44,742 - INFO - JOUEUR: Raquette gauche déplacée de 259 à 266
2025-05-03 17:37:44,742 - INFO - IA: Raquette droite déplacée de 198 à 204
2025-05-03 17:37:44,758 - INFO - JOUEUR: Raquette gauche déplacée de 266 à 273
2025-05-03 17:37:44,759 - INFO - IA: Raquette droite déplacée de 204 à 210
2025-05-03 17:37:44,774 - INFO - JOUEUR: Raquette gauche déplacée de 273 à 280
2025-05-03 17:37:44,774 - INFO - IA: Raquette droite déplacée de 210 à 216
2025-05-03 17:37:44,792 - INFO - JOUEUR: Raquette gauche déplacée de 280 à 287
2025-05-03 17:37:44,792 - INFO - IA: Raquette droite déplacée de 216 à 222
2025-05-03 17:37:44,809 - INFO - JOUEUR: Raquette gauche déplacée de 287 à 294
2025-05-03 17:37:44,809 - INFO - IA: Raquette droite déplacée de 222 à 228
2025-05-03 17:37:44,826 - INFO - JOUEUR: Raquette gauche déplacée de 294 à 301
2025-05-03 17:37:44,826 - INFO - IA: Raquette droite déplacée de 228 à 234
2025-05-03 17:37:44,843 - INFO - JOUEUR: Raquette gauche déplacée de 301 à 308
2025-05-03 17:37:44,843 - INFO - IA: Raquette droite déplacée de 234 à 240
2025-05-03 17:37:44,859 - INFO - JOUEUR: Raquette gauche déplacée de 308 à 315
2025-05-03 17:37:44,876 - INFO - JOUEUR: Raquette gauche déplacée de 315 à 322
2025-05-03 17:37:44,876 - INFO - IA: Raquette droite déplacée de 240 à 246
2025-05-03 17:37:44,892 - INFO - JOUEUR: Raquette gauche déplacée de 322 à 329
2025-05-03 17:37:44,892 - INFO - IA: Raquette droite déplacée de 246 à 252
2025-05-03 17:37:44,909 - INFO - JOUEUR: Raquette gauche déplacée de 329 à 336
2025-05-03 17:37:44,909 - INFO - IA: Raquette droite déplacée de 252 à 258
2025-05-03 17:37:44,926 - INFO - JOUEUR: Raquette gauche déplacée de 336 à 343
2025-05-03 17:37:44,926 - INFO - IA: Raquette droite déplacée de 258 à 264
2025-05-03 17:37:44,942 - INFO - JOUEUR: Raquette gauche déplacée de 343 à 350
2025-05-03 17:37:44,942 - INFO - IA: Raquette droite déplacée de 264 à 258
2025-05-03 17:37:44,943 - INFO - COLLISION: Balle a rebondi sur une raquette à la position (555, 318)
2025-05-03 17:37:44,959 - INFO - JOUEUR: Raquette gauche déplacée de 350 à 357
2025-05-03 17:37:44,959 - INFO - IA: Raquette droite déplacée de 258 à 264
2025-05-03 17:37:44,976 - INFO - JOUEUR: Raquette gauche déplacée de 357 à 364
2025-05-03 17:37:44,976 - INFO - IA: Raquette droite déplacée de 264 à 270
2025-05-03 17:37:44,992 - INFO - JOUEUR: Raquette gauche déplacée de 364 à 371
2025-05-03 17:37:44,992 - INFO - IA: Raquette droite déplacée de 270 à 276
2025-05-03 17:37:45,008 - INFO - JOUEUR: Raquette gauche déplacée de 371 à 378
2025-05-03 17:37:45,009 - INFO - IA: Raquette droite déplacée de 276 à 282
2025-05-03 17:37:45,025 - INFO - JOUEUR: Raquette gauche déplacée de 378 à 385
2025-05-03 17:37:45,026 - INFO - IA: Raquette droite déplacée de 282 à 288
2025-05-03 17:37:45,041 - INFO - INPUT: Joueur relâche les touches directionnelles
2025-05-03 17:37:45,041 - INFO - IA: Raquette droite déplacée de 288 à 294
2025-05-03 17:37:45,057 - INFO - IA: Raquette droite déplacée de 294 à 288
2025-05-03 17:37:45,074 - INFO - IA: Raquette droite déplacée de 288 à 282
2025-05-03 17:37:45,091 - INFO - IA: Raquette droite déplacée de 282 à 288
2025-05-03 17:37:45,107 - INFO - IA: Raquette droite déplacée de 288 à 294
2025-05-03 17:37:45,124 - INFO - IA: Raquette droite déplacée de 294 à 300
2025-05-03 17:37:45,141 - INFO - IA: Raquette droite déplacée de 300 à 306
2025-05-03 17:37:45,157 - INFO - IA: Raquette droite déplacée de 306 à 312
2025-05-03 17:37:45,174 - INFO - IA: Raquette droite déplacée de 312 à 318
2025-05-03 17:37:45,191 - INFO - IA: Raquette droite déplacée de 318 à 324
2025-05-03 17:37:45,208 - INFO - IA: Raquette droite déplacée de 324 à 330
2025-05-03 17:37:45,224 - INFO - IA: Raquette droite déplacée de 330 à 336
2025-05-03 17:37:45,240 - INFO - IA: Raquette droite déplacée de 336 à 342
2025-05-03 17:37:45,257 - INFO - IA: Raquette droite déplacée de 342 à 348
2025-05-03 17:37:45,275 - INFO - IA: Raquette droite déplacée de 348 à 354
2025-05-03 17:37:45,291 - INFO - IA: Raquette droite déplacée de 354 à 360
2025-05-03 17:37:45,308 - INFO - IA: Raquette droite déplacée de 360 à 366
2025-05-03 17:37:45,325 - INFO - IA: Raquette droite déplacée de 366 à 372
2025-05-03 17:37:45,341 - INFO - IA: Raquette droite déplacée de 372 à 378
2025-05-03 17:37:45,358 - INFO - IA: Raquette droite déplacée de 378 à 384
2025-05-03 17:37:45,375 - INFO - IA: Raquette droite déplacée de 384 à 390
2025-05-03 17:37:45,443 - INFO - COLLISION: Balle a rebondi sur un mur à la position (315, 468)
2025-05-03 17:37:45,525 - INFO - IA: Raquette droite déplacée de 390 à 384
2025-05-03 17:37:45,542 - INFO - IA: Raquette droite déplacée de 384 à 390
2025-05-03 17:37:45,641 - INFO - INPUT: Joueur appuie sur la touche HAUT
2025-05-03 17:37:45,641 - INFO - JOUEUR: Raquette gauche déplacée de 385 à 378
2025-05-03 17:37:45,641 - INFO - IA: Raquette droite déplacée de 390 à 384
2025-05-03 17:37:45,658 - INFO - JOUEUR: Raquette gauche déplacée de 378 à 371
2025-05-03 17:37:45,674 - INFO - JOUEUR: Raquette gauche déplacée de 371 à 364
2025-05-03 17:37:45,674 - INFO - IA: Raquette droite déplacée de 384 à 378
2025-05-03 17:37:45,690 - INFO - JOUEUR: Raquette gauche déplacée de 364 à 357
2025-05-03 17:37:45,690 - INFO - IA: Raquette droite déplacée de 378 à 372
2025-05-03 17:37:45,706 - INFO - JOUEUR: Raquette gauche déplacée de 357 à 350
2025-05-03 17:37:45,706 - INFO - IA: Raquette droite déplacée de 372 à 366
2025-05-03 17:37:45,722 - INFO - JOUEUR: Raquette gauche déplacée de 350 à 343
2025-05-03 17:37:45,722 - INFO - IA: Raquette droite déplacée de 366 à 360
2025-05-03 17:37:45,738 - INFO - JOUEUR: Raquette gauche déplacée de 343 à 336
2025-05-03 17:37:45,738 - INFO - IA: Raquette droite déplacée de 360 à 366
2025-05-03 17:37:45,754 - INFO - JOUEUR: Raquette gauche déplacée de 336 à 329
2025-05-03 17:37:45,754 - INFO - IA: Raquette droite déplacée de 366 à 360
2025-05-03 17:37:45,771 - INFO - INPUT: Joueur relâche les touches directionnelles
2025-05-03 17:37:45,771 - INFO - IA: Raquette droite déplacée de 360 à 354
2025-05-03 17:37:45,788 - INFO - IA: Raquette droite déplacée de 354 à 348
2025-05-03 17:37:45,804 - INFO - IA: Raquette droite déplacée de 348 à 342
2025-05-03 17:37:45,821 - INFO - INPUT: Joueur appuie sur la touche HAUT
2025-05-03 17:37:45,821 - INFO - JOUEUR: Raquette gauche déplacée de 329 à 322
2025-05-03 17:37:45,822 - INFO - IA: Raquette droite déplacée de 342 à 336
2025-05-03 17:37:45,837 - INFO - JOUEUR: Raquette gauche déplacée de 322 à 315
2025-05-03 17:37:45,837 - INFO - IA: Raquette droite déplacée de 336 à 330
2025-05-03 17:37:45,853 - INFO - JOUEUR: Raquette gauche déplacée de 315 à 308
2025-05-03 17:37:45,853 - INFO - IA: Raquette droite déplacée de 330 à 324
2025-05-03 17:37:45,870 - INFO - JOUEUR: Raquette gauche déplacée de 308 à 301
2025-05-03 17:37:45,870 - INFO - IA: Raquette droite déplacée de 324 à 318
2025-05-03 17:37:45,886 - INFO - JOUEUR: Raquette gauche déplacée de 301 à 294
2025-05-03 17:37:45,887 - INFO - IA: Raquette droite déplacée de 318 à 312
2025-05-03 17:37:45,904 - INFO - JOUEUR: Raquette gauche déplacée de 294 à 287
2025-05-03 17:37:45,904 - INFO - IA: Raquette droite déplacée de 312 à 318
2025-05-03 17:37:45,920 - INFO - JOUEUR: Raquette gauche déplacée de 287 à 280
2025-05-03 17:37:45,920 - INFO - IA: Raquette droite déplacée de 318 à 312
2025-05-03 17:37:45,936 - INFO - JOUEUR: Raquette gauche déplacée de 280 à 273
2025-05-03 17:37:45,936 - INFO - IA: Raquette droite déplacée de 312 à 306
2025-05-03 17:37:45,952 - INFO - JOUEUR: Raquette gauche déplacée de 273 à 266
2025-05-03 17:37:45,953 - INFO - IA: Raquette droite déplacée de 306 à 300
2025-05-03 17:37:45,969 - INFO - JOUEUR: Raquette gauche déplacée de 266 à 259
2025-05-03 17:37:45,969 - INFO - IA: Raquette droite déplacée de 300 à 294
2025-05-03 17:37:45,985 - INFO - JOUEUR: Raquette gauche déplacée de 259 à 252
2025-05-03 17:37:45,985 - INFO - IA: Raquette droite déplacée de 294 à 288
2025-05-03 17:37:46,001 - INFO - INPUT: Joueur relâche les touches directionnelles
2025-05-03 17:37:46,002 - INFO - IA: Raquette droite déplacée de 288 à 282
2025-05-03 17:37:46,017 - INFO - IA: Raquette droite déplacée de 282 à 276
2025-05-03 17:37:46,034 - INFO - IA: Raquette droite déplacée de 276 à 270
2025-05-03 17:37:46,034 - INFO - COLLISION: Balle a rebondi sur une raquette à la position (27, 288)
2025-05-03 17:37:46,050 - INFO - IA: Raquette droite déplacée de 270 à 264
2025-05-03 17:37:46,066 - INFO - IA: Raquette droite déplacée de 264 à 258
2025-05-03 17:37:46,083 - INFO - IA: Raquette droite déplacée de 258 à 264
2025-05-03 17:37:46,099 - INFO - IA: Raquette droite déplacée de 264 à 258
2025-05-03 17:37:46,117 - INFO - IA: Raquette droite déplacée de 258 à 252
2025-05-03 17:37:46,133 - INFO - IA: Raquette droite déplacée de 252 à 246
2025-05-03 17:37:46,150 - INFO - IA: Raquette droite déplacée de 246 à 240
2025-05-03 17:37:46,167 - INFO - INPUT: Joueur appuie sur la touche HAUT
2025-05-03 17:37:46,167 - INFO - JOUEUR: Raquette gauche déplacée de 252 à 245
2025-05-03 17:37:46,184 - INFO - JOUEUR: Raquette gauche déplacée de 245 à 238
2025-05-03 17:37:46,187 - INFO - IA: Raquette droite déplacée de 240 à 234
2025-05-03 17:37:46,201 - INFO - JOUEUR: Raquette gauche déplacée de 238 à 231
2025-05-03 17:37:46,201 - INFO - IA: Raquette droite déplacée de 234 à 228
2025-05-03 17:37:46,218 - INFO - JOUEUR: Raquette gauche déplacée de 231 à 224
2025-05-03 17:37:46,218 - INFO - IA: Raquette droite déplacée de 228 à 222
2025-05-03 17:37:46,234 - INFO - JOUEUR: Raquette gauche déplacée de 224 à 217
2025-05-03 17:37:46,235 - INFO - IA: Raquette droite déplacée de 222 à 216
2025-05-03 17:37:46,251 - INFO - JOUEUR: Raquette gauche déplacée de 217 à 210
2025-05-03 17:37:46,251 - INFO - IA: Raquette droite déplacée de 216 à 210
2025-05-03 17:37:46,269 - INFO - JOUEUR: Raquette gauche déplacée de 210 à 203
2025-05-03 17:37:46,269 - INFO - IA: Raquette droite déplacée de 210 à 204
2025-05-03 17:37:46,285 - INFO - JOUEUR: Raquette gauche déplacée de 203 à 196
2025-05-03 17:37:46,303 - INFO - JOUEUR: Raquette gauche déplacée de 196 à 189
2025-05-03 17:37:46,303 - INFO - IA: Raquette droite déplacée de 204 à 198
2025-05-03 17:37:46,319 - INFO - JOUEUR: Raquette gauche déplacée de 189 à 182
2025-05-03 17:37:46,319 - INFO - IA: Raquette droite déplacée de 198 à 192
2025-05-03 17:37:46,337 - INFO - JOUEUR: Raquette gauche déplacée de 182 à 175
2025-05-03 17:37:46,337 - INFO - IA: Raquette droite déplacée de 192 à 186
2025-05-03 17:37:46,353 - INFO - JOUEUR: Raquette gauche déplacée de 175 à 168
2025-05-03 17:37:46,353 - INFO - IA: Raquette droite déplacée de 186 à 180
2025-05-03 17:37:46,369 - INFO - JOUEUR: Raquette gauche déplacée de 168 à 161
2025-05-03 17:37:46,369 - INFO - IA: Raquette droite déplacée de 180 à 174
2025-05-03 17:37:46,385 - INFO - JOUEUR: Raquette gauche déplacée de 161 à 154
2025-05-03 17:37:46,385 - INFO - IA: Raquette droite déplacée de 174 à 168
2025-05-03 17:37:46,401 - INFO - JOUEUR: Raquette gauche déplacée de 154 à 147
2025-05-03 17:37:46,402 - INFO - IA: Raquette droite déplacée de 168 à 162
2025-05-03 17:37:46,419 - INFO - JOUEUR: Raquette gauche déplacée de 147 à 140
2025-05-03 17:37:46,419 - INFO - IA: Raquette droite déplacée de 162 à 156
2025-05-03 17:37:46,435 - INFO - JOUEUR: Raquette gauche déplacée de 140 à 133
2025-05-03 17:37:46,436 - INFO - IA: Raquette droite déplacée de 156 à 150
2025-05-03 17:37:46,452 - INFO - JOUEUR: Raquette gauche déplacée de 133 à 126
2025-05-03 17:37:46,453 - INFO - IA: Raquette droite déplacée de 150 à 144
2025-05-03 17:37:46,468 - INFO - JOUEUR: Raquette gauche déplacée de 126 à 119
2025-05-03 17:37:46,468 - INFO - IA: Raquette droite déplacée de 144 à 138
2025-05-03 17:37:46,485 - INFO - JOUEUR: Raquette gauche déplacée de 119 à 112
2025-05-03 17:37:46,485 - INFO - IA: Raquette droite déplacée de 138 à 132
2025-05-03 17:37:46,502 - INFO - JOUEUR: Raquette gauche déplacée de 112 à 105
2025-05-03 17:37:46,502 - INFO - IA: Raquette droite déplacée de 132 à 126
2025-05-03 17:37:46,520 - INFO - JOUEUR: Raquette gauche déplacée de 105 à 98
2025-05-03 17:37:46,521 - INFO - IA: Raquette droite déplacée de 126 à 120
2025-05-03 17:37:46,536 - INFO - JOUEUR: Raquette gauche déplacée de 98 à 91
2025-05-03 17:37:46,536 - INFO - IA: Raquette droite déplacée de 120 à 114
2025-05-03 17:37:46,554 - INFO - JOUEUR: Raquette gauche déplacée de 91 à 84
2025-05-03 17:37:46,554 - INFO - IA: Raquette droite déplacée de 114 à 108
2025-05-03 17:37:46,571 - INFO - JOUEUR: Raquette gauche déplacée de 84 à 77
2025-05-03 17:37:46,571 - INFO - IA: Raquette droite déplacée de 108 à 102
2025-05-03 17:37:46,587 - INFO - JOUEUR: Raquette gauche déplacée de 77 à 70
2025-05-03 17:37:46,587 - INFO - IA: Raquette droite déplacée de 102 à 96
2025-05-03 17:37:46,603 - INFO - JOUEUR: Raquette gauche déplacée de 70 à 63
2025-05-03 17:37:46,603 - INFO - IA: Raquette droite déplacée de 96 à 102
2025-05-03 17:37:46,621 - INFO - JOUEUR: Raquette gauche déplacée de 63 à 56
2025-05-03 17:37:46,621 - INFO - IA: Raquette droite déplacée de 102 à 96
2025-05-03 17:37:46,637 - INFO - JOUEUR: Raquette gauche déplacée de 56 à 49
2025-05-03 17:37:46,637 - INFO - IA: Raquette droite déplacée de 96 à 90
2025-05-03 17:37:46,654 - INFO - INPUT: Joueur relâche les touches directionnelles
2025-05-03 17:37:46,654 - INFO - IA: Raquette droite déplacée de 90 à 84
2025-05-03 17:37:46,670 - INFO - IA: Raquette droite déplacée de 84 à 78
2025-05-03 17:37:46,686 - INFO - IA: Raquette droite déplacée de 78 à 72
2025-05-03 17:37:46,701 - INFO - IA: Raquette droite déplacée de 72 à 66
2025-05-03 17:37:46,718 - INFO - IA: Raquette droite déplacée de 66 à 60
2025-05-03 17:37:46,734 - INFO - IA: Raquette droite déplacée de 60 à 54
2025-05-03 17:37:46,766 - INFO - IA: Raquette droite déplacée de 54 à 48
2025-05-03 17:37:46,782 - INFO - IA: Raquette droite déplacée de 48 à 42
2025-05-03 17:37:46,799 - INFO - IA: Raquette droite déplacée de 42 à 36
2025-05-03 17:37:46,816 - INFO - IA: Raquette droite déplacée de 36 à 30
2025-05-03 17:37:46,849 - INFO - IA: Raquette droite déplacée de 30 à 24
2025-05-03 17:37:46,865 - INFO - IA: Raquette droite déplacée de 24 à 18
2025-05-03 17:37:46,882 - INFO - IA: Raquette droite déplacée de 18 à 24
2025-05-03 17:37:46,900 - INFO - IA: Raquette droite déplacée de 24 à 18
2025-05-03 17:37:46,916 - INFO - IA: Raquette droite déplacée de 18 à 12
2025-05-03 17:37:46,932 - INFO - IA: Raquette droite déplacée de 12 à 6
2025-05-03 17:37:46,948 - INFO - IA: Raquette droite déplacée de 6 à 0
2025-05-03 17:37:46,999 - INFO - COLLISION: Balle a rebondi sur un mur à la position (549, -2)
2025-05-03 17:37:47,017 - INFO - COLLISION: Balle a rebondi sur une raquette à la position (558, 3)
2025-05-03 17:37:47,068 - INFO - PAUSE: Jeu mis en pause
2025-05-03 17:37:48,498 - INFO - PAUSE: Jeu quitté (via bouton)
